Archive member included to satisfy reference by file (symbol)

c:/intelfpga_lite/17.1/nios2eds/bin/gnu/h-x86_64-mingw32/bin/../lib/gcc/nios2-elf/5.3.0/../../../../../H-x86_64-mingw32/nios2-elf/lib\libc.a(lib_a-printf.o)
                              obj/default/prueba.o (printf)
c:/intelfpga_lite/17.1/nios2eds/bin/gnu/h-x86_64-mingw32/bin/../lib/gcc/nios2-elf/5.3.0/../../../../../H-x86_64-mingw32/nios2-elf/lib\libc.a(lib_a-puts.o)
                              obj/default/prueba.o (puts)
c:/intelfpga_lite/17.1/nios2eds/bin/gnu/h-x86_64-mingw32/bin/../lib/gcc/nios2-elf/5.3.0/../../../../../H-x86_64-mingw32/nios2-elf/lib\libc.a(lib_a-strlen.o)
                              c:/intelfpga_lite/17.1/nios2eds/bin/gnu/h-x86_64-mingw32/bin/../lib/gcc/nios2-elf/5.3.0/../../../../../H-x86_64-mingw32/nios2-elf/lib\libc.a(lib_a-puts.o) (strlen)
c:/intelfpga_lite/17.1/nios2eds/bin/gnu/h-x86_64-mingw32/bin/../lib/gcc/nios2-elf/5.3.0/../../../../../H-x86_64-mingw32/nios2-elf/lib\libc.a(lib_a-vfprintf.o)
                              c:/intelfpga_lite/17.1/nios2eds/bin/gnu/h-x86_64-mingw32/bin/../lib/gcc/nios2-elf/5.3.0/../../../../../H-x86_64-mingw32/nios2-elf/lib\libc.a(lib_a-printf.o) (___vfprintf_internal_r)
c:/intelfpga_lite/17.1/nios2eds/bin/gnu/h-x86_64-mingw32/bin/../lib/gcc/nios2-elf/5.3.0/../../../../../H-x86_64-mingw32/nios2-elf/lib\libc.a(lib_a-wsetup.o)
                              c:/intelfpga_lite/17.1/nios2eds/bin/gnu/h-x86_64-mingw32/bin/../lib/gcc/nios2-elf/5.3.0/../../../../../H-x86_64-mingw32/nios2-elf/lib\libc.a(lib_a-vfprintf.o) (__swsetup_r)
c:/intelfpga_lite/17.1/nios2eds/bin/gnu/h-x86_64-mingw32/bin/../lib/gcc/nios2-elf/5.3.0/../../../../../H-x86_64-mingw32/nios2-elf/lib\libc.a(lib_a-dtoa.o)
                              c:/intelfpga_lite/17.1/nios2eds/bin/gnu/h-x86_64-mingw32/bin/../lib/gcc/nios2-elf/5.3.0/../../../../../H-x86_64-mingw32/nios2-elf/lib\libc.a(lib_a-vfprintf.o) (_dtoa_r)
c:/intelfpga_lite/17.1/nios2eds/bin/gnu/h-x86_64-mingw32/bin/../lib/gcc/nios2-elf/5.3.0/../../../../../H-x86_64-mingw32/nios2-elf/lib\libc.a(lib_a-fflush.o)
                              c:/intelfpga_lite/17.1/nios2eds/bin/gnu/h-x86_64-mingw32/bin/../lib/gcc/nios2-elf/5.3.0/../../../../../H-x86_64-mingw32/nios2-elf/lib\libc.a(lib_a-vfprintf.o) (_fflush_r)
c:/intelfpga_lite/17.1/nios2eds/bin/gnu/h-x86_64-mingw32/bin/../lib/gcc/nios2-elf/5.3.0/../../../../../H-x86_64-mingw32/nios2-elf/lib\libc.a(lib_a-findfp.o)
                              c:/intelfpga_lite/17.1/nios2eds/bin/gnu/h-x86_64-mingw32/bin/../lib/gcc/nios2-elf/5.3.0/../../../../../H-x86_64-mingw32/nios2-elf/lib\libc.a(lib_a-puts.o) (__sinit)
c:/intelfpga_lite/17.1/nios2eds/bin/gnu/h-x86_64-mingw32/bin/../lib/gcc/nios2-elf/5.3.0/../../../../../H-x86_64-mingw32/nios2-elf/lib\libc.a(lib_a-freer.o)
                              c:/intelfpga_lite/17.1/nios2eds/bin/gnu/h-x86_64-mingw32/bin/../lib/gcc/nios2-elf/5.3.0/../../../../../H-x86_64-mingw32/nios2-elf/lib\libc.a(lib_a-wsetup.o) (_free_r)
c:/intelfpga_lite/17.1/nios2eds/bin/gnu/h-x86_64-mingw32/bin/../lib/gcc/nios2-elf/5.3.0/../../../../../H-x86_64-mingw32/nios2-elf/lib\libc.a(lib_a-fvwrite.o)
                              c:/intelfpga_lite/17.1/nios2eds/bin/gnu/h-x86_64-mingw32/bin/../lib/gcc/nios2-elf/5.3.0/../../../../../H-x86_64-mingw32/nios2-elf/lib\libc.a(lib_a-puts.o) (__sfvwrite_r)
c:/intelfpga_lite/17.1/nios2eds/bin/gnu/h-x86_64-mingw32/bin/../lib/gcc/nios2-elf/5.3.0/../../../../../H-x86_64-mingw32/nios2-elf/lib\libc.a(lib_a-fwalk.o)
                              c:/intelfpga_lite/17.1/nios2eds/bin/gnu/h-x86_64-mingw32/bin/../lib/gcc/nios2-elf/5.3.0/../../../../../H-x86_64-mingw32/nios2-elf/lib\libc.a(lib_a-findfp.o) (_fwalk)
c:/intelfpga_lite/17.1/nios2eds/bin/gnu/h-x86_64-mingw32/bin/../lib/gcc/nios2-elf/5.3.0/../../../../../H-x86_64-mingw32/nios2-elf/lib\libc.a(lib_a-impure.o)
                              c:/intelfpga_lite/17.1/nios2eds/bin/gnu/h-x86_64-mingw32/bin/../lib/gcc/nios2-elf/5.3.0/../../../../../H-x86_64-mingw32/nios2-elf/lib\libc.a(lib_a-fflush.o) (_global_impure_ptr)
c:/intelfpga_lite/17.1/nios2eds/bin/gnu/h-x86_64-mingw32/bin/../lib/gcc/nios2-elf/5.3.0/../../../../../H-x86_64-mingw32/nios2-elf/lib\libc.a(lib_a-locale.o)
                              c:/intelfpga_lite/17.1/nios2eds/bin/gnu/h-x86_64-mingw32/bin/../lib/gcc/nios2-elf/5.3.0/../../../../../H-x86_64-mingw32/nios2-elf/lib\libc.a(lib_a-vfprintf.o) (_localeconv_r)
c:/intelfpga_lite/17.1/nios2eds/bin/gnu/h-x86_64-mingw32/bin/../lib/gcc/nios2-elf/5.3.0/../../../../../H-x86_64-mingw32/nios2-elf/lib\libc.a(lib_a-makebuf.o)
                              c:/intelfpga_lite/17.1/nios2eds/bin/gnu/h-x86_64-mingw32/bin/../lib/gcc/nios2-elf/5.3.0/../../../../../H-x86_64-mingw32/nios2-elf/lib\libc.a(lib_a-wsetup.o) (__smakebuf_r)
c:/intelfpga_lite/17.1/nios2eds/bin/gnu/h-x86_64-mingw32/bin/../lib/gcc/nios2-elf/5.3.0/../../../../../H-x86_64-mingw32/nios2-elf/lib\libc.a(lib_a-mallocr.o)
[...]
Memory Configuration

Name             Origin             Length             Attributes
reset            0x0000000008000000 0x0000000000000020
sdram            0x0000000008000020 0x0000000007ffffe0
onchip_memory    0x0000000010008000 0x0000000000008000
*default*        0x0000000000000000 0xffffffffffffffff

Linker script and memory map

LOAD ../USB_function_bsp//obj/HAL/src/crt0.o
LOAD obj/default/prueba.o
LOAD c:/intelfpga_lite/17.1/nios2eds/bin/gnu/h-x86_64-mingw32/bin/../lib/gcc/nios2-elf/5.3.0/../../../../../H-x86_64-mingw32/nios2-elf/lib\libstdc++.a
LOAD c:/intelfpga_lite/17.1/nios2eds/bin/gnu/h-x86_64-mingw32/bin/../lib/gcc/nios2-elf/5.3.0/../../../../../H-x86_64-mingw32/nios2-elf/lib\libm.a
LOAD c:/intelfpga_lite/17.1/nios2eds/bin/gnu/h-x86_64-mingw32/bin/../lib/gcc/nios2-elf/5.3.0\libgcc.a
START GROUP
LOAD c:/intelfpga_lite/17.1/nios2eds/bin/gnu/h-x86_64-mingw32/bin/../lib/gcc/nios2-elf/5.3.0/../../../../../H-x86_64-mingw32/nios2-elf/lib\libc.a
LOAD c:/intelfpga_lite/17.1/nios2eds/bin/gnu/h-x86_64-mingw32/bin/../lib/gcc/nios2-elf/5.3.0\libgcc.a
LOAD ../USB_function_bsp/\libhal_bsp.a
LOAD c:/intelfpga_lite/17.1/nios2eds/bin/gnu/h-x86_64-mingw32/bin/../lib/gcc/nios2-elf/5.3.0/../../../../../H-x86_64-mingw32/nios2-elf/lib\libm.a
END GROUP
LOAD c:/intelfpga_lite/17.1/nios2eds/bin/gnu/h-x86_64-mingw32/bin/../lib/gcc/nios2-elf/5.3.0\libgcc.a
                0x0000000008000000                __alt_mem_sdram = 0x8000000
                0x0000000010008000                __alt_mem_onchip_memory = 0x10008000

.entry          0x0000000008000000       0x20
 *(.entry)
 .entry         0x0000000008000000       0x20 ../USB_function_bsp//obj/HAL/src/crt0.o
                0x0000000008000000                __reset

.exceptions     0x0000000008000020      0x228
                0x0000000008000020                PROVIDE (__ram_exceptions_start, ABSOLUTE (.))
                0x0000000008000020                . = ALIGN (0x20)
 *(.irq)
 *(.exceptions.entry.label)
 .exceptions.entry.label
                0x0000000008000020        0x0 ../USB_function_bsp/\libhal_bsp.a(alt_irq_entry.o)
                0x0000000008000020                alt_irq_entry
 .exceptions.entry.label
                0x0000000008000020        0x0 ../USB_function_bsp/\libhal_bsp.a(alt_exception_entry.o)
                0x0000000008000020                alt_exception
 *(.exceptions.entry.user)
 *(.exceptions.entry.ecc_fatal)
 *(.exceptions.entry)
 .exceptions.entry
                0x0000000008000020       0x54 ../USB_function_bsp/\libhal_bsp.a(alt_exception_entry.o)
 *(.exceptions.irqtest.user)
 *(.exceptions.irqtest)
 .exceptions.irqtest
                0x0000000008000074       0x10 ../USB_function_bsp/\libhal_bsp.a(alt_irq_entry.o)
 *(.exceptions.irqhandler.user)
 *(.exceptions.irqhandler)
 .exceptions.irqhandler
                0x0000000008000084        0x4 ../USB_function_bsp/\libhal_bsp.a(alt_irq_entry.o)
 *(.exceptions.irqreturn.user)
 *(.exceptions.irqreturn)
 .exceptions.irqreturn
                0x0000000008000088        0x4 ../USB_function_bsp/\libhal_bsp.a(alt_irq_entry.o)
 *(.exceptions.notirq.label)
 .exceptions.notirq.label
                0x000000000800008c        0x0 ../USB_function_bsp/\libhal_bsp.a(alt_irq_entry.o)
 *(.exceptions.notirq.user)
 *(.exceptions.notirq)
 .exceptions.notirq
                0x000000000800008c        0x8 ../USB_function_bsp/\libhal_bsp.a(alt_exception_entry.o)
 *(.exceptions.soft.user)
 *(.exceptions.soft)
 *(.exceptions.unknown.user)
 *(.exceptions.unknown)
 .exceptions.unknown
                0x0000000008000094       0x14 ../USB_function_bsp/\libhal_bsp.a(alt_exception_entry.o)
 *(.exceptions.exit.label)
 .exceptions.exit.label
                0x00000000080000a8        0x0 ../USB_function_bsp/\libhal_bsp.a(alt_irq_entry.o)
 .exceptions.exit.label
                0x00000000080000a8        0x0 ../USB_function_bsp/\libhal_bsp.a(alt_exception_entry.o)
 *(.exceptions.exit.user)
 *(.exceptions.exit)
 .exceptions.exit
                0x00000000080000a8       0x54 ../USB_function_bsp/\libhal_bsp.a(alt_exception_entry.o)
 *(.exceptions)
 .exceptions    0x00000000080000fc       0xd8 ../USB_function_bsp/\libhal_bsp.a(alt_irq_handler.o)
                0x00000000080000fc                alt_irq_handler
 .exceptions    0x00000000080001d4       0x74 ../USB_function_bsp/\libhal_bsp.a(alt_instruction_exception_entry.o)
                0x00000000080001d4                alt_instruction_exception_entry
                0x0000000008000248                PROVIDE (__ram_exceptions_end, ABSOLUTE (.))
                0x0000000008000020                PROVIDE (__flash_exceptions_start, LOADADDR (.exceptions))

.text           0x0000000008000248    0x11cc8
                [!provide]                        PROVIDE (stext, ABSOLUTE (.))
 *(.interp)
 *(.hash)
 *(.dynsym)
 *(.dynstr)
 *(.gnu.version)
 *(.gnu.version_d)
 *(.gnu.version_r)
 *(.rel.init)
 *(.rela.init)
 *(.rel.text .rel.text.* .rel.gnu.linkonce.t.*)
 *(.rela.text .rela.text.* .rela.gnu.linkonce.t.*)
 *(.rel.fini)
 *(.rela.fini)
 *(.rel.rodata .rel.rodata.* .rel.gnu.linkonce.r.*)
 *(.rela.rodata .rela.rodata.* .rela.gnu.linkonce.r.*)
 *(.rel.data .rel.data.* .rel.gnu.linkonce.d.*)
 *(.rela.data .rela.data.* .rela.gnu.linkonce.d.*)
 *(.rel.tdata .rel.tdata.* .rel.gnu.linkonce.td.*)
 *(.rela.tdata .rela.tdata.* .rela.gnu.linkonce.td.*)
 *(.rel.tbss .rel.tbss.* .rel.gnu.linkonce.tb.*)
 *(.rela.tbss .rela.tbss.* .rela.gnu.linkonce.tb.*)
 *(.rel.ctors)
 *(.rela.ctors)
 *(.rel.dtors)
 *(.rela.dtors)
 *(.rel.got)
 *(.rela.got)
 *(.rel.sdata .rel.sdata.* .rel.gnu.linkonce.s.*)
 *(.rela.sdata .rela.sdata.* .rela.gnu.linkonce.s.*)
 *(.rel.sbss .rel.sbss.* .rel.gnu.linkonce.sb.*)
 *(.rela.sbss .rela.sbss.* .rela.gnu.linkonce.sb.*)
 *(.rel.sdata2 .rel.sdata2.* .rel.gnu.linkonce.s2.*)
 *(.rela.sdata2 .rela.sdata2.* .rela.gnu.linkonce.s2.*)
 *(.rel.sbss2 .rel.sbss2.* .rel.gnu.linkonce.sb2.*)
 *(.rela.sbss2 .rela.sbss2.* .rela.gnu.linkonce.sb2.*)
 *(.rel.bss .rel.bss.* .rel.gnu.linkonce.b.*)
 *(.rela.bss .rela.bss.* .rela.gnu.linkonce.b.*)
 *(.rel.plt)
 *(.rela.plt)
 *(.rel.dyn)
 *(.init)
 *(.plt)
 *(.text .stub .text.* .gnu.linkonce.t.*)
 .text          0x0000000008000248       0x4c ../USB_function_bsp//obj/HAL/src/crt0.o
                0x0000000008000248                _start
 .text          0x0000000008000294      0x3b0 obj/default/prueba.o
                0x0000000008000294                main
                0x00000000080003a8                alt_up_usb_setup
 .text          0x0000000008000644        0x0 c:/intelfpga_lite/17.1/nios2eds/bin/gnu/h-x86_64-mingw32/bin/../lib/gcc/nios2-elf/5.3.0/../../../../../H-x86_64-mingw32/nios2-elf/lib\libc.a(lib_a-printf.o)
 .text._printf_r
                0x0000000008000644       0x30 c:/intelfpga_lite/17.1/nios2eds/bin/gnu/h-x86_64-mingw32/bin/../lib/gcc/nios2-elf/5.3.0/../../../../../H-x86_64-mingw32/nios2-elf/lib\libc.a(lib_a-printf.o)
                0x0000000008000644                _printf_r
 .text.printf   0x0000000008000674       0x3c c:/intelfpga_lite/17.1/nios2eds/bin/gnu/h-x86_64-mingw32/bin/../lib/gcc/nios2-elf/5.3.0/../../../../../H-x86_64-mingw32/nios2-elf/lib\libc.a(lib_a-printf.o)
                0x0000000008000674                printf
 .text          0x00000000080006b0        0x0 c:/intelfpga_lite/17.1/nios2eds/bin/gnu/h-x86_64-mingw32/bin/../lib/gcc/nios2-elf/5.3.0/../../../../../H-x86_64-mingw32/nios2-elf/lib\libc.a(lib_a-puts.o)
 .text._puts_r  0x00000000080006b0       0xc0 c:/intelfpga_lite/17.1/nios2eds/bin/gnu/h-x86_64-mingw32/bin/../lib/gcc/nios2-elf/5.3.0/../../../../../H-x86_64-mingw32/nios2-elf/lib\libc.a(lib_a-puts.o)
                0x00000000080006b0                _puts_r
 .text.puts     0x0000000008000770       0x14 c:/intelfpga_lite/17.1/nios2eds/bin/gnu/h-x86_64-mingw32/bin/../lib/gcc/nios2-elf/5.3.0/../../../../../H-x86_64-mingw32/nios2-elf/lib\libc.a(lib_a-puts.o)
                0x0000000008000770                puts
 .text          0x0000000008000784        0x0 c:/intelfpga_lite/17.1/nios2eds/bin/gnu/h-x86_64-mingw32/bin/../lib/gcc/nios2-elf/5.3.0/../../../../../H-x86_64-mingw32/nios2-elf/lib\libc.a(lib_a-strlen.o)
 .text.strlen   0x0000000008000784       0x98 c:/intelfpga_lite/17.1/nios2eds/bin/gnu/h-x86_64-mingw32/bin/../lib/gcc/nios2-elf/5.3.0/../../../../../H-x86_64-mingw32/nios2-elf/lib\libc.a(lib_a-strlen.o)
                0x0000000008000784                strlen
 .text          0x000000000800081c        0x0 c:/intelfpga_lite/17.1/nios2eds/bin/gnu/h-x86_64-mingw32/bin/../lib/gcc/nios2-elf/5.3.0/../../../../../H-x86_64-mingw32/nios2-elf/lib\libc.a(lib_a-vfprintf.o)
 .text.___vfprintf_internal_r
                0x000000000800081c     0x21f8 c:/intelfpga_lite/17.1/nios2eds/bin/gnu/h-x86_64-mingw32/bin/../lib/gcc/nios2-elf/5.3.0/../../../../../H-x86_64-mingw32/nios2-elf/lib\libc.a(lib_a-vfprintf.o)
                0x000000000800081c                ___vfprintf_internal_r
 .text.__vfprintf_internal
                0x0000000008002a14       0x1c c:/intelfpga_lite/17.1/nios2eds/bin/gnu/h-x86_64-mingw32/bin/../lib/gcc/nios2-elf/5.3.0/../../../../../H-x86_64-mingw32/nios2-elf/lib\libc.a(lib_a-vfprintf.o)
                0x0000000008002a14                __vfprintf_internal
 .text.__sbprintf
                0x0000000008002a30       0xbc c:/intelfpga_lite/17.1/nios2eds/bin/gnu/h-x86_64-mingw32/bin/../lib/gcc/nios2-elf/5.3.0/../../../../../H-x86_64-mingw32/nios2-elf/lib\libc.a(lib_a-vfprintf.o)
 .text          0x0000000008002aec        0x0 c:/intelfpga_lite/17.1/nios2eds/bin/gnu/h-x86_64-mingw32/bin/../lib/gcc/nios2-elf/5.3.0/../../../../../H-x86_64-mingw32/nios2-elf/lib\libc.a(lib_a-wsetup.o)
 .text.__swsetup_r
                0x0000000008002aec      0x154 c:/intelfpga_lite/17.1/nios2eds/bin/gnu/h-x86_64-mingw32/bin/../lib/gcc/nios2-elf/5.3.0/../../../../../H-x86_64-mingw32/nios2-elf/lib\libc.a(lib_a-wsetup.o)
                0x0000000008002aec                __swsetup_r
 .text          0x0000000008002c40        0x0 c:/intelfpga_lite/17.1/nios2eds/bin/gnu/h-x86_64-mingw32/bin/../lib/gcc/nios2-elf/5.3.0/../../../../../H-x86_64-mingw32/nios2-elf/lib\libc.a(lib_a-dtoa.o)
 .text.quorem   0x0000000008002c40      0x200 c:/intelfpga_lite/17.1/nios2eds/bin/gnu/h-x86_64-mingw32/bin/../lib/gcc/nios2-elf/5.3.0/../../../../../H-x86_64-mingw32/nios2-elf/lib\libc.a(lib_a-dtoa.o)
 .text._dtoa_r  0x0000000008002e40     0x1688 c:/intelfpga_lite/17.1/nios2eds/bin/gnu/h-x86_64-mingw32/bin/../lib/gcc/nios2-elf/5.3.0/../../../../../H-x86_64-mingw32/nios2-elf/lib\libc.a(lib_a-dtoa.o)
                0x0000000008002e40                _dtoa_r
 .text          0x00000000080044c8        0x0 c:/intelfpga_lite/17.1/nios2eds/bin/gnu/h-x86_64-mingw32/bin/../lib/gcc/nios2-elf/5.3.0/../../../../../H-x86_64-mingw32/nios2-elf/lib\libc.a(lib_a-fflush.o)
 .text.__sflush_r
                0x00000000080044c8      0x21c c:/intelfpga_lite/17.1/nios2eds/bin/gnu/h-x86_64-mingw32/bin/../lib/gcc/nios2-elf/5.3.0/../../../../../H-x86_64-mingw32/nios2-elf/lib\libc.a(lib_a-fflush.o)
                0x00000000080044c8                __sflush_r
 .text._fflush_r
                0x00000000080046e4       0x5c c:/intelfpga_lite/17.1/nios2eds/bin/gnu/h-x86_64-mingw32/bin/../lib/gcc/nios2-elf/5.3.0/../../../../../H-x86_64-mingw32/nios2-elf/lib\libc.a(lib_a-fflush.o)
                0x00000000080046e4                _fflush_r
 .text.fflush   0x0000000008004740       0x30 c:/intelfpga_lite/17.1/nios2eds/bin/gnu/h-x86_64-mingw32/bin/../lib/gcc/nios2-elf/5.3.0/../../../../../H-x86_64-mingw32/nios2-elf/lib\libc.a(lib_a-fflush.o)
                0x0000000008004740                fflush
 .text          0x0000000008004770        0x0 c:/intelfpga_lite/17.1/nios2eds/bin/gnu/h-x86_64-mingw32/bin/../lib/gcc/nios2-elf/5.3.0/../../../../../H-x86_64-mingw32/nios2-elf/lib\libc.a(lib_a-findfp.o)
 .text.__fp_unlock
                0x0000000008004770        0x8 c:/intelfpga_lite/17.1/nios2eds/bin/gnu/h-x86_64-mingw32/bin/../lib/gcc/nios2-elf/5.3.0/../../../../../H-x86_64-mingw32/nios2-elf/lib\libc.a(lib_a-findfp.o)
 .text._cleanup_r
                0x0000000008004778        0xc c:/intelfpga_lite/17.1/nios2eds/bin/gnu/h-x86_64-mingw32/bin/../lib/gcc/nios2-elf/5.3.0/../../../../../H-x86_64-mingw32/nios2-elf/lib\libc.a(lib_a-findfp.o)
                0x0000000008004778                _cleanup_r
 .text.__sinit.part.1
                0x0000000008004784      0x19c c:/intelfpga_lite/17.1/nios2eds/bin/gnu/h-x86_64-mingw32/bin/../lib/gcc/nios2-elf/5.3.0/../../../../../H-x86_64-mingw32/nios2-elf/lib\libc.a(lib_a-findfp.o)
 .text.__fp_lock
                0x0000000008004920        0x8 c:/intelfpga_lite/17.1/nios2eds/bin/gnu/h-x86_64-mingw32/bin/../lib/gcc/nios2-elf/5.3.0/../../../../../H-x86_64-mingw32/nios2-elf/lib\libc.a(lib_a-findfp.o)
 .text.__sfmoreglue
                0x0000000008004928       0x68 c:/intelfpga_lite/17.1/nios2eds/bin/gnu/h-x86_64-mingw32/bin/../lib/gcc/nios2-elf/5.3.0/../../../../../H-x86_64-mingw32/nios2-elf/lib\libc.a(lib_a-findfp.o)
                0x0000000008004928                __sfmoreglue
 .text.__sfp    0x0000000008004990      0x118 c:/intelfpga_lite/17.1/nios2eds/bin/gnu/h-x86_64-mingw32/bin/../lib/gcc/nios2-elf/5.3.0/../../../../../H-x86_64-mingw32/nios2-elf/lib\libc.a(lib_a-findfp.o)
                0x0000000008004990                __sfp
 .text._cleanup
                0x0000000008004aa8       0x18 c:/intelfpga_lite/17.1/nios2eds/bin/gnu/h-x86_64-mingw32/bin/../lib/gcc/nios2-elf/5.3.0/../../../../../H-x86_64-mingw32/nios2-elf/lib\libc.a(lib_a-findfp.o)
                0x0000000008004aa8                _cleanup
 .text.__sinit  0x0000000008004ac0       0x10 c:/intelfpga_lite/17.1/nios2eds/bin/gnu/h-x86_64-mingw32/bin/../lib/gcc/nios2-elf/5.3.0/../../../../../H-x86_64-mingw32/nios2-elf/lib\libc.a(lib_a-findfp.o)
                0x0000000008004ac0                __sinit
 .text.__sfp_lock_acquire
                0x0000000008004ad0        0x4 c:/intelfpga_lite/17.1/nios2eds/bin/gnu/h-x86_64-mingw32/bin/../lib/gcc/nios2-elf/5.3.0/../../../../../H-x86_64-mingw32/nios2-elf/lib\libc.a(lib_a-findfp.o)
                0x0000000008004ad0                __sfp_lock_acquire
 .text.__sfp_lock_release
                0x0000000008004ad4        0x4 c:/intelfpga_lite/17.1/nios2eds/bin/gnu/h-x86_64-mingw32/bin/../lib/gcc/nios2-elf/5.3.0/../../../../../H-x86_64-mingw32/nios2-elf/lib\libc.a(lib_a-findfp.o)
                0x0000000008004ad4                __sfp_lock_release
 .text.__sinit_lock_acquire
                0x0000000008004ad8        0x4 c:/intelfpga_lite/17.1/nios2eds/bin/gnu/h-x86_64-mingw32/bin/../lib/gcc/nios2-elf/5.3.0/../../../../../H-x86_64-mingw32/nios2-elf/lib\libc.a(lib_a-findfp.o)
                0x0000000008004ad8                __sinit_lock_acquire
 .text.__sinit_lock_release
                0x0000000008004adc        0x4 c:/intelfpga_lite/17.1/nios2eds/bin/gnu/h-x86_64-mingw32/bin/../lib/gcc/nios2-elf/5.3.0/../../../../../H-x86_64-mingw32/nios2-elf/lib\libc.a(lib_a-findfp.o)
                0x0000000008004adc                __sinit_lock_release
 .text.__fp_lock_all
                0x0000000008004ae0       0x18 c:/intelfpga_lite/17.1/nios2eds/bin/gnu/h-x86_64-mingw32/bin/../lib/gcc/nios2-elf/5.3.0/../../../../../H-x86_64-mingw32/nios2-elf/lib\libc.a(lib_a-findfp.o)
                0x0000000008004ae0                __fp_lock_all
 .text.__fp_unlock_all
                0x0000000008004af8       0x18 c:/intelfpga_lite/17.1/nios2eds/bin/gnu/h-x86_64-mingw32/bin/../lib/gcc/nios2-elf/5.3.0/../../../../../H-x86_64-mingw32/nios2-elf/lib\libc.a(lib_a-findfp.o)
                0x0000000008004af8                __fp_unlock_all
 .text          0x0000000008004b10        0x0 c:/intelfpga_lite/17.1/nios2eds/bin/gnu/h-x86_64-mingw32/bin/../lib/gcc/nios2-elf/5.3.0/../../../../../H-x86_64-mingw32/nios2-elf/lib\libc.a(lib_a-freer.o)
 .text._malloc_trim_r
                0x0000000008004b10      0x124 c:/intelfpga_lite/17.1/nios2eds/bin/gnu/h-x86_64-mingw32/bin/../lib/gcc/nios2-elf/5.3.0/../../../../../H-x86_64-mingw32/nios2-elf/lib\libc.a(lib_a-freer.o)
                0x0000000008004b10                _malloc_trim_r
 .text._free_r  0x0000000008004c34      0x310 c:/intelfpga_lite/17.1/nios2eds/bin/gnu/h-x86_64-mingw32/bin/../lib/gcc/nios2-elf/5.3.0/../../../../../H-x86_64-mingw32/nios2-elf/lib\libc.a(lib_a-freer.o)
                0x0000000008004c34                _free_r
 .text          0x0000000008004f44        0x0 c:/intelfpga_lite/17.1/nios2eds/bin/gnu/h-x86_64-mingw32/bin/../lib/gcc/nios2-elf/5.3.0/../../../../../H-x86_64-mingw32/nios2-elf/lib\libc.a(lib_a-fvwrite.o)
 .text.__sfvwrite_r
                0x0000000008004f44      0x4bc c:/intelfpga_lite/17.1/nios2eds/bin/gnu/h-x86_64-mingw32/bin/../lib/gcc/nios2-elf/5.3.0/../../../../../H-x86_64-mingw32/nios2-elf/lib\libc.a(lib_a-fvwrite.o)
                0x0000000008004f44                __sfvwrite_r
 .text          0x0000000008005400        0x0 c:/intelfpga_lite/17.1/nios2eds/bin/gnu/h-x86_64-mingw32/bin/../lib/gcc/nios2-elf/5.3.0/../../../../../H-x86_64-mingw32/nios2-elf/lib\libc.a(lib_a-fwalk.o)
 .text._fwalk   0x0000000008005400       0xc4 c:/intelfpga_lite/17.1/nios2eds/bin/gnu/h-x86_64-mingw32/bin/../lib/gcc/nios2-elf/5.3.0/../../../../../H-x86_64-mingw32/nios2-elf/lib\libc.a(lib_a-fwalk.o)
                0x0000000008005400                _fwalk
 .text._fwalk_reent
                0x00000000080054c4       0xc4 c:/intelfpga_lite/17.1/nios2eds/bin/gnu/h-x86_64-mingw32/bin/../lib/gcc/nios2-elf/5.3.0/../../../../../H-x86_64-mingw32/nios2-elf/lib\libc.a(lib_a-fwalk.o)
                0x00000000080054c4                _fwalk_reent
 .text          0x0000000008005588        0x0 c:/intelfpga_lite/17.1/nios2eds/bin/gnu/h-x86_64-mingw32/bin/../lib/gcc/nios2-elf/5.3.0/../../../../../H-x86_64-mingw32/nios2-elf/lib\libc.a(lib_a-impure.o)
 .text          0x0000000008005588        0x0 c:/intelfpga_lite/17.1/nios2eds/bin/gnu/h-x86_64-mingw32/bin/../lib/gcc/nios2-elf/5.3.0/../../../../../H-x86_64-mingw32/nios2-elf/lib\libc.a(lib_a-locale.o)
 .text._setlocale_r
                0x0000000008005588       0x7c c:/intelfpga_lite/17.1/nios2eds/bin/gnu/h-x86_64-mingw32/bin/../lib/gcc/nios2-elf/5.3.0/../../../../../H-x86_64-mingw32/nios2-elf/lib\libc.a(lib_a-locale.o)
                0x0000000008005588                _setlocale_r
 .text.__locale_charset
                0x0000000008005604        0xc c:/intelfpga_lite/17.1/nios2eds/bin/gnu/h-x86_64-mingw32/bin/../lib/gcc/nios2-elf/5.3.0/../../../../../H-x86_64-mingw32/nios2-elf/lib\libc.a(lib_a-locale.o)
                0x0000000008005604                __locale_charset
 .text.__locale_mb_cur_max
                0x0000000008005610       0x10 c:/intelfpga_lite/17.1/nios2eds/bin/gnu/h-x86_64-mingw32/bin/../lib/gcc/nios2-elf/5.3.0/../../../../../H-x86_64-mingw32/nios2-elf/lib\libc.a(lib_a-locale.o)
                0x0000000008005610                __locale_mb_cur_max
 .text.__locale_msgcharset
                0x0000000008005620        0xc c:/intelfpga_lite/17.1/nios2eds/bin/gnu/h-x86_64-mingw32/bin/../lib/gcc/nios2-elf/5.3.0/../../../../../H-x86_64-mingw32/nios2-elf/lib\libc.a(lib_a-locale.o)
                0x0000000008005620                __locale_msgcharset
 .text.__locale_cjk_lang
                0x000000000800562c        0x8 c:/intelfpga_lite/17.1/nios2eds/bin/gnu/h-x86_64-mingw32/bin/../lib/gcc/nios2-elf/5.3.0/../../../../../H-x86_64-mingw32/nios2-elf/lib\libc.a(lib_a-locale.o)
                0x000000000800562c                __locale_cjk_lang
 .text._localeconv_r
                0x0000000008005634        0xc c:/intelfpga_lite/17.1/nios2eds/bin/gnu/h-x86_64-mingw32/bin/../lib/gcc/nios2-elf/5.3.0/../../../../../H-x86_64-mingw32/nios2-elf/lib\libc.a(lib_a-locale.o)
                0x0000000008005634                _localeconv_r
 .text.setlocale
                0x0000000008005640       0x18 c:/intelfpga_lite/17.1/nios2eds/bin/gnu/h-x86_64-mingw32/bin/../lib/gcc/nios2-elf/5.3.0/../../../../../H-x86_64-mingw32/nios2-elf/lib\libc.a(lib_a-locale.o)
                0x0000000008005640                setlocale
 .text.localeconv
                0x0000000008005658        0xc c:/intelfpga_lite/17.1/nios2eds/bin/gnu/h-x86_64-mingw32/bin/../lib/gcc/nios2-elf/5.3.0/../../../../../H-x86_64-mingw32/nios2-elf/lib\libc.a(lib_a-locale.o)
                0x0000000008005658                localeconv
 .text          0x0000000008005664        0x0 c:/intelfpga_lite/17.1/nios2eds/bin/gnu/h-x86_64-mingw32/bin/../lib/gcc/nios2-elf/5.3.0/../../../../../H-x86_64-mingw32/nios2-elf/lib\libc.a(lib_a-makebuf.o)
 .text.__smakebuf_r
                0x0000000008005664      0x1bc c:/intelfpga_lite/17.1/nios2eds/bin/gnu/h-x86_64-mingw32/bin/../lib/gcc/nios2-elf/5.3.0/../../../../../H-x86_64-mingw32/nios2-elf/lib\libc.a(lib_a-makebuf.o)
                0x0000000008005664                __smakebuf_r
 .text          0x0000000008005820        0x0 c:/intelfpga_lite/17.1/nios2eds/bin/gnu/h-x86_64-mingw32/bin/../lib/gcc/nios2-elf/5.3.0/../../../../../H-x86_64-mingw32/nios2-elf/lib\libc.a(lib_a-mallocr.o)
 .text._malloc_r
                0x0000000008005820      0x80c c:/intelfpga_lite/17.1/nios2eds/bin/gnu/h-x86_64-mingw32/bin/../lib/gcc/nios2-elf/5.3.0/../../../../../H-x86_64-mingw32/nios2-elf/lib\libc.a(lib_a-mallocr.o)
                0x0000000008005820                _malloc_r
 .text          0x000000000800602c        0x0 c:/intelfpga_lite/17.1/nios2eds/bin/gnu/h-x86_64-mingw32/bin/../lib/gcc/nios2-elf/5.3.0/../../../../../H-x86_64-mingw32/nios2-elf/lib\libc.a(lib_a-memchr.o)
 .text.memchr   0x000000000800602c       0xe4 c:/intelfpga_lite/17.1/nios2eds/bin/gnu/h-x86_64-mingw32/bin/../lib/gcc/nios2-elf/5.3.0/../../../../../H-x86_64-mingw32/nios2-elf/lib\libc.a(lib_a-memchr.o)
                0x000000000800602c                memchr
 .text          0x0000000008006110        0x0 c:/intelfpga_lite/17.1/nios2eds/bin/gnu/h-x86_64-mingw32/bin/../lib/gcc/nios2-elf/5.3.0/../../../../../H-x86_64-mingw32/nios2-elf/lib\libc.a(lib_a-memcpy.o)
 .text.memcpy   0x0000000008006110      0x148 c:/intelfpga_lite/17.1/nios2eds/bin/gnu/h-x86_64-mingw32/bin/../lib/gcc/nios2-elf/5.3.0/../../../../../H-x86_64-mingw32/nios2-elf/lib\libc.a(lib_a-memcpy.o)
                0x0000000008006110                memcpy
 .text          0x0000000008006258        0x0 c:/intelfpga_lite/17.1/nios2eds/bin/gnu/h-x86_64-mingw32/bin/../lib/gcc/nios2-elf/5.3.0/../../../../../H-x86_64-mingw32/nios2-elf/lib\libc.a(lib_a-memmove.o)
 .text.memmove  0x0000000008006258      0x15c c:/intelfpga_lite/17.1/nios2eds/bin/gnu/h-x86_64-mingw32/bin/../lib/gcc/nios2-elf/5.3.0/../../../../../H-x86_64-mingw32/nios2-elf/lib\libc.a(lib_a-memmove.o)
                0x0000000008006258                memmove
 .text          0x00000000080063b4        0x0 c:/intelfpga_lite/17.1/nios2eds/bin/gnu/h-x86_64-mingw32/bin/../lib/gcc/nios2-elf/5.3.0/../../../../../H-x86_64-mingw32/nios2-elf/lib\libc.a(lib_a-memset.o)
 .text.memset   0x00000000080063b4      0x128 c:/intelfpga_lite/17.1/nios2eds/bin/gnu/h-x86_64-mingw32/bin/../lib/gcc/nios2-elf/5.3.0/../../../../../H-x86_64-mingw32/nios2-elf/lib\libc.a(lib_a-memset.o)
                0x00000000080063b4                memset
 .text          0x00000000080064dc        0x0 c:/intelfpga_lite/17.1/nios2eds/bin/gnu/h-x86_64-mingw32/bin/../lib/gcc/nios2-elf/5.3.0/../../../../../H-x86_64-mingw32/nios2-elf/lib\libc.a(lib_a-mprec.o)
 .text._Balloc  0x00000000080064dc       0xa8 c:/intelfpga_lite/17.1/nios2eds/bin/gnu/h-x86_64-mingw32/bin/../lib/gcc/nios2-elf/5.3.0/../../../../../H-x86_64-mingw32/nios2-elf/lib\libc.a(lib_a-mprec.o)
                0x00000000080064dc                _Balloc
 .text._Bfree   0x0000000008006584       0x28 c:/intelfpga_lite/17.1/nios2eds/bin/gnu/h-x86_64-mingw32/bin/../lib/gcc/nios2-elf/5.3.0/../../../../../H-x86_64-mingw32/nios2-elf/lib\libc.a(lib_a-mprec.o)
                0x0000000008006584                _Bfree
 .text.__multadd
                0x00000000080065ac      0x120 c:/intelfpga_lite/17.1/nios2eds/bin/gnu/h-x86_64-mingw32/bin/../lib/gcc/nios2-elf/5.3.0/../../../../../H-x86_64-mingw32/nios2-elf/lib\libc.a(lib_a-mprec.o)
                0x00000000080065ac                __multadd
 .text.__s2b    0x00000000080066cc      0x104 c:/intelfpga_lite/17.1/nios2eds/bin/gnu/h-x86_64-mingw32/bin/../lib/gcc/nios2-elf/5.3.0/../../../../../H-x86_64-mingw32/nios2-elf/lib\libc.a(lib_a-mprec.o)
                0x00000000080066cc                __s2b
 .text.__hi0bits
                0x00000000080067d0       0x68 c:/intelfpga_lite/17.1/nios2eds/bin/gnu/h-x86_64-mingw32/bin/../lib/gcc/nios2-elf/5.3.0/../../../../../H-x86_64-mingw32/nios2-elf/lib\libc.a(lib_a-mprec.o)
                0x00000000080067d0                __hi0bits
 .text.__lo0bits
                0x0000000008006838       0xb0 c:/intelfpga_lite/17.1/nios2eds/bin/gnu/h-x86_64-mingw32/bin/../lib/gcc/nios2-elf/5.3.0/../../../../../H-x86_64-mingw32/nios2-elf/lib\libc.a(lib_a-mprec.o)
                0x0000000008006838                __lo0bits
 .text.__i2b    0x00000000080068e8       0x3c c:/intelfpga_lite/17.1/nios2eds/bin/gnu/h-x86_64-mingw32/bin/../lib/gcc/nios2-elf/5.3.0/../../../../../H-x86_64-mingw32/nios2-elf/lib\libc.a(lib_a-mprec.o)
                0x00000000080068e8                __i2b
 .text.__multiply
                0x0000000008006924      0x1f8 c:/intelfpga_lite/17.1/nios2eds/bin/gnu/h-x86_64-mingw32/bin/../lib/gcc/nios2-elf/5.3.0/../../../../../H-x86_64-mingw32/nios2-elf/lib\libc.a(lib_a-mprec.o)
                0x0000000008006924                __multiply
 .text.__pow5mult
                0x0000000008006b1c      0x140 c:/intelfpga_lite/17.1/nios2eds/bin/gnu/h-x86_64-mingw32/bin/../lib/gcc/nios2-elf/5.3.0/../../../../../H-x86_64-mingw32/nios2-elf/lib\libc.a(lib_a-mprec.o)
                0x0000000008006b1c                __pow5mult
 .text.__lshift
                0x0000000008006c5c      0x148 c:/intelfpga_lite/17.1/nios2eds/bin/gnu/h-x86_64-mingw32/bin/../lib/gcc/nios2-elf/5.3.0/../../../../../H-x86_64-mingw32/nios2-elf/lib\libc.a(lib_a-mprec.o)
                0x0000000008006c5c                __lshift
 .text.__mcmp   0x0000000008006da4       0x60 c:/intelfpga_lite/17.1/nios2eds/bin/gnu/h-x86_64-mingw32/bin/../lib/gcc/nios2-elf/5.3.0/../../../../../H-x86_64-mingw32/nios2-elf/lib\libc.a(lib_a-mprec.o)
                0x0000000008006da4                __mcmp
 .text.__mdiff  0x0000000008006e04      0x1fc c:/intelfpga_lite/17.1/nios2eds/bin/gnu/h-x86_64-mingw32/bin/../lib/gcc/nios2-elf/5.3.0/../../../../../H-x86_64-mingw32/nios2-elf/lib\libc.a(lib_a-mprec.o)
                0x0000000008006e04                __mdiff
 .text.__ulp    0x0000000008007000       0x64 c:/intelfpga_lite/17.1/nios2eds/bin/gnu/h-x86_64-mingw32/bin/../lib/gcc/nios2-elf/5.3.0/../../../../../H-x86_64-mingw32/nios2-elf/lib\libc.a(lib_a-mprec.o)
                0x0000000008007000                __ulp
 .text.__b2d    0x0000000008007064      0x10c c:/intelfpga_lite/17.1/nios2eds/bin/gnu/h-x86_64-mingw32/bin/../lib/gcc/nios2-elf/5.3.0/../../../../../H-x86_64-mingw32/nios2-elf/lib\libc.a(lib_a-mprec.o)
                0x0000000008007064                __b2d
 .text.__d2b    0x0000000008007170      0x14c c:/intelfpga_lite/17.1/nios2eds/bin/gnu/h-x86_64-mingw32/bin/../lib/gcc/nios2-elf/5.3.0/../../../../../H-x86_64-mingw32/nios2-elf/lib\libc.a(lib_a-mprec.o)
                0x0000000008007170                __d2b
 .text.__ratio  0x00000000080072bc       0xa4 c:/intelfpga_lite/17.1/nios2eds/bin/gnu/h-x86_64-mingw32/bin/../lib/gcc/nios2-elf/5.3.0/../../../../../H-x86_64-mingw32/nios2-elf/lib\libc.a(lib_a-mprec.o)
                0x00000000080072bc                __ratio
 .text._mprec_log10
                0x0000000008007360       0x74 c:/intelfpga_lite/17.1/nios2eds/bin/gnu/h-x86_64-mingw32/bin/../lib/gcc/nios2-elf/5.3.0/../../../../../H-x86_64-mingw32/nios2-elf/lib\libc.a(lib_a-mprec.o)
                0x0000000008007360                _mprec_log10
 .text.__copybits
                0x00000000080073d4       0x78 c:/intelfpga_lite/17.1/nios2eds/bin/gnu/h-x86_64-mingw32/bin/../lib/gcc/nios2-elf/5.3.0/../../../../../H-x86_64-mingw32/nios2-elf/lib\libc.a(lib_a-mprec.o)
                0x00000000080073d4                __copybits
 .text.__any_on
                0x000000000800744c       0x8c c:/intelfpga_lite/17.1/nios2eds/bin/gnu/h-x86_64-mingw32/bin/../lib/gcc/nios2-elf/5.3.0/../../../../../H-x86_64-mingw32/nios2-elf/lib\libc.a(lib_a-mprec.o)
                0x000000000800744c                __any_on
 .text          0x00000000080074d8        0x0 c:/intelfpga_lite/17.1/nios2eds/bin/gnu/h-x86_64-mingw32/bin/../lib/gcc/nios2-elf/5.3.0/../../../../../H-x86_64-mingw32/nios2-elf/lib\libc.a(lib_a-reallocr.o)
 .text._realloc_r
                0x00000000080074d8      0x564 c:/intelfpga_lite/17.1/nios2eds/bin/gnu/h-x86_64-mingw32/bin/../lib/gcc/nios2-elf/5.3.0/../../../../../H-x86_64-mingw32/nios2-elf/lib\libc.a(lib_a-reallocr.o)
                0x00000000080074d8                _realloc_r
 .text          0x0000000008007a3c        0x0 c:/intelfpga_lite/17.1/nios2eds/bin/gnu/h-x86_64-mingw32/bin/../lib/gcc/nios2-elf/5.3.0/../../../../../H-x86_64-mingw32/nios2-elf/lib\libc.a(lib_a-s_fpclassify.o)
 .text.__fpclassifyd
                0x0000000008007a3c       0x74 c:/intelfpga_lite/17.1/nios2eds/bin/gnu/h-x86_64-mingw32/bin/../lib/gcc/nios2-elf/5.3.0/../../../../../H-x86_64-mingw32/nios2-elf/lib\libc.a(lib_a-s_fpclassify.o)
                0x0000000008007a3c                __fpclassifyd
 .text          0x0000000008007ab0        0x0 c:/intelfpga_lite/17.1/nios2eds/bin/gnu/h-x86_64-mingw32/bin/../lib/gcc/nios2-elf/5.3.0/../../../../../H-x86_64-mingw32/nios2-elf/lib\libc.a(lib_a-sbrkr.o)
 .text._sbrk_r  0x0000000008007ab0       0x54 c:/intelfpga_lite/17.1/nios2eds/bin/gnu/h-x86_64-mingw32/bin/../lib/gcc/nios2-elf/5.3.0/../../../../../H-x86_64-mingw32/nios2-elf/lib\libc.a(lib_a-sbrkr.o)
                0x0000000008007ab0                _sbrk_r
 .text          0x0000000008007b04        0x0 c:/intelfpga_lite/17.1/nios2eds/bin/gnu/h-x86_64-mingw32/bin/../lib/gcc/nios2-elf/5.3.0/../../../../../H-x86_64-mingw32/nios2-elf/lib\libc.a(lib_a-stdio.o)
 .text.__sread  0x0000000008007b04       0x54 c:/intelfpga_lite/17.1/nios2eds/bin/gnu/h-x86_64-mingw32/bin/../lib/gcc/nios2-elf/5.3.0/../../../../../H-x86_64-mingw32/nios2-elf/lib\libc.a(lib_a-stdio.o)
                0x0000000008007b04                __sread
 .text.__seofread
                0x0000000008007b58        0x8 c:/intelfpga_lite/17.1/nios2eds/bin/gnu/h-x86_64-mingw32/bin/../lib/gcc/nios2-elf/5.3.0/../../../../../H-x86_64-mingw32/nios2-elf/lib\libc.a(lib_a-stdio.o)
                0x0000000008007b58                __seofread
 .text.__swrite
                0x0000000008007b60       0x7c c:/intelfpga_lite/17.1/nios2eds/bin/gnu/h-x86_64-mingw32/bin/../lib/gcc/nios2-elf/5.3.0/../../../../../H-x86_64-mingw32/nios2-elf/lib\libc.a(lib_a-stdio.o)
                0x0000000008007b60                __swrite
 .text.__sseek  0x0000000008007bdc       0x5c c:/intelfpga_lite/17.1/nios2eds/bin/gnu/h-x86_64-mingw32/bin/../lib/gcc/nios2-elf/5.3.0/../../../../../H-x86_64-mingw32/nios2-elf/lib\libc.a(lib_a-stdio.o)
                0x0000000008007bdc                __sseek
 .text.__sclose
                0x0000000008007c38        0x8 c:/intelfpga_lite/17.1/nios2eds/bin/gnu/h-x86_64-mingw32/bin/../lib/gcc/nios2-elf/5.3.0/../../../../../H-x86_64-mingw32/nios2-elf/lib\libc.a(lib_a-stdio.o)
                0x0000000008007c38                __sclose
 .text          0x0000000008007c40        0x0 c:/intelfpga_lite/17.1/nios2eds/bin/gnu/h-x86_64-mingw32/bin/../lib/gcc/nios2-elf/5.3.0/../../../../../H-x86_64-mingw32/nios2-elf/lib\libc.a(lib_a-strcmp.o)
 .text.strcmp   0x0000000008007c40       0xdc c:/intelfpga_lite/17.1/nios2eds/bin/gnu/h-x86_64-mingw32/bin/../lib/gcc/nios2-elf/5.3.0/../../../../../H-x86_64-mingw32/nios2-elf/lib\libc.a(lib_a-strcmp.o)
                0x0000000008007c40                strcmp
 .text          0x0000000008007d1c        0x0 c:/intelfpga_lite/17.1/nios2eds/bin/gnu/h-x86_64-mingw32/bin/../lib/gcc/nios2-elf/5.3.0/../../../../../H-x86_64-mingw32/nios2-elf/lib\libc.a(lib_a-vfiprintf.o)
 .text.__sprint_r.part.0
                0x0000000008007d1c       0xfc c:/intelfpga_lite/17.1/nios2eds/bin/gnu/h-x86_64-mingw32/bin/../lib/gcc/nios2-elf/5.3.0/../../../../../H-x86_64-mingw32/nios2-elf/lib\libc.a(lib_a-vfiprintf.o)
 .text.__sprint_r
                0x0000000008007e18       0x18 c:/intelfpga_lite/17.1/nios2eds/bin/gnu/h-x86_64-mingw32/bin/../lib/gcc/nios2-elf/5.3.0/../../../../../H-x86_64-mingw32/nios2-elf/lib\libc.a(lib_a-vfiprintf.o)
                0x0000000008007e18                __sprint_r
 .text.___vfiprintf_internal_r
                0x0000000008007e30     0x145c c:/intelfpga_lite/17.1/nios2eds/bin/gnu/h-x86_64-mingw32/bin/../lib/gcc/nios2-elf/5.3.0/../../../../../H-x86_64-mingw32/nios2-elf/lib\libc.a(lib_a-vfiprintf.o)
                0x0000000008007e30                ___vfiprintf_internal_r
 .text.__vfiprintf_internal
                0x000000000800928c       0x1c c:/intelfpga_lite/17.1/nios2eds/bin/gnu/h-x86_64-mingw32/bin/../lib/gcc/nios2-elf/5.3.0/../../../../../H-x86_64-mingw32/nios2-elf/lib\libc.a(lib_a-vfiprintf.o)
                0x000000000800928c                __vfiprintf_internal
 .text.__sbprintf
                0x00000000080092a8       0xbc c:/intelfpga_lite/17.1/nios2eds/bin/gnu/h-x86_64-mingw32/bin/../lib/gcc/nios2-elf/5.3.0/../../../../../H-x86_64-mingw32/nios2-elf/lib\libc.a(lib_a-vfiprintf.o)
 .text          0x0000000008009364        0x0 c:/intelfpga_lite/17.1/nios2eds/bin/gnu/h-x86_64-mingw32/bin/../lib/gcc/nios2-elf/5.3.0/../../../../../H-x86_64-mingw32/nios2-elf/lib\libc.a(lib_a-writer.o)
 .text._write_r
                0x0000000008009364       0x60 c:/intelfpga_lite/17.1/nios2eds/bin/gnu/h-x86_64-mingw32/bin/../lib/gcc/nios2-elf/5.3.0/../../../../../H-x86_64-mingw32/nios2-elf/lib\libc.a(lib_a-writer.o)
                0x0000000008009364                _write_r
 .text          0x00000000080093c4        0x0 c:/intelfpga_lite/17.1/nios2eds/bin/gnu/h-x86_64-mingw32/bin/../lib/gcc/nios2-elf/5.3.0/../../../../../H-x86_64-mingw32/nios2-elf/lib\libc.a(closer.o)
 .text._close_r
                0x00000000080093c4       0x54 c:/intelfpga_lite/17.1/nios2eds/bin/gnu/h-x86_64-mingw32/bin/../lib/gcc/nios2-elf/5.3.0/../../../../../H-x86_64-mingw32/nios2-elf/lib\libc.a(closer.o)
                0x00000000080093c4                _close_r
 .text          0x0000000008009418        0x0 c:/intelfpga_lite/17.1/nios2eds/bin/gnu/h-x86_64-mingw32/bin/../lib/gcc/nios2-elf/5.3.0/../../../../../H-x86_64-mingw32/nios2-elf/lib\libc.a(lib_a-callocr.o)
 .text._calloc_r
                0x0000000008009418       0xc4 c:/intelfpga_lite/17.1/nios2eds/bin/gnu/h-x86_64-mingw32/bin/../lib/gcc/nios2-elf/5.3.0/../../../../../H-x86_64-mingw32/nios2-elf/lib\libc.a(lib_a-callocr.o)
                0x0000000008009418                _calloc_r
 .text          0x00000000080094dc        0x0 c:/intelfpga_lite/17.1/nios2eds/bin/gnu/h-x86_64-mingw32/bin/../lib/gcc/nios2-elf/5.3.0/../../../../../H-x86_64-mingw32/nios2-elf/lib\libc.a(lib_a-fclose.o)
 .text._fclose_r
                0x00000000080094dc       0xf0 c:/intelfpga_lite/17.1/nios2eds/bin/gnu/h-x86_64-mingw32/bin/../lib/gcc/nios2-elf/5.3.0/../../../../../H-x86_64-mingw32/nios2-elf/lib\libc.a(lib_a-fclose.o)
                0x00000000080094dc                _fclose_r
 .text.fclose   0x00000000080095cc       0x14 c:/intelfpga_lite/17.1/nios2eds/bin/gnu/h-x86_64-mingw32/bin/../lib/gcc/nios2-elf/5.3.0/../../../../../H-x86_64-mingw32/nios2-elf/lib\libc.a(lib_a-fclose.o)
                0x00000000080095cc                fclose
 .text          0x00000000080095e0        0x0 c:/intelfpga_lite/17.1/nios2eds/bin/gnu/h-x86_64-mingw32/bin/../lib/gcc/nios2-elf/5.3.0/../../../../../H-x86_64-mingw32/nios2-elf/lib\libc.a(lib_a-fputwc.o)
 .text.__fputwc
                0x00000000080095e0      0x164 c:/intelfpga_lite/17.1/nios2eds/bin/gnu/h-x86_64-mingw32/bin/../lib/gcc/nios2-elf/5.3.0/../../../../../H-x86_64-mingw32/nios2-elf/lib\libc.a(lib_a-fputwc.o)
                0x00000000080095e0                __fputwc
 .text._fputwc_r
                0x0000000008009744       0x24 c:/intelfpga_lite/17.1/nios2eds/bin/gnu/h-x86_64-mingw32/bin/../lib/gcc/nios2-elf/5.3.0/../../../../../H-x86_64-mingw32/nios2-elf/lib\libc.a(lib_a-fputwc.o)
                0x0000000008009744                _fputwc_r
 .text.fputwc   0x0000000008009768       0x80 c:/intelfpga_lite/17.1/nios2eds/bin/gnu/h-x86_64-mingw32/bin/../lib/gcc/nios2-elf/5.3.0/../../../../../H-x86_64-mingw32/nios2-elf/lib\libc.a(lib_a-fputwc.o)
                0x0000000008009768                fputwc
 .text          0x00000000080097e8        0x0 c:/intelfpga_lite/17.1/nios2eds/bin/gnu/h-x86_64-mingw32/bin/../lib/gcc/nios2-elf/5.3.0/../../../../../H-x86_64-mingw32/nios2-elf/lib\libc.a(lib_a-fstatr.o)
 .text._fstat_r
                0x00000000080097e8       0x5c c:/intelfpga_lite/17.1/nios2eds/bin/gnu/h-x86_64-mingw32/bin/../lib/gcc/nios2-elf/5.3.0/../../../../../H-x86_64-mingw32/nios2-elf/lib\libc.a(lib_a-fstatr.o)
                0x00000000080097e8                _fstat_r
 .text          0x0000000008009844        0x0 c:/intelfpga_lite/17.1/nios2eds/bin/gnu/h-x86_64-mingw32/bin/../lib/gcc/nios2-elf/5.3.0/../../../../../H-x86_64-mingw32/nios2-elf/lib\libc.a(lib_a-int_errno.o)
 .text          0x0000000008009844        0x0 c:/intelfpga_lite/17.1/nios2eds/bin/gnu/h-x86_64-mingw32/bin/../lib/gcc/nios2-elf/5.3.0/../../../../../H-x86_64-mingw32/nios2-elf/lib\libc.a(lib_a-isattyr.o)
 .text._isatty_r
                0x0000000008009844       0x54 c:/intelfpga_lite/17.1/nios2eds/bin/gnu/h-x86_64-mingw32/bin/../lib/gcc/nios2-elf/5.3.0/../../../../../H-x86_64-mingw32/nios2-elf/lib\libc.a(lib_a-isattyr.o)
                0x0000000008009844                _isatty_r
 .text          0x0000000008009898        0x0 c:/intelfpga_lite/17.1/nios2eds/bin/gnu/h-x86_64-mingw32/bin/../lib/gcc/nios2-elf/5.3.0/../../../../../H-x86_64-mingw32/nios2-elf/lib\libc.a(lib_a-lseekr.o)
 .text._lseek_r
                0x0000000008009898       0x60 c:/intelfpga_lite/17.1/nios2eds/bin/gnu/h-x86_64-mingw32/bin/../lib/gcc/nios2-elf/5.3.0/../../../../../H-x86_64-mingw32/nios2-elf/lib\libc.a(lib_a-lseekr.o)
                0x0000000008009898                _lseek_r
 .text          0x00000000080098f8        0x0 c:/intelfpga_lite/17.1/nios2eds/bin/gnu/h-x86_64-mingw32/bin/../lib/gcc/nios2-elf/5.3.0/../../../../../H-x86_64-mingw32/nios2-elf/lib\libc.a(lib_a-readr.o)
 .text._read_r  0x00000000080098f8       0x60 c:/intelfpga_lite/17.1/nios2eds/bin/gnu/h-x86_64-mingw32/bin/../lib/gcc/nios2-elf/5.3.0/../../../../../H-x86_64-mingw32/nios2-elf/lib\libc.a(lib_a-readr.o)
                0x00000000080098f8                _read_r
 .text          0x0000000008009958        0x0 c:/intelfpga_lite/17.1/nios2eds/bin/gnu/h-x86_64-mingw32/bin/../lib/gcc/nios2-elf/5.3.0/../../../../../H-x86_64-mingw32/nios2-elf/lib\libc.a(lib_a-wbuf.o)
 .text.__swbuf_r
                0x0000000008009958      0x140 c:/intelfpga_lite/17.1/nios2eds/bin/gnu/h-x86_64-mingw32/bin/../lib/gcc/nios2-elf/5.3.0/../../../../../H-x86_64-mingw32/nios2-elf/lib\libc.a(lib_a-wbuf.o)
                0x0000000008009958                __swbuf_r
 .text.__swbuf  0x0000000008009a98       0x18 c:/intelfpga_lite/17.1/nios2eds/bin/gnu/h-x86_64-mingw32/bin/../lib/gcc/nios2-elf/5.3.0/../../../../../H-x86_64-mingw32/nios2-elf/lib\libc.a(lib_a-wbuf.o)
                0x0000000008009a98                __swbuf
 .text          0x0000000008009ab0        0x0 c:/intelfpga_lite/17.1/nios2eds/bin/gnu/h-x86_64-mingw32/bin/../lib/gcc/nios2-elf/5.3.0/../../../../../H-x86_64-mingw32/nios2-elf/lib\libc.a(lib_a-wcrtomb.o)
 .text._wcrtomb_r
                0x0000000008009ab0       0x9c c:/intelfpga_lite/17.1/nios2eds/bin/gnu/h-x86_64-mingw32/bin/../lib/gcc/nios2-elf/5.3.0/../../../../../H-x86_64-mingw32/nios2-elf/lib\libc.a(lib_a-wcrtomb.o)
                0x0000000008009ab0                _wcrtomb_r
 .text.wcrtomb  0x0000000008009b4c       0xc0 c:/intelfpga_lite/17.1/nios2eds/bin/gnu/h-x86_64-mingw32/bin/../lib/gcc/nios2-elf/5.3.0/../../../../../H-x86_64-mingw32/nios2-elf/lib\libc.a(lib_a-wcrtomb.o)
                0x0000000008009b4c                wcrtomb
 .text          0x0000000008009c0c        0x0 c:/intelfpga_lite/17.1/nios2eds/bin/gnu/h-x86_64-mingw32/bin/../lib/gcc/nios2-elf/5.3.0/../../../../../H-x86_64-mingw32/nios2-elf/lib\libc.a(lib_a-wctomb_r.o)
 .text.__ascii_wctomb
                0x0000000008009c0c       0x30 c:/intelfpga_lite/17.1/nios2eds/bin/gnu/h-x86_64-mingw32/bin/../lib/gcc/nios2-elf/5.3.0/../../../../../H-x86_64-mingw32/nios2-elf/lib\libc.a(lib_a-wctomb_r.o)
                0x0000000008009c0c                __ascii_wctomb
 .text._wctomb_r
                0x0000000008009c3c       0x5c c:/intelfpga_lite/17.1/nios2eds/bin/gnu/h-x86_64-mingw32/bin/../lib/gcc/nios2-elf/5.3.0/../../../../../H-x86_64-mingw32/nios2-elf/lib\libc.a(lib_a-wctomb_r.o)
                0x0000000008009c3c                _wctomb_r
 .text          0x0000000008009c98      0x578 c:/intelfpga_lite/17.1/nios2eds/bin/gnu/h-x86_64-mingw32/bin/../lib/gcc/nios2-elf/5.3.0\libgcc.a(_udivdi3.o)
                0x0000000008009c98                __udivdi3
 .text          0x000000000800a210      0x538 c:/intelfpga_lite/17.1/nios2eds/bin/gnu/h-x86_64-mingw32/bin/../lib/gcc/nios2-elf/5.3.0\libgcc.a(_umoddi3.o)
                0x000000000800a210                __umoddi3
 .text          0x000000000800a748      0x1b4 c:/intelfpga_lite/17.1/nios2eds/bin/gnu/h-x86_64-mingw32/bin/../lib/gcc/nios2-elf/5.3.0\libgcc.a(lib2-divmod.o)
                0x000000000800a748                __divsi3
                0x000000000800a7cc                __modsi3
                0x000000000800a840                __udivsi3
                0x000000000800a8a4                __umodsi3
 .text          0x000000000800a8fc      0x8ac c:/intelfpga_lite/17.1/nios2eds/bin/gnu/h-x86_64-mingw32/bin/../lib/gcc/nios2-elf/5.3.0\libgcc.a(adddf3.o)
                0x000000000800a8fc                __adddf3
 .text          0x000000000800b1a8      0x8e8 c:/intelfpga_lite/17.1/nios2eds/bin/gnu/h-x86_64-mingw32/bin/../lib/gcc/nios2-elf/5.3.0\libgcc.a(divdf3.o)
                0x000000000800b1a8                __divdf3
 .text          0x000000000800ba90       0x88 c:/intelfpga_lite/17.1/nios2eds/bin/gnu/h-x86_64-mingw32/bin/../lib/gcc/nios2-elf/5.3.0\libgcc.a(eqdf2.o)
                0x000000000800ba90                __nedf2
                0x000000000800ba90                __eqdf2
 .text          0x000000000800bb18       0xdc c:/intelfpga_lite/17.1/nios2eds/bin/gnu/h-x86_64-mingw32/bin/../lib/gcc/nios2-elf/5.3.0\libgcc.a(gedf2.o)
                0x000000000800bb18                __gedf2
                0x000000000800bb18                __gtdf2
 .text          0x000000000800bbf4       0xf4 c:/intelfpga_lite/17.1/nios2eds/bin/gnu/h-x86_64-mingw32/bin/../lib/gcc/nios2-elf/5.3.0\libgcc.a(ledf2.o)
                0x000000000800bbf4                __ledf2
                0x000000000800bbf4                __ltdf2
 .text          0x000000000800bce8      0x718 c:/intelfpga_lite/17.1/nios2eds/bin/gnu/h-x86_64-mingw32/bin/../lib/gcc/nios2-elf/5.3.0\libgcc.a(muldf3.o)
                0x000000000800bce8                __muldf3
 .text          0x000000000800c400      0x8fc c:/intelfpga_lite/17.1/nios2eds/bin/gnu/h-x86_64-mingw32/bin/../lib/gcc/nios2-elf/5.3.0\libgcc.a(subdf3.o)
                0x000000000800c400                __subdf3
 .text          0x000000000800ccfc       0x80 c:/intelfpga_lite/17.1/nios2eds/bin/gnu/h-x86_64-mingw32/bin/../lib/gcc/nios2-elf/5.3.0\libgcc.a(fixdfsi.o)
                0x000000000800ccfc                __fixdfsi
 .text          0x000000000800cd7c       0xdc c:/intelfpga_lite/17.1/nios2eds/bin/gnu/h-x86_64-mingw32/bin/../lib/gcc/nios2-elf/5.3.0\libgcc.a(floatsidf.o)
                0x000000000800cd7c                __floatsidf
 .text          0x000000000800ce58       0xa8 c:/intelfpga_lite/17.1/nios2eds/bin/gnu/h-x86_64-mingw32/bin/../lib/gcc/nios2-elf/5.3.0\libgcc.a(floatunsidf.o)
                0x000000000800ce58                __floatunsidf
 .text          0x000000000800cf00        0x0 c:/intelfpga_lite/17.1/nios2eds/bin/gnu/h-x86_64-mingw32/bin/../lib/gcc/nios2-elf/5.3.0\libgcc.a(_clz.o)
 .text          0x000000000800cf00       0x64 c:/intelfpga_lite/17.1/nios2eds/bin/gnu/h-x86_64-mingw32/bin/../lib/gcc/nios2-elf/5.3.0\libgcc.a(_clzsi2.o)
                0x000000000800cf00                __clzsi2
 .text          0x000000000800cf64      0x10c ../USB_function_bsp/\libhal_bsp.a(alt_close.o)
                0x000000000800cfa0                close
 .text          0x000000000800d070       0x2c ../USB_function_bsp/\libhal_bsp.a(alt_dev.o)
 .text          0x000000000800d09c        0x0 ../USB_function_bsp/\libhal_bsp.a(alt_errno.o)
 .text          0x000000000800d09c       0xec ../USB_function_bsp/\libhal_bsp.a(alt_fstat.o)
                0x000000000800d0d8                fstat
 .text          0x000000000800d188       0xe0 ../USB_function_bsp/\libhal_bsp.a(alt_isatty.o)
                0x000000000800d1c4                isatty
 .text          0x000000000800d268       0xec ../USB_function_bsp/\libhal_bsp.a(alt_load.o)
                0x000000000800d2d0                alt_load
 .text          0x000000000800d354      0x110 ../USB_function_bsp/\libhal_bsp.a(alt_lseek.o)
                0x000000000800d390                lseek
 .text          0x000000000800d464       0x7c ../USB_function_bsp/\libhal_bsp.a(alt_main.o)
                0x000000000800d464                alt_main
 .text          0x000000000800d4e0       0x48 ../USB_function_bsp/\libhal_bsp.a(alt_malloc_lock.o)
                0x000000000800d4e0                __malloc_lock
                0x000000000800d504                __malloc_unlock
 .text          0x000000000800d528      0x138 ../USB_function_bsp/\libhal_bsp.a(alt_read.o)
                0x000000000800d564                read
 .text          0x000000000800d660       0x64 ../USB_function_bsp/\libhal_bsp.a(alt_release_fd.o)
                0x000000000800d660                alt_release_fd
 .text          0x000000000800d6c4       0xb0 ../USB_function_bsp/\libhal_bsp.a(alt_sbrk.o)
                0x000000000800d6c4                sbrk
 .text          0x000000000800d774      0x134 ../USB_function_bsp/\libhal_bsp.a(alt_write.o)
                0x000000000800d7b0                write
 .text          0x000000000800d8a8       0xf8 ../USB_function_bsp/\libhal_bsp.a(alt_sys_init.o)
                0x000000000800d8dc                alt_irq_init
                0x000000000800d914                alt_sys_init
 .text          0x000000000800d9a0      0x164 ../USB_function_bsp/\libhal_bsp.a(altera_avalon_jtag_uart_fd.o)
                0x000000000800d9a0                altera_avalon_jtag_uart_read_fd
                0x000000000800da00                altera_avalon_jtag_uart_write_fd
                0x000000000800da60                altera_avalon_jtag_uart_close_fd
                0x000000000800dab0                altera_avalon_jtag_uart_ioctl_fd
 .text          0x000000000800db04      0x3cc ../USB_function_bsp/\libhal_bsp.a(altera_avalon_jtag_uart_init.o)
                0x000000000800db04                altera_avalon_jtag_uart_init
                0x000000000800de68                altera_avalon_jtag_uart_close
 .text          0x000000000800ded0       0xf0 ../USB_function_bsp/\libhal_bsp.a(altera_avalon_jtag_uart_ioctl.o)
                0x000000000800ded0                altera_avalon_jtag_uart_ioctl
 .text          0x000000000800dfc0      0x21c ../USB_function_bsp/\libhal_bsp.a(altera_avalon_jtag_uart_read.o)
                0x000000000800dfc0                altera_avalon_jtag_uart_read
 .text          0x000000000800e1dc      0x224 ../USB_function_bsp/\libhal_bsp.a(altera_avalon_jtag_uart_write.o)
                0x000000000800e1dc                altera_avalon_jtag_uart_write
 .text          0x000000000800e400       0xf0 ../USB_function_bsp/\libhal_bsp.a(altera_avalon_timer_sc.o)
                0x000000000800e47c                alt_avalon_timer_sc_init
 .text          0x000000000800e4f0       0x3c ../USB_function_bsp/\libhal_bsp.a(altera_up_avalon_usb.o)
                0x000000000800e4f0                alt_up_usb_open_dev
 .text          0x000000000800e52c     0x1a48 ../USB_function_bsp/\libhal_bsp.a(altera_up_avalon_usb_high_level_driver.o)
                0x000000000800e52c                alt_up_usb_reset
                0x000000000800e568                alt_up_usb_enable_ports
                0x000000000800e668                alt_up_usb_hc_set_operational
                0x000000000800e714                alt_up_usb_hc_setup_atl_buffer
                0x000000000800e790                alt_up_usb_hc_initialize_defaults
                0x000000000800e800                alt_up_usb_hc_disable_all_interrupts
                0x000000000800e84c                alt_up_usb_hc_set_istl_buffer_size
                0x000000000800e88c                alt_up_usb_hc_set_intl_buffer_size
                0x000000000800e8cc                alt_up_usb_hc_set_atl_buffer_size
                0x000000000800e90c                alt_up_usb_get_connection_status
                0x000000000800e950                alt_up_usb_get_port_speed
                0x000000000800e994                alt_up_usb_delay_loop
                0x000000000800e9d4                alt_up_usb_send_control
                0x000000000800eafc                alt_up_usb_set_address
                0x000000000800ec9c                alt_up_usb_array_app
                0x000000000800ed1c                alt_up_usb_get_control
                0x000000000800f500                alt_up_usb_addr_info
                0x000000000800f750                alt_up_usb_set_config
                0x000000000800f8f0                alt_up_usb_send_int_packet
                0x000000000800f9d8                alt_up_usb_assign_address
                0x000000000800fc1c                alt_up_usb_hc_buffer_size_info
 .text          0x000000000800ff74      0x7fc ../USB_function_bsp/\libhal_bsp.a(altera_up_avalon_usb_low_level_driver.o)
                0x000000000800ff74                alt_up_usb_hc_reg_write_16
                0x000000000800ffdc                alt_up_usb_hc_reg_write_32
                0x0000000008010070                alt_up_usb_hc_reg_read_16
                0x00000000080100c4                alt_up_usb_hc_reg_read_32
                0x000000000801014c                alt_up_usb_hc_write_atl
                0x00000000080101f8                alt_up_usb_hc_read_atl
                0x00000000080102a0                alt_up_usb_hc_write_int
                0x000000000801034c                alt_up_usb_hc_read_int
                0x00000000080103f4                alt_up_usb_hc_direct_address_write
                0x00000000080104bc                alt_up_usb_hc_direct_address_read
                0x0000000008010580                alt_up_usb_dc_reg_write_16
                0x00000000080105ec                alt_up_usb_dc_reg_write_32
                0x0000000008010688                alt_up_usb_dc_reg_read_16
                0x00000000080106e0                alt_up_usb_dc_reg_read_32
 .text          0x0000000008010770      0x3e4 ../USB_function_bsp/\libhal_bsp.a(altera_up_avalon_usb_mouse_driver.o)
                0x0000000008010770                alt_up_usb_mouse_setup
                0x000000000801080c                alt_up_usb_retrieve_mouse_packet
                0x000000000801091c                alt_up_usb_play_mouse
                0x0000000008010a64                alt_up_usb_mouse_example
 .text          0x0000000008010b54      0x29c ../USB_function_bsp/\libhal_bsp.a(altera_up_avalon_usb_ptd.o)
                0x0000000008010b54                alt_up_usb_init_ptd
                0x0000000008010c54                alt_up_usb_convert_ptd_to_array
 .text          0x0000000008010df0      0x12c ../USB_function_bsp/\libhal_bsp.a(alt_alarm_start.o)
                0x0000000008010df0                alt_alarm_start
 .text          0x0000000008010f1c       0x48 ../USB_function_bsp/\libhal_bsp.a(alt_dcache_flush_all.o)
                0x0000000008010f1c                alt_dcache_flush_all
 .text          0x0000000008010f64       0xe0 ../USB_function_bsp/\libhal_bsp.a(alt_dev_llist_insert.o)
                0x0000000008010fa0                alt_dev_llist_insert
 .text          0x0000000008011044       0x60 ../USB_function_bsp/\libhal_bsp.a(alt_do_ctors.o)
                0x0000000008011044                _do_ctors
 .text          0x00000000080110a4       0x60 ../USB_function_bsp/\libhal_bsp.a(alt_do_dtors.o)
                0x00000000080110a4                _do_dtors
 .text          0x0000000008011104       0x90 ../USB_function_bsp/\libhal_bsp.a(alt_find_dev.o)
                0x0000000008011104                alt_find_dev
 .text          0x0000000008011194       0x34 ../USB_function_bsp/\libhal_bsp.a(alt_icache_flush_all.o)
                0x0000000008011194                alt_icache_flush_all
 .text          0x00000000080111c8      0x140 ../USB_function_bsp/\libhal_bsp.a(alt_io_redirect.o)
                0x000000000801128c                alt_io_redirect
 .text          0x0000000008011308      0x180 ../USB_function_bsp/\libhal_bsp.a(alt_irq_register.o)
                0x0000000008011308                alt_irq_register
 .text          0x0000000008011488        0x0 ../USB_function_bsp/\libhal_bsp.a(alt_irq_vars.o)
 .text          0x0000000008011488      0x254 ../USB_function_bsp/\libhal_bsp.a(alt_open.o)
                0x0000000008011588                open
 .text          0x00000000080116dc      0x1a4 ../USB_function_bsp/\libhal_bsp.a(alt_tick.o)
                0x00000000080116dc                alt_alarm_stop
                0x0000000008011778                alt_tick
 .text          0x0000000008011880       0x24 ../USB_function_bsp/\libhal_bsp.a(altera_nios2_gen2_irq.o)
                0x0000000008011880                altera_nios2_gen2_irq_init
 .text          0x00000000080118a4      0x108 ../USB_function_bsp/\libhal_bsp.a(alt_find_file.o)
                0x00000000080118a4                alt_find_file
 .text          0x00000000080119ac       0xa4 ../USB_function_bsp/\libhal_bsp.a(alt_get_fd.o)
                0x00000000080119ac                alt_get_fd
 .text          0x0000000008011a50       0x90 ../USB_function_bsp/\libhal_bsp.a(alt_icache_flush.o)
                0x0000000008011a50                alt_icache_flush
 .text          0x0000000008011ae0        0x0 ../USB_function_bsp/\libhal_bsp.a(alt_irq_entry.o)
 .text          0x0000000008011ae0        0x0 ../USB_function_bsp/\libhal_bsp.a(alt_irq_handler.o)
 .text          0x0000000008011ae0        0x0 ../USB_function_bsp/\libhal_bsp.a(alt_exception_entry.o)
 .text          0x0000000008011ae0       0x9c ../USB_function_bsp/\libhal_bsp.a(alt_instruction_exception_entry.o)
                0x0000000008011ae0                alt_exception_cause_generated_bad_addr
 .text          0x0000000008011b7c        0x0 c:/intelfpga_lite/17.1/nios2eds/bin/gnu/h-x86_64-mingw32/bin/../lib/gcc/nios2-elf/5.3.0/../../../../../H-x86_64-mingw32/nios2-elf/lib\libc.a(lib_a-atexit.o)
 .text.atexit   0x0000000008011b7c       0x14 c:/intelfpga_lite/17.1/nios2eds/bin/gnu/h-x86_64-mingw32/bin/../lib/gcc/nios2-elf/5.3.0/../../../../../H-x86_64-mingw32/nios2-elf/lib\libc.a(lib_a-atexit.o)
                0x0000000008011b7c                atexit
 .text          0x0000000008011b90        0x0 c:/intelfpga_lite/17.1/nios2eds/bin/gnu/h-x86_64-mingw32/bin/../lib/gcc/nios2-elf/5.3.0/../../../../../H-x86_64-mingw32/nios2-elf/lib\libc.a(lib_a-exit.o)
 .text.exit     0x0000000008011b90       0x38 c:/intelfpga_lite/17.1/nios2eds/bin/gnu/h-x86_64-mingw32/bin/../lib/gcc/nios2-elf/5.3.0/../../../../../H-x86_64-mingw32/nios2-elf/lib\libc.a(lib_a-exit.o)
                0x0000000008011b90                exit
 .text          0x0000000008011bc8        0x0 c:/intelfpga_lite/17.1/nios2eds/bin/gnu/h-x86_64-mingw32/bin/../lib/gcc/nios2-elf/5.3.0/../../../../../H-x86_64-mingw32/nios2-elf/lib\libc.a(lib_a-memcmp.o)
 .text.memcmp   0x0000000008011bc8       0x7c c:/intelfpga_lite/17.1/nios2eds/bin/gnu/h-x86_64-mingw32/bin/../lib/gcc/nios2-elf/5.3.0/../../../../../H-x86_64-mingw32/nios2-elf/lib\libc.a(lib_a-memcmp.o)
                0x0000000008011bc8                memcmp
 .text          0x0000000008011c44        0x0 c:/intelfpga_lite/17.1/nios2eds/bin/gnu/h-x86_64-mingw32/bin/../lib/gcc/nios2-elf/5.3.0/../../../../../H-x86_64-mingw32/nios2-elf/lib\libc.a(lib_a-__atexit.o)
 .text.__register_exitproc
                0x0000000008011c44      0x118 c:/intelfpga_lite/17.1/nios2eds/bin/gnu/h-x86_64-mingw32/bin/../lib/gcc/nios2-elf/5.3.0/../../../../../H-x86_64-mingw32/nios2-elf/lib\libc.a(lib_a-__atexit.o)
                0x0000000008011c44                __register_exitproc
 .text          0x0000000008011d5c        0x0 c:/intelfpga_lite/17.1/nios2eds/bin/gnu/h-x86_64-mingw32/bin/../lib/gcc/nios2-elf/5.3.0/../../../../../H-x86_64-mingw32/nios2-elf/lib\libc.a(lib_a-__call_atexit.o)
 .text.__call_exitprocs
                0x0000000008011d5c      0x180 c:/intelfpga_lite/17.1/nios2eds/bin/gnu/h-x86_64-mingw32/bin/../lib/gcc/nios2-elf/5.3.0/../../../../../H-x86_64-mingw32/nios2-elf/lib\libc.a(lib_a-__call_atexit.o)
                0x0000000008011d5c                __call_exitprocs
 .text          0x0000000008011edc       0x34 ../USB_function_bsp/\libhal_bsp.a(alt_exit.o)
                0x0000000008011edc                _exit
 *(.gnu.warning.*)
 *(.fini)
                [!provide]                        PROVIDE (__etext, ABSOLUTE (.))
                [!provide]                        PROVIDE (_etext, ABSOLUTE (.))
                [!provide]                        PROVIDE (etext, ABSOLUTE (.))
 *(.eh_frame_hdr)
                0x0000000008011f10                . = ALIGN (0x4)
                [!provide]                        PROVIDE (__preinit_array_start, ABSOLUTE (.))
 *(.preinit_array)
                [!provide]                        PROVIDE (__preinit_array_end, ABSOLUTE (.))
                [!provide]                        PROVIDE (__init_array_start, ABSOLUTE (.))
 *(.init_array)
                [!provide]                        PROVIDE (__init_array_end, ABSOLUTE (.))
                [!provide]                        PROVIDE (__fini_array_start, ABSOLUTE (.))
 *(.fini_array)
                [!provide]                        PROVIDE (__fini_array_end, ABSOLUTE (.))
 *(.eh_frame)
 *(.gcc_except_table .gcc_except_table.*)
 *(.dynamic)
                0x0000000008011f10                PROVIDE (__CTOR_LIST__, ABSOLUTE (.))
 *(.ctors)
 *(SORT(.ctors.*))
                0x0000000008011f10                PROVIDE (__CTOR_END__, ABSOLUTE (.))
                0x0000000008011f10                PROVIDE (__DTOR_LIST__, ABSOLUTE (.))
 *(.dtors)
 *(SORT(.dtors.*))
                0x0000000008011f10                PROVIDE (__DTOR_END__, ABSOLUTE (.))
 *(.jcr)
                0x0000000008011f10                . = ALIGN (0x4)

.rodata         0x0000000008011f10      0x6a0
                0x0000000008011f10                PROVIDE (__ram_rodata_start, ABSOLUTE (.))
                0x0000000008011f10                . = ALIGN (0x4)
 *(.rodata .rodata.* .gnu.linkonce.r.*)
 .rodata        0x0000000008011f10       0xd9 obj/default/prueba.o
 *fill*         0x0000000008011fe9        0x3 
 .rodata.str1.4
                0x0000000008011fec        0x2 c:/intelfpga_lite/17.1/nios2eds/bin/gnu/h-x86_64-mingw32/bin/../lib/gcc/nios2-elf/5.3.0/../../../../../H-x86_64-mingw32/nios2-elf/lib\libc.a(lib_a-puts.o)
 *fill*         0x0000000008011fee        0x2 
 .rodata.str1.4
                0x0000000008011ff0       0x42 c:/intelfpga_lite/17.1/nios2eds/bin/gnu/h-x86_64-mingw32/bin/../lib/gcc/nios2-elf/5.3.0/../../../../../H-x86_64-mingw32/nios2-elf/lib\libc.a(lib_a-vfprintf.o)
 .rodata.zeroes.4404
                0x0000000008012032       0x10 c:/intelfpga_lite/17.1/nios2eds/bin/gnu/h-x86_64-mingw32/bin/../lib/gcc/nios2-elf/5.3.0/../../../../../H-x86_64-mingw32/nios2-elf/lib\libc.a(lib_a-vfprintf.o)
 .rodata.blanks.4403
                0x0000000008012042       0x10 c:/intelfpga_lite/17.1/nios2eds/bin/gnu/h-x86_64-mingw32/bin/../lib/gcc/nios2-elf/5.3.0/../../../../../H-x86_64-mingw32/nios2-elf/lib\libc.a(lib_a-vfprintf.o)
 *fill*         0x0000000008012052        0x2 
 .rodata.str1.4
                0x0000000008012054       0x10 c:/intelfpga_lite/17.1/nios2eds/bin/gnu/h-x86_64-mingw32/bin/../lib/gcc/nios2-elf/5.3.0/../../../../../H-x86_64-mingw32/nios2-elf/lib\libc.a(lib_a-dtoa.o)
                                         0x12 (size before relaxing)
 .rodata.str1.4
                0x0000000008012064        0x2 c:/intelfpga_lite/17.1/nios2eds/bin/gnu/h-x86_64-mingw32/bin/../lib/gcc/nios2-elf/5.3.0/../../../../../H-x86_64-mingw32/nios2-elf/lib\libc.a(lib_a-impure.o)
 *fill*         0x0000000008012066        0x2 
 .rodata.str1.4
                0x0000000008012068        0xc c:/intelfpga_lite/17.1/nios2eds/bin/gnu/h-x86_64-mingw32/bin/../lib/gcc/nios2-elf/5.3.0/../../../../../H-x86_64-mingw32/nios2-elf/lib\libc.a(lib_a-locale.o)
                                         0x12 (size before relaxing)
 .rodata.p05.2768
                0x0000000008012074        0xc c:/intelfpga_lite/17.1/nios2eds/bin/gnu/h-x86_64-mingw32/bin/../lib/gcc/nios2-elf/5.3.0/../../../../../H-x86_64-mingw32/nios2-elf/lib\libc.a(lib_a-mprec.o)
 .rodata.__mprec_tinytens
                0x0000000008012080       0x28 c:/intelfpga_lite/17.1/nios2eds/bin/gnu/h-x86_64-mingw32/bin/../lib/gcc/nios2-elf/5.3.0/../../../../../H-x86_64-mingw32/nios2-elf/lib\libc.a(lib_a-mprec.o)
                0x0000000008012080                __mprec_tinytens
 .rodata.__mprec_bigtens
                0x00000000080120a8       0x28 c:/intelfpga_lite/17.1/nios2eds/bin/gnu/h-x86_64-mingw32/bin/../lib/gcc/nios2-elf/5.3.0/../../../../../H-x86_64-mingw32/nios2-elf/lib\libc.a(lib_a-mprec.o)
                0x00000000080120a8                __mprec_bigtens
 .rodata.__mprec_tens
                0x00000000080120d0       0xc8 c:/intelfpga_lite/17.1/nios2eds/bin/gnu/h-x86_64-mingw32/bin/../lib/gcc/nios2-elf/5.3.0/../../../../../H-x86_64-mingw32/nios2-elf/lib\libc.a(lib_a-mprec.o)
                0x00000000080120d0                __mprec_tens
 .rodata.str1.4
                0x0000000008012198       0x2f c:/intelfpga_lite/17.1/nios2eds/bin/gnu/h-x86_64-mingw32/bin/../lib/gcc/nios2-elf/5.3.0/../../../../../H-x86_64-mingw32/nios2-elf/lib\libc.a(lib_a-vfiprintf.o)
 .rodata.zeroes.4349
                0x0000000008012198       0x10 c:/intelfpga_lite/17.1/nios2eds/bin/gnu/h-x86_64-mingw32/bin/../lib/gcc/nios2-elf/5.3.0/../../../../../H-x86_64-mingw32/nios2-elf/lib\libc.a(lib_a-vfiprintf.o)
 .rodata.blanks.4348
                0x00000000080121a8       0x10 c:/intelfpga_lite/17.1/nios2eds/bin/gnu/h-x86_64-mingw32/bin/../lib/gcc/nios2-elf/5.3.0/../../../../../H-x86_64-mingw32/nios2-elf/lib\libc.a(lib_a-vfiprintf.o)
 .rodata        0x00000000080121b8      0x100 c:/intelfpga_lite/17.1/nios2eds/bin/gnu/h-x86_64-mingw32/bin/../lib/gcc/nios2-elf/5.3.0\libgcc.a(_clz.o)
                0x00000000080121b8                __clz_tab
 .rodata        0x00000000080122b8        0xa ../USB_function_bsp/\libhal_bsp.a(alt_dev.o)
 *fill*         0x00000000080122c2        0x2 
 .rodata        0x00000000080122c4        0xf ../USB_function_bsp/\libhal_bsp.a(alt_main.o)
 *fill*         0x00000000080122d3        0x1 
 .rodata        0x00000000080122d4       0x24 ../USB_function_bsp/\libhal_bsp.a(alt_sys_init.o)
 .rodata        0x00000000080122f8      0x211 ../USB_function_bsp/\libhal_bsp.a(altera_up_avalon_usb_high_level_driver.o)
 *fill*         0x0000000008012509        0x3 
 .rodata        0x000000000801250c       0xa1 ../USB_function_bsp/\libhal_bsp.a(altera_up_avalon_usb_mouse_driver.o)
 *(.rodata1)
                0x00000000080125b0                . = ALIGN (0x4)
 *fill*         0x00000000080125ad        0x3 
                0x00000000080125b0                PROVIDE (__ram_rodata_end, ABSOLUTE (.))
                0x0000000008011f10                PROVIDE (__flash_rodata_start, LOADADDR (.rodata))

.rwdata         0x00000000080125b0     0x1b4c load address 0x00000000080140fc
                0x00000000080125b0                PROVIDE (__ram_rwdata_start, ABSOLUTE (.))
                0x00000000080125b0                . = ALIGN (0x4)
 *(.got.plt)
 *(.got)
 *(.data1)
 *(.data .data.* .gnu.linkonce.d.*)
 .data          0x00000000080125b0        0x0 ../USB_function_bsp//obj/HAL/src/crt0.o
 .data          0x00000000080125b0        0x0 obj/default/prueba.o
 .data          0x00000000080125b0        0x0 c:/intelfpga_lite/17.1/nios2eds/bin/gnu/h-x86_64-mingw32/bin/../lib/gcc/nios2-elf/5.3.0/../../../../../H-x86_64-mingw32/nios2-elf/lib\libc.a(lib_a-printf.o)
 .data          0x00000000080125b0        0x0 c:/intelfpga_lite/17.1/nios2eds/bin/gnu/h-x86_64-mingw32/bin/../lib/gcc/nios2-elf/5.3.0/../../../../../H-x86_64-mingw32/nios2-elf/lib\libc.a(lib_a-puts.o)
 .data          0x00000000080125b0        0x0 c:/intelfpga_lite/17.1/nios2eds/bin/gnu/h-x86_64-mingw32/bin/../lib/gcc/nios2-elf/5.3.0/../../../../../H-x86_64-mingw32/nios2-elf/lib\libc.a(lib_a-strlen.o)
 .data          0x00000000080125b0        0x0 c:/intelfpga_lite/17.1/nios2eds/bin/gnu/h-x86_64-mingw32/bin/../lib/gcc/nios2-elf/5.3.0/../../../../../H-x86_64-mingw32/nios2-elf/lib\libc.a(lib_a-vfprintf.o)
 .data          0x00000000080125b0        0x0 c:/intelfpga_lite/17.1/nios2eds/bin/gnu/h-x86_64-mingw32/bin/../lib/gcc/nios2-elf/5.3.0/../../../../../H-x86_64-mingw32/nios2-elf/lib\libc.a(lib_a-wsetup.o)
 .data          0x00000000080125b0        0x0 c:/intelfpga_lite/17.1/nios2eds/bin/gnu/h-x86_64-mingw32/bin/../lib/gcc/nios2-elf/5.3.0/../../../../../H-x86_64-mingw32/nios2-elf/lib\libc.a(lib_a-dtoa.o)
 .data          0x00000000080125b0        0x0 c:/intelfpga_lite/17.1/nios2eds/bin/gnu/h-x86_64-mingw32/bin/../lib/gcc/nios2-elf/5.3.0/../../../../../H-x86_64-mingw32/nios2-elf/lib\libc.a(lib_a-fflush.o)
 .data          0x00000000080125b0        0x0 c:/intelfpga_lite/17.1/nios2eds/bin/gnu/h-x86_64-mingw32/bin/../lib/gcc/nios2-elf/5.3.0/../../../../../H-x86_64-mingw32/nios2-elf/lib\libc.a(lib_a-findfp.o)
 .data          0x00000000080125b0        0x0 c:/intelfpga_lite/17.1/nios2eds/bin/gnu/h-x86_64-mingw32/bin/../lib/gcc/nios2-elf/5.3.0/../../../../../H-x86_64-mingw32/nios2-elf/lib\libc.a(lib_a-freer.o)
 .data          0x00000000080125b0        0x0 c:/intelfpga_lite/17.1/nios2eds/bin/gnu/h-x86_64-mingw32/bin/../lib/gcc/nios2-elf/5.3.0/../../../../../H-x86_64-mingw32/nios2-elf/lib\libc.a(lib_a-fvwrite.o)
 .data          0x00000000080125b0        0x0 c:/intelfpga_lite/17.1/nios2eds/bin/gnu/h-x86_64-mingw32/bin/../lib/gcc/nios2-elf/5.3.0/../../../../../H-x86_64-mingw32/nios2-elf/lib\libc.a(lib_a-fwalk.o)
 .data          0x00000000080125b0        0x0 c:/intelfpga_lite/17.1/nios2eds/bin/gnu/h-x86_64-mingw32/bin/../lib/gcc/nios2-elf/5.3.0/../../../../../H-x86_64-mingw32/nios2-elf/lib\libc.a(lib_a-impure.o)
 .data.impure_data
                0x00000000080125b0      0x424 c:/intelfpga_lite/17.1/nios2eds/bin/gnu/h-x86_64-mingw32/bin/../lib/gcc/nios2-elf/5.3.0/../../../../../H-x86_64-mingw32/nios2-elf/lib\libc.a(lib_a-impure.o)
 .data          0x00000000080129d4        0x0 c:/intelfpga_lite/17.1/nios2eds/bin/gnu/h-x86_64-mingw32/bin/../lib/gcc/nios2-elf/5.3.0/../../../../../H-x86_64-mingw32/nios2-elf/lib\libc.a(lib_a-locale.o)
 .data.lc_message_charset
                0x00000000080129d4       0x20 c:/intelfpga_lite/17.1/nios2eds/bin/gnu/h-x86_64-mingw32/bin/../lib/gcc/nios2-elf/5.3.0/../../../../../H-x86_64-mingw32/nios2-elf/lib\libc.a(lib_a-locale.o)
 .data.lc_ctype_charset
                0x00000000080129f4       0x20 c:/intelfpga_lite/17.1/nios2eds/bin/gnu/h-x86_64-mingw32/bin/../lib/gcc/nios2-elf/5.3.0/../../../../../H-x86_64-mingw32/nios2-elf/lib\libc.a(lib_a-locale.o)
 .data.lconv    0x0000000008012a14       0x38 c:/intelfpga_lite/17.1/nios2eds/bin/gnu/h-x86_64-mingw32/bin/../lib/gcc/nios2-elf/5.3.0/../../../../../H-x86_64-mingw32/nios2-elf/lib\libc.a(lib_a-locale.o)
 .data          0x0000000008012a4c        0x0 c:/intelfpga_lite/17.1/nios2eds/bin/gnu/h-x86_64-mingw32/bin/../lib/gcc/nios2-elf/5.3.0/../../../../../H-x86_64-mingw32/nios2-elf/lib\libc.a(lib_a-makebuf.o)
 .data          0x0000000008012a4c        0x0 c:/intelfpga_lite/17.1/nios2eds/bin/gnu/h-x86_64-mingw32/bin/../lib/gcc/nios2-elf/5.3.0/../../../../../H-x86_64-mingw32/nios2-elf/lib\libc.a(lib_a-mallocr.o)
 .data.__malloc_av_
                0x0000000008012a4c      0x408 c:/intelfpga_lite/17.1/nios2eds/bin/gnu/h-x86_64-mingw32/bin/../lib/gcc/nios2-elf/5.3.0/../../../../../H-x86_64-mingw32/nios2-elf/lib\libc.a(lib_a-mallocr.o)
                0x0000000008012a4c                __malloc_av_
 .data          0x0000000008012e54        0x0 c:/intelfpga_lite/17.1/nios2eds/bin/gnu/h-x86_64-mingw32/bin/../lib/gcc/nios2-elf/5.3.0/../../../../../H-x86_64-mingw32/nios2-elf/lib\libc.a(lib_a-memchr.o)
 .data          0x0000000008012e54        0x0 c:/intelfpga_lite/17.1/nios2eds/bin/gnu/h-x86_64-mingw32/bin/../lib/gcc/nios2-elf/5.3.0/../../../../../H-x86_64-mingw32/nios2-elf/lib\libc.a(lib_a-memcpy.o)
 .data          0x0000000008012e54        0x0 c:/intelfpga_lite/17.1/nios2eds/bin/gnu/h-x86_64-mingw32/bin/../lib/gcc/nios2-elf/5.3.0/../../../../../H-x86_64-mingw32/nios2-elf/lib\libc.a(lib_a-memmove.o)
 .data          0x0000000008012e54        0x0 c:/intelfpga_lite/17.1/nios2eds/bin/gnu/h-x86_64-mingw32/bin/../lib/gcc/nios2-elf/5.3.0/../../../../../H-x86_64-mingw32/nios2-elf/lib\libc.a(lib_a-memset.o)
 .data          0x0000000008012e54        0x0 c:/intelfpga_lite/17.1/nios2eds/bin/gnu/h-x86_64-mingw32/bin/../lib/gcc/nios2-elf/5.3.0/../../../../../H-x86_64-mingw32/nios2-elf/lib\libc.a(lib_a-mprec.o)
 .data          0x0000000008012e54        0x0 c:/intelfpga_lite/17.1/nios2eds/bin/gnu/h-x86_64-mingw32/bin/../lib/gcc/nios2-elf/5.3.0/../../../../../H-x86_64-mingw32/nios2-elf/lib\libc.a(lib_a-reallocr.o)
 .data          0x0000000008012e54        0x0 c:/intelfpga_lite/17.1/nios2eds/bin/gnu/h-x86_64-mingw32/bin/../lib/gcc/nios2-elf/5.3.0/../../../../../H-x86_64-mingw32/nios2-elf/lib\libc.a(lib_a-s_fpclassify.o)
 .data          0x0000000008012e54        0x0 c:/intelfpga_lite/17.1/nios2eds/bin/gnu/h-x86_64-mingw32/bin/../lib/gcc/nios2-elf/5.3.0/../../../../../H-x86_64-mingw32/nios2-elf/lib\libc.a(lib_a-sbrkr.o)
 .data          0x0000000008012e54        0x0 c:/intelfpga_lite/17.1/nios2eds/bin/gnu/h-x86_64-mingw32/bin/../lib/gcc/nios2-elf/5.3.0/../../../../../H-x86_64-mingw32/nios2-elf/lib\libc.a(lib_a-stdio.o)
 .data          0x0000000008012e54        0x0 c:/intelfpga_lite/17.1/nios2eds/bin/gnu/h-x86_64-mingw32/bin/../lib/gcc/nios2-elf/5.3.0/../../../../../H-x86_64-mingw32/nios2-elf/lib\libc.a(lib_a-strcmp.o)
 .data          0x0000000008012e54        0x0 c:/intelfpga_lite/17.1/nios2eds/bin/gnu/h-x86_64-mingw32/bin/../lib/gcc/nios2-elf/5.3.0/../../../../../H-x86_64-mingw32/nios2-elf/lib\libc.a(lib_a-vfiprintf.o)
 .data          0x0000000008012e54        0x0 c:/intelfpga_lite/17.1/nios2eds/bin/gnu/h-x86_64-mingw32/bin/../lib/gcc/nios2-elf/5.3.0/../../../../../H-x86_64-mingw32/nios2-elf/lib\libc.a(lib_a-writer.o)
 .data          0x0000000008012e54        0x0 c:/intelfpga_lite/17.1/nios2eds/bin/gnu/h-x86_64-mingw32/bin/../lib/gcc/nios2-elf/5.3.0/../../../../../H-x86_64-mingw32/nios2-elf/lib\libc.a(closer.o)
 .data          0x0000000008012e54        0x0 c:/intelfpga_lite/17.1/nios2eds/bin/gnu/h-x86_64-mingw32/bin/../lib/gcc/nios2-elf/5.3.0/../../../../../H-x86_64-mingw32/nios2-elf/lib\libc.a(lib_a-callocr.o)
 .data          0x0000000008012e54        0x0 c:/intelfpga_lite/17.1/nios2eds/bin/gnu/h-x86_64-mingw32/bin/../lib/gcc/nios2-elf/5.3.0/../../../../../H-x86_64-mingw32/nios2-elf/lib\libc.a(lib_a-fclose.o)
 .data          0x0000000008012e54        0x0 c:/intelfpga_lite/17.1/nios2eds/bin/gnu/h-x86_64-mingw32/bin/../lib/gcc/nios2-elf/5.3.0/../../../../../H-x86_64-mingw32/nios2-elf/lib\libc.a(lib_a-fputwc.o)
 .data          0x0000000008012e54        0x0 c:/intelfpga_lite/17.1/nios2eds/bin/gnu/h-x86_64-mingw32/bin/../lib/gcc/nios2-elf/5.3.0/../../../../../H-x86_64-mingw32/nios2-elf/lib\libc.a(lib_a-fstatr.o)
 .data          0x0000000008012e54        0x0 c:/intelfpga_lite/17.1/nios2eds/bin/gnu/h-x86_64-mingw32/bin/../lib/gcc/nios2-elf/5.3.0/../../../../../H-x86_64-mingw32/nios2-elf/lib\libc.a(lib_a-int_errno.o)
 .data          0x0000000008012e54        0x0 c:/intelfpga_lite/17.1/nios2eds/bin/gnu/h-x86_64-mingw32/bin/../lib/gcc/nios2-elf/5.3.0/../../../../../H-x86_64-mingw32/nios2-elf/lib\libc.a(lib_a-isattyr.o)
 .data          0x0000000008012e54        0x0 c:/intelfpga_lite/17.1/nios2eds/bin/gnu/h-x86_64-mingw32/bin/../lib/gcc/nios2-elf/5.3.0/../../../../../H-x86_64-mingw32/nios2-elf/lib\libc.a(lib_a-lseekr.o)
 .data          0x0000000008012e54        0x0 c:/intelfpga_lite/17.1/nios2eds/bin/gnu/h-x86_64-mingw32/bin/../lib/gcc/nios2-elf/5.3.0/../../../../../H-x86_64-mingw32/nios2-elf/lib\libc.a(lib_a-readr.o)
 .data          0x0000000008012e54        0x0 c:/intelfpga_lite/17.1/nios2eds/bin/gnu/h-x86_64-mingw32/bin/../lib/gcc/nios2-elf/5.3.0/../../../../../H-x86_64-mingw32/nios2-elf/lib\libc.a(lib_a-wbuf.o)
 .data          0x0000000008012e54        0x0 c:/intelfpga_lite/17.1/nios2eds/bin/gnu/h-x86_64-mingw32/bin/../lib/gcc/nios2-elf/5.3.0/../../../../../H-x86_64-mingw32/nios2-elf/lib\libc.a(lib_a-wcrtomb.o)
 .data          0x0000000008012e54        0x0 c:/intelfpga_lite/17.1/nios2eds/bin/gnu/h-x86_64-mingw32/bin/../lib/gcc/nios2-elf/5.3.0/../../../../../H-x86_64-mingw32/nios2-elf/lib\libc.a(lib_a-wctomb_r.o)
 .data          0x0000000008012e54        0x0 c:/intelfpga_lite/17.1/nios2eds/bin/gnu/h-x86_64-mingw32/bin/../lib/gcc/nios2-elf/5.3.0\libgcc.a(_udivdi3.o)
 .data          0x0000000008012e54        0x0 c:/intelfpga_lite/17.1/nios2eds/bin/gnu/h-x86_64-mingw32/bin/../lib/gcc/nios2-elf/5.3.0\libgcc.a(_umoddi3.o)
 .data          0x0000000008012e54        0x0 c:/intelfpga_lite/17.1/nios2eds/bin/gnu/h-x86_64-mingw32/bin/../lib/gcc/nios2-elf/5.3.0\libgcc.a(lib2-divmod.o)
 .data          0x0000000008012e54        0x0 c:/intelfpga_lite/17.1/nios2eds/bin/gnu/h-x86_64-mingw32/bin/../lib/gcc/nios2-elf/5.3.0\libgcc.a(adddf3.o)
 .data          0x0000000008012e54        0x0 c:/intelfpga_lite/17.1/nios2eds/bin/gnu/h-x86_64-mingw32/bin/../lib/gcc/nios2-elf/5.3.0\libgcc.a(divdf3.o)
 .data          0x0000000008012e54        0x0 c:/intelfpga_lite/17.1/nios2eds/bin/gnu/h-x86_64-mingw32/bin/../lib/gcc/nios2-elf/5.3.0\libgcc.a(eqdf2.o)
 .data          0x0000000008012e54        0x0 c:/intelfpga_lite/17.1/nios2eds/bin/gnu/h-x86_64-mingw32/bin/../lib/gcc/nios2-elf/5.3.0\libgcc.a(gedf2.o)
 .data          0x0000000008012e54        0x0 c:/intelfpga_lite/17.1/nios2eds/bin/gnu/h-x86_64-mingw32/bin/../lib/gcc/nios2-elf/5.3.0\libgcc.a(ledf2.o)
 .data          0x0000000008012e54        0x0 c:/intelfpga_lite/17.1/nios2eds/bin/gnu/h-x86_64-mingw32/bin/../lib/gcc/nios2-elf/5.3.0\libgcc.a(muldf3.o)
 .data          0x0000000008012e54        0x0 c:/intelfpga_lite/17.1/nios2eds/bin/gnu/h-x86_64-mingw32/bin/../lib/gcc/nios2-elf/5.3.0\libgcc.a(subdf3.o)
 .data          0x0000000008012e54        0x0 c:/intelfpga_lite/17.1/nios2eds/bin/gnu/h-x86_64-mingw32/bin/../lib/gcc/nios2-elf/5.3.0\libgcc.a(fixdfsi.o)
 .data          0x0000000008012e54        0x0 c:/intelfpga_lite/17.1/nios2eds/bin/gnu/h-x86_64-mingw32/bin/../lib/gcc/nios2-elf/5.3.0\libgcc.a(floatsidf.o)
 .data          0x0000000008012e54        0x0 c:/intelfpga_lite/17.1/nios2eds/bin/gnu/h-x86_64-mingw32/bin/../lib/gcc/nios2-elf/5.3.0\libgcc.a(floatunsidf.o)
 .data          0x0000000008012e54        0x0 c:/intelfpga_lite/17.1/nios2eds/bin/gnu/h-x86_64-mingw32/bin/../lib/gcc/nios2-elf/5.3.0\libgcc.a(_clz.o)
 .data          0x0000000008012e54        0x0 c:/intelfpga_lite/17.1/nios2eds/bin/gnu/h-x86_64-mingw32/bin/../lib/gcc/nios2-elf/5.3.0\libgcc.a(_clzsi2.o)
 .data          0x0000000008012e54        0x0 ../USB_function_bsp/\libhal_bsp.a(alt_close.o)
 .data          0x0000000008012e54      0x1a8 ../USB_function_bsp/\libhal_bsp.a(alt_dev.o)
                0x0000000008012e54                alt_dev_null
                0x0000000008012e7c                alt_fd_list
 .data          0x0000000008012ffc        0x0 ../USB_function_bsp/\libhal_bsp.a(alt_errno.o)
 .data          0x0000000008012ffc        0x0 ../USB_function_bsp/\libhal_bsp.a(alt_fstat.o)
 .data          0x0000000008012ffc        0x0 ../USB_function_bsp/\libhal_bsp.a(alt_isatty.o)
 .data          0x0000000008012ffc        0x0 ../USB_function_bsp/\libhal_bsp.a(alt_load.o)
 .data          0x0000000008012ffc        0x0 ../USB_function_bsp/\libhal_bsp.a(alt_lseek.o)
 .data          0x0000000008012ffc        0x0 ../USB_function_bsp/\libhal_bsp.a(alt_main.o)
 .data          0x0000000008012ffc        0x0 ../USB_function_bsp/\libhal_bsp.a(alt_malloc_lock.o)
 .data          0x0000000008012ffc        0x0 ../USB_function_bsp/\libhal_bsp.a(alt_read.o)
 .data          0x0000000008012ffc        0x0 ../USB_function_bsp/\libhal_bsp.a(alt_release_fd.o)
 .data          0x0000000008012ffc        0x0 ../USB_function_bsp/\libhal_bsp.a(alt_sbrk.o)
 .data          0x0000000008012ffc        0x0 ../USB_function_bsp/\libhal_bsp.a(alt_write.o)
 .data          0x0000000008012ffc     0x10c0 ../USB_function_bsp/\libhal_bsp.a(alt_sys_init.o)
 .data          0x00000000080140bc        0x0 ../USB_function_bsp/\libhal_bsp.a(altera_avalon_jtag_uart_fd.o)
 .data          0x00000000080140bc        0x0 ../USB_function_bsp/\libhal_bsp.a(altera_avalon_jtag_uart_init.o)
 .data          0x00000000080140bc        0x0 ../USB_function_bsp/\libhal_bsp.a(altera_avalon_jtag_uart_ioctl.o)
 .data          0x00000000080140bc        0x0 ../USB_function_bsp/\libhal_bsp.a(altera_avalon_jtag_uart_read.o)
 .data          0x00000000080140bc        0x0 ../USB_function_bsp/\libhal_bsp.a(altera_avalon_jtag_uart_write.o)
 .data          0x00000000080140bc        0x0 ../USB_function_bsp/\libhal_bsp.a(altera_avalon_timer_sc.o)
 .data          0x00000000080140bc        0x0 ../USB_function_bsp/\libhal_bsp.a(altera_up_avalon_usb.o)
 .data          0x00000000080140bc        0x0 ../USB_function_bsp/\libhal_bsp.a(altera_up_avalon_usb_high_level_driver.o)
 .data          0x00000000080140bc        0x0 ../USB_function_bsp/\libhal_bsp.a(altera_up_avalon_usb_low_level_driver.o)
 .data          0x00000000080140bc        0x0 ../USB_function_bsp/\libhal_bsp.a(altera_up_avalon_usb_mouse_driver.o)
 .data          0x00000000080140bc        0x0 ../USB_function_bsp/\libhal_bsp.a(altera_up_avalon_usb_ptd.o)
 .data          0x00000000080140bc        0x0 ../USB_function_bsp/\libhal_bsp.a(alt_alarm_start.o)
 .data          0x00000000080140bc        0x0 ../USB_function_bsp/\libhal_bsp.a(alt_dcache_flush_all.o)
 .data          0x00000000080140bc        0x0 ../USB_function_bsp/\libhal_bsp.a(alt_dev_llist_insert.o)
 .data          0x00000000080140bc        0x0 ../USB_function_bsp/\libhal_bsp.a(alt_do_ctors.o)
 .data          0x00000000080140bc        0x0 ../USB_function_bsp/\libhal_bsp.a(alt_do_dtors.o)
 .data          0x00000000080140bc        0x0 ../USB_function_bsp/\libhal_bsp.a(alt_find_dev.o)
 .data          0x00000000080140bc        0x0 ../USB_function_bsp/\libhal_bsp.a(alt_icache_flush_all.o)
 .data          0x00000000080140bc        0x0 ../USB_function_bsp/\libhal_bsp.a(alt_io_redirect.o)
 .data          0x00000000080140bc        0x0 ../USB_function_bsp/\libhal_bsp.a(alt_irq_register.o)
 .data          0x00000000080140bc        0x0 ../USB_function_bsp/\libhal_bsp.a(alt_irq_vars.o)
 .data          0x00000000080140bc        0x0 ../USB_function_bsp/\libhal_bsp.a(alt_open.o)
 .data          0x00000000080140bc        0x0 ../USB_function_bsp/\libhal_bsp.a(alt_tick.o)
 .data          0x00000000080140bc        0x0 ../USB_function_bsp/\libhal_bsp.a(altera_nios2_gen2_irq.o)
 .data          0x00000000080140bc        0x0 ../USB_function_bsp/\libhal_bsp.a(alt_find_file.o)
 .data          0x00000000080140bc        0x0 ../USB_function_bsp/\libhal_bsp.a(alt_get_fd.o)
 .data          0x00000000080140bc        0x0 ../USB_function_bsp/\libhal_bsp.a(alt_icache_flush.o)
 .data          0x00000000080140bc        0x0 ../USB_function_bsp/\libhal_bsp.a(alt_irq_entry.o)
 .data          0x00000000080140bc        0x0 ../USB_function_bsp/\libhal_bsp.a(alt_irq_handler.o)
 .data          0x00000000080140bc        0x0 ../USB_function_bsp/\libhal_bsp.a(alt_exception_entry.o)
 .data          0x00000000080140bc        0x0 ../USB_function_bsp/\libhal_bsp.a(alt_instruction_exception_entry.o)
 .data          0x00000000080140bc        0x0 c:/intelfpga_lite/17.1/nios2eds/bin/gnu/h-x86_64-mingw32/bin/../lib/gcc/nios2-elf/5.3.0/../../../../../H-x86_64-mingw32/nios2-elf/lib\libc.a(lib_a-atexit.o)
 .data          0x00000000080140bc        0x0 c:/intelfpga_lite/17.1/nios2eds/bin/gnu/h-x86_64-mingw32/bin/../lib/gcc/nios2-elf/5.3.0/../../../../../H-x86_64-mingw32/nios2-elf/lib\libc.a(lib_a-exit.o)
 .data          0x00000000080140bc        0x0 c:/intelfpga_lite/17.1/nios2eds/bin/gnu/h-x86_64-mingw32/bin/../lib/gcc/nios2-elf/5.3.0/../../../../../H-x86_64-mingw32/nios2-elf/lib\libc.a(lib_a-memcmp.o)
 .data          0x00000000080140bc        0x0 c:/intelfpga_lite/17.1/nios2eds/bin/gnu/h-x86_64-mingw32/bin/../lib/gcc/nios2-elf/5.3.0/../../../../../H-x86_64-mingw32/nios2-elf/lib\libc.a(lib_a-__atexit.o)
 .data          0x00000000080140bc        0x0 c:/intelfpga_lite/17.1/nios2eds/bin/gnu/h-x86_64-mingw32/bin/../lib/gcc/nios2-elf/5.3.0/../../../../../H-x86_64-mingw32/nios2-elf/lib\libc.a(lib_a-__call_atexit.o)
 .data          0x00000000080140bc        0x0 ../USB_function_bsp/\libhal_bsp.a(alt_exit.o)
                0x000000000801c0bc                _gp = ABSOLUTE ((. + 0x8000))
                [!provide]                        PROVIDE (gp, _gp)
 *(.rwdata .rwdata.*)
 *(.sdata .sdata.* .gnu.linkonce.s.*)
 .sdata._global_impure_ptr
                0x00000000080140bc        0x4 c:/intelfpga_lite/17.1/nios2eds/bin/gnu/h-x86_64-mingw32/bin/../lib/gcc/nios2-elf/5.3.0/../../../../../H-x86_64-mingw32/nios2-elf/lib\libc.a(lib_a-impure.o)
                0x00000000080140bc                _global_impure_ptr
 .sdata._impure_ptr
                0x00000000080140c0        0x4 c:/intelfpga_lite/17.1/nios2eds/bin/gnu/h-x86_64-mingw32/bin/../lib/gcc/nios2-elf/5.3.0/../../../../../H-x86_64-mingw32/nios2-elf/lib\libc.a(lib_a-impure.o)
                0x00000000080140c0                _impure_ptr
 .sdata.__mb_cur_max
                0x00000000080140c4        0x4 c:/intelfpga_lite/17.1/nios2eds/bin/gnu/h-x86_64-mingw32/bin/../lib/gcc/nios2-elf/5.3.0/../../../../../H-x86_64-mingw32/nios2-elf/lib\libc.a(lib_a-locale.o)
                0x00000000080140c4                __mb_cur_max
 .sdata.__malloc_sbrk_base
                0x00000000080140c8        0x4 c:/intelfpga_lite/17.1/nios2eds/bin/gnu/h-x86_64-mingw32/bin/../lib/gcc/nios2-elf/5.3.0/../../../../../H-x86_64-mingw32/nios2-elf/lib\libc.a(lib_a-mallocr.o)
                0x00000000080140c8                __malloc_sbrk_base
 .sdata.__malloc_trim_threshold
                0x00000000080140cc        0x4 c:/intelfpga_lite/17.1/nios2eds/bin/gnu/h-x86_64-mingw32/bin/../lib/gcc/nios2-elf/5.3.0/../../../../../H-x86_64-mingw32/nios2-elf/lib\libc.a(lib_a-mallocr.o)
                0x00000000080140cc                __malloc_trim_threshold
 .sdata.__wctomb
                0x00000000080140d0        0x4 c:/intelfpga_lite/17.1/nios2eds/bin/gnu/h-x86_64-mingw32/bin/../lib/gcc/nios2-elf/5.3.0/../../../../../H-x86_64-mingw32/nios2-elf/lib\libc.a(lib_a-wctomb_r.o)
                0x00000000080140d0                __wctomb
 .sdata         0x00000000080140d4       0x14 ../USB_function_bsp/\libhal_bsp.a(alt_dev.o)
                0x00000000080140d4                alt_fs_list
                0x00000000080140dc                alt_dev_list
                0x00000000080140e4                alt_max_fd
 .sdata         0x00000000080140e8        0x4 ../USB_function_bsp/\libhal_bsp.a(alt_errno.o)
                0x00000000080140e8                alt_errno
 .sdata         0x00000000080140ec        0x4 ../USB_function_bsp/\libhal_bsp.a(alt_sbrk.o)
 .sdata         0x00000000080140f0        0x4 ../USB_function_bsp/\libhal_bsp.a(alt_irq_vars.o)
                0x00000000080140f0                alt_priority_mask
 .sdata         0x00000000080140f4        0x8 ../USB_function_bsp/\libhal_bsp.a(alt_tick.o)
                0x00000000080140f4                alt_alarm_list
 *(.sdata2 .sdata2.* .gnu.linkonce.s2.*)
                0x00000000080140fc                . = ALIGN (0x4)
                0x00000000080140fc                _edata = ABSOLUTE (.)
                [!provide]                        PROVIDE (edata, ABSOLUTE (.))
                0x00000000080140fc                PROVIDE (__ram_rwdata_end, ABSOLUTE (.))
                0x00000000080140fc                PROVIDE (__flash_rwdata_start, LOADADDR (.rwdata))

.bss            0x0000000008015c48      0x1f0
                0x0000000008015c48                __bss_start = ABSOLUTE (.)
                [!provide]                        PROVIDE (__sbss_start, ABSOLUTE (.))
                [!provide]                        PROVIDE (___sbss_start, ABSOLUTE (.))
 *(.dynsbss)
 *(.sbss .sbss.* .gnu.linkonce.sb.*)
 .sbss._PathLocale
                0x0000000008015c48        0x4 c:/intelfpga_lite/17.1/nios2eds/bin/gnu/h-x86_64-mingw32/bin/../lib/gcc/nios2-elf/5.3.0/../../../../../H-x86_64-mingw32/nios2-elf/lib\libc.a(lib_a-locale.o)
                0x0000000008015c48                _PathLocale
 .sbss.__mlocale_changed
                0x0000000008015c4c        0x4 c:/intelfpga_lite/17.1/nios2eds/bin/gnu/h-x86_64-mingw32/bin/../lib/gcc/nios2-elf/5.3.0/../../../../../H-x86_64-mingw32/nios2-elf/lib\libc.a(lib_a-locale.o)
                0x0000000008015c4c                __mlocale_changed
 .sbss.__nlocale_changed
                0x0000000008015c50        0x4 c:/intelfpga_lite/17.1/nios2eds/bin/gnu/h-x86_64-mingw32/bin/../lib/gcc/nios2-elf/5.3.0/../../../../../H-x86_64-mingw32/nios2-elf/lib\libc.a(lib_a-locale.o)
                0x0000000008015c50                __nlocale_changed
 .sbss.__malloc_max_total_mem
                0x0000000008015c54        0x4 c:/intelfpga_lite/17.1/nios2eds/bin/gnu/h-x86_64-mingw32/bin/../lib/gcc/nios2-elf/5.3.0/../../../../../H-x86_64-mingw32/nios2-elf/lib\libc.a(lib_a-mallocr.o)
                0x0000000008015c54                __malloc_max_total_mem
 .sbss.__malloc_max_sbrked_mem
                0x0000000008015c58        0x4 c:/intelfpga_lite/17.1/nios2eds/bin/gnu/h-x86_64-mingw32/bin/../lib/gcc/nios2-elf/5.3.0/../../../../../H-x86_64-mingw32/nios2-elf/lib\libc.a(lib_a-mallocr.o)
                0x0000000008015c58                __malloc_max_sbrked_mem
 .sbss.__malloc_top_pad
                0x0000000008015c5c        0x4 c:/intelfpga_lite/17.1/nios2eds/bin/gnu/h-x86_64-mingw32/bin/../lib/gcc/nios2-elf/5.3.0/../../../../../H-x86_64-mingw32/nios2-elf/lib\libc.a(lib_a-mallocr.o)
                0x0000000008015c5c                __malloc_top_pad
 .sbss          0x0000000008015c60        0x4 c:/intelfpga_lite/17.1/nios2eds/bin/gnu/h-x86_64-mingw32/bin/../lib/gcc/nios2-elf/5.3.0/../../../../../H-x86_64-mingw32/nios2-elf/lib\libc.a(lib_a-int_errno.o)
                0x0000000008015c60                errno
 .sbss          0x0000000008015c64        0xc ../USB_function_bsp/\libhal_bsp.a(alt_main.o)
                0x0000000008015c64                alt_argc
                0x0000000008015c68                alt_argv
                0x0000000008015c6c                alt_envp
 .sbss          0x0000000008015c70        0x4 ../USB_function_bsp/\libhal_bsp.a(altera_up_avalon_usb_high_level_driver.o)
                0x0000000008015c70                usb_settings
 .sbss          0x0000000008015c74        0xc ../USB_function_bsp/\libhal_bsp.a(altera_up_avalon_usb_mouse_driver.o)
                0x0000000008015c74                toggle
                0x0000000008015c78                mouse_port
                0x0000000008015c7c                mouse_addr
 .sbss          0x0000000008015c80        0x4 ../USB_function_bsp/\libhal_bsp.a(alt_irq_vars.o)
                0x0000000008015c80                alt_irq_active
 .sbss          0x0000000008015c84        0x8 ../USB_function_bsp/\libhal_bsp.a(alt_tick.o)
                0x0000000008015c84                _alt_tick_rate
                0x0000000008015c88                _alt_nticks
 .sbss          0x0000000008015c8c        0x4 ../USB_function_bsp/\libhal_bsp.a(alt_instruction_exception_entry.o)
                0x0000000008015c8c                alt_instruction_exception_handler
 *(.sbss2 .sbss2.* .gnu.linkonce.sb2.*)
 *(.scommon)
                [!provide]                        PROVIDE (__sbss_end, ABSOLUTE (.))
                [!provide]                        PROVIDE (___sbss_end, ABSOLUTE (.))
 *(.dynbss)
 *(.bss .bss.* .gnu.linkonce.b.*)
 .bss           0x0000000008015c90        0x0 ../USB_function_bsp//obj/HAL/src/crt0.o
 .bss           0x0000000008015c90        0x0 obj/default/prueba.o
 .bss           0x0000000008015c90        0x0 c:/intelfpga_lite/17.1/nios2eds/bin/gnu/h-x86_64-mingw32/bin/../lib/gcc/nios2-elf/5.3.0/../../../../../H-x86_64-mingw32/nios2-elf/lib\libc.a(lib_a-printf.o)
 .bss           0x0000000008015c90        0x0 c:/intelfpga_lite/17.1/nios2eds/bin/gnu/h-x86_64-mingw32/bin/../lib/gcc/nios2-elf/5.3.0/../../../../../H-x86_64-mingw32/nios2-elf/lib\libc.a(lib_a-puts.o)
 .bss           0x0000000008015c90        0x0 c:/intelfpga_lite/17.1/nios2eds/bin/gnu/h-x86_64-mingw32/bin/../lib/gcc/nios2-elf/5.3.0/../../../../../H-x86_64-mingw32/nios2-elf/lib\libc.a(lib_a-strlen.o)
 .bss           0x0000000008015c90        0x0 c:/intelfpga_lite/17.1/nios2eds/bin/gnu/h-x86_64-mingw32/bin/../lib/gcc/nios2-elf/5.3.0/../../../../../H-x86_64-mingw32/nios2-elf/lib\libc.a(lib_a-vfprintf.o)
 .bss           0x0000000008015c90        0x0 c:/intelfpga_lite/17.1/nios2eds/bin/gnu/h-x86_64-mingw32/bin/../lib/gcc/nios2-elf/5.3.0/../../../../../H-x86_64-mingw32/nios2-elf/lib\libc.a(lib_a-wsetup.o)
 .bss           0x0000000008015c90        0x0 c:/intelfpga_lite/17.1/nios2eds/bin/gnu/h-x86_64-mingw32/bin/../lib/gcc/nios2-elf/5.3.0/../../../../../H-x86_64-mingw32/nios2-elf/lib\libc.a(lib_a-dtoa.o)
 .bss           0x0000000008015c90        0x0 c:/intelfpga_lite/17.1/nios2eds/bin/gnu/h-x86_64-mingw32/bin/../lib/gcc/nios2-elf/5.3.0/../../../../../H-x86_64-mingw32/nios2-elf/lib\libc.a(lib_a-fflush.o)
 .bss           0x0000000008015c90        0x0 c:/intelfpga_lite/17.1/nios2eds/bin/gnu/h-x86_64-mingw32/bin/../lib/gcc/nios2-elf/5.3.0/../../../../../H-x86_64-mingw32/nios2-elf/lib\libc.a(lib_a-findfp.o)
 .bss           0x0000000008015c90        0x0 c:/intelfpga_lite/17.1/nios2eds/bin/gnu/h-x86_64-mingw32/bin/../lib/gcc/nios2-elf/5.3.0/../../../../../H-x86_64-mingw32/nios2-elf/lib\libc.a(lib_a-freer.o)
 .bss           0x0000000008015c90        0x0 c:/intelfpga_lite/17.1/nios2eds/bin/gnu/h-x86_64-mingw32/bin/../lib/gcc/nios2-elf/5.3.0/../../../../../H-x86_64-mingw32/nios2-elf/lib\libc.a(lib_a-fvwrite.o)
 .bss           0x0000000008015c90        0x0 c:/intelfpga_lite/17.1/nios2eds/bin/gnu/h-x86_64-mingw32/bin/../lib/gcc/nios2-elf/5.3.0/../../../../../H-x86_64-mingw32/nios2-elf/lib\libc.a(lib_a-fwalk.o)
 .bss           0x0000000008015c90        0x0 c:/intelfpga_lite/17.1/nios2eds/bin/gnu/h-x86_64-mingw32/bin/../lib/gcc/nios2-elf/5.3.0/../../../../../H-x86_64-mingw32/nios2-elf/lib\libc.a(lib_a-impure.o)
 .bss           0x0000000008015c90        0x0 c:/intelfpga_lite/17.1/nios2eds/bin/gnu/h-x86_64-mingw32/bin/../lib/gcc/nios2-elf/5.3.0/../../../../../H-x86_64-mingw32/nios2-elf/lib\libc.a(lib_a-locale.o)
 .bss           0x0000000008015c90        0x0 c:/intelfpga_lite/17.1/nios2eds/bin/gnu/h-x86_64-mingw32/bin/../lib/gcc/nios2-elf/5.3.0/../../../../../H-x86_64-mingw32/nios2-elf/lib\libc.a(lib_a-makebuf.o)
 .bss           0x0000000008015c90        0x0 c:/intelfpga_lite/17.1/nios2eds/bin/gnu/h-x86_64-mingw32/bin/../lib/gcc/nios2-elf/5.3.0/../../../../../H-x86_64-mingw32/nios2-elf/lib\libc.a(lib_a-mallocr.o)
 .bss.__malloc_current_mallinfo
                0x0000000008015c90       0x28 c:/intelfpga_lite/17.1/nios2eds/bin/gnu/h-x86_64-mingw32/bin/../lib/gcc/nios2-elf/5.3.0/../../../../../H-x86_64-mingw32/nios2-elf/lib\libc.a(lib_a-mallocr.o)
                0x0000000008015c90                __malloc_current_mallinfo
 .bss           0x0000000008015cb8        0x0 c:/intelfpga_lite/17.1/nios2eds/bin/gnu/h-x86_64-mingw32/bin/../lib/gcc/nios2-elf/5.3.0/../../../../../H-x86_64-mingw32/nios2-elf/lib\libc.a(lib_a-memchr.o)
 .bss           0x0000000008015cb8        0x0 c:/intelfpga_lite/17.1/nios2eds/bin/gnu/h-x86_64-mingw32/bin/../lib/gcc/nios2-elf/5.3.0/../../../../../H-x86_64-mingw32/nios2-elf/lib\libc.a(lib_a-memcpy.o)
 .bss           0x0000000008015cb8        0x0 c:/intelfpga_lite/17.1/nios2eds/bin/gnu/h-x86_64-mingw32/bin/../lib/gcc/nios2-elf/5.3.0/../../../../../H-x86_64-mingw32/nios2-elf/lib\libc.a(lib_a-memmove.o)
 .bss           0x0000000008015cb8        0x0 c:/intelfpga_lite/17.1/nios2eds/bin/gnu/h-x86_64-mingw32/bin/../lib/gcc/nios2-elf/5.3.0/../../../../../H-x86_64-mingw32/nios2-elf/lib\libc.a(lib_a-memset.o)
 .bss           0x0000000008015cb8        0x0 c:/intelfpga_lite/17.1/nios2eds/bin/gnu/h-x86_64-mingw32/bin/../lib/gcc/nios2-elf/5.3.0/../../../../../H-x86_64-mingw32/nios2-elf/lib\libc.a(lib_a-mprec.o)
 .bss           0x0000000008015cb8        0x0 c:/intelfpga_lite/17.1/nios2eds/bin/gnu/h-x86_64-mingw32/bin/../lib/gcc/nios2-elf/5.3.0/../../../../../H-x86_64-mingw32/nios2-elf/lib\libc.a(lib_a-reallocr.o)
 .bss           0x0000000008015cb8        0x0 c:/intelfpga_lite/17.1/nios2eds/bin/gnu/h-x86_64-mingw32/bin/../lib/gcc/nios2-elf/5.3.0/../../../../../H-x86_64-mingw32/nios2-elf/lib\libc.a(lib_a-s_fpclassify.o)
 .bss           0x0000000008015cb8        0x0 c:/intelfpga_lite/17.1/nios2eds/bin/gnu/h-x86_64-mingw32/bin/../lib/gcc/nios2-elf/5.3.0/../../../../../H-x86_64-mingw32/nios2-elf/lib\libc.a(lib_a-sbrkr.o)
 .bss           0x0000000008015cb8        0x0 c:/intelfpga_lite/17.1/nios2eds/bin/gnu/h-x86_64-mingw32/bin/../lib/gcc/nios2-elf/5.3.0/../../../../../H-x86_64-mingw32/nios2-elf/lib\libc.a(lib_a-stdio.o)
 .bss           0x0000000008015cb8        0x0 c:/intelfpga_lite/17.1/nios2eds/bin/gnu/h-x86_64-mingw32/bin/../lib/gcc/nios2-elf/5.3.0/../../../../../H-x86_64-mingw32/nios2-elf/lib\libc.a(lib_a-strcmp.o)