Archive member included to satisfy reference by file (symbol)

c:/intelfpga/17.1/nios2eds/bin/gnu/h-x86_64-mingw32/bin/../lib/gcc/nios2-elf/5.3.0\libgcc.a(lib2-divmod.o)
                              obj/default/cy7c67200_device/usb_device_control.o (__udivsi3)
c:/intelfpga/17.1/nios2eds/bin/gnu/h-x86_64-mingw32/bin/../lib/gcc/nios2-elf/5.3.0/../../../../../H-x86_64-mingw32/nios2-elf/lib\libc.a(lib_a-malloc.o)
                              obj/default/cy7c67200_device/usb_device.o (malloc)
c:/intelfpga/17.1/nios2eds/bin/gnu/h-x86_64-mingw32/bin/../lib/gcc/nios2-elf/5.3.0/../../../../../H-x86_64-mingw32/nios2-elf/lib\libc.a(lib_a-mallocr.o)
                              c:/intelfpga/17.1/nios2eds/bin/gnu/h-x86_64-mingw32/bin/../lib/gcc/nios2-elf/5.3.0/../../../../../H-x86_64-mingw32/nios2-elf/lib\libc.a(lib_a-malloc.o) (_malloc_r)
c:/intelfpga/17.1/nios2eds/bin/gnu/h-x86_64-mingw32/bin/../lib/gcc/nios2-elf/5.3.0/../../../../../H-x86_64-mingw32/nios2-elf/lib\libc.a(lib_a-printf.o)
                              obj/default/cy7c67200_device/usb_device.o (printf)
c:/intelfpga/17.1/nios2eds/bin/gnu/h-x86_64-mingw32/bin/../lib/gcc/nios2-elf/5.3.0/../../../../../H-x86_64-mingw32/nios2-elf/lib\libc.a(lib_a-puts.o)
                              obj/default/cy7c67200_device/usb_device.o (puts)
c:/intelfpga/17.1/nios2eds/bin/gnu/h-x86_64-mingw32/bin/../lib/gcc/nios2-elf/5.3.0/../../../../../H-x86_64-mingw32/nios2-elf/lib\libc.a(lib_a-sbrkr.o)
                              c:/intelfpga/17.1/nios2eds/bin/gnu/h-x86_64-mingw32/bin/../lib/gcc/nios2-elf/5.3.0/../../../../../H-x86_64-mingw32/nios2-elf/lib\libc.a(lib_a-mallocr.o) (_sbrk_r)
c:/intelfpga/17.1/nios2eds/bin/gnu/h-x86_64-mingw32/bin/../lib/gcc/nios2-elf/5.3.0/../../../../../H-x86_64-mingw32/nios2-elf/lib\libc.a(lib_a-strlen.o)
                              c:/intelfpga/17.1/nios2eds/bin/gnu/h-x86_64-mingw32/bin/../lib/gcc/nios2-elf/5.3.0/../../../../../H-x86_64-mingw32/nios2-elf/lib\libc.a(lib_a-puts.o) (strlen)
c:/intelfpga/17.1/nios2eds/bin/gnu/h-x86_64-mingw32/bin/../lib/gcc/nios2-elf/5.3.0/../../../../../H-x86_64-mingw32/nios2-elf/lib\libc.a(lib_a-vfprintf.o)
                              c:/intelfpga/17.1/nios2eds/bin/gnu/h-x86_64-mingw32/bin/../lib/gcc/nios2-elf/5.3.0/../../../../../H-x86_64-mingw32/nios2-elf/lib\libc.a(lib_a-printf.o) (___vfprintf_internal_r)
c:/intelfpga/17.1/nios2eds/bin/gnu/h-x86_64-mingw32/bin/../lib/gcc/nios2-elf/5.3.0/../../../../../H-x86_64-mingw32/nios2-elf/lib\libc.a(lib_a-wsetup.o)
                              c:/intelfpga/17.1/nios2eds/bin/gnu/h-x86_64-mingw32/bin/../lib/gcc/nios2-elf/5.3.0/../../../../../H-x86_64-mingw32/nios2-elf/lib\libc.a(lib_a-vfprintf.o) (__swsetup_r)
c:/intelfpga/17.1/nios2eds/bin/gnu/h-x86_64-mingw32/bin/../lib/gcc/nios2-elf/5.3.0/../../../../../H-x86_64-mingw32/nios2-elf/lib\libc.a(lib_a-dtoa.o)
                              c:/intelfpga/17.1/nios2eds/bin/gnu/h-x86_64-mingw32/bin/../lib/gcc/nios2-elf/5.3.0/../../../../../H-x86_64-mingw32/nios2-elf/lib\libc.a(lib_a-vfprintf.o) (_dtoa_r)
c:/intelfpga/17.1/nios2eds/bin/gnu/h-x86_64-mingw32/bin/../lib/gcc/nios2-elf/5.3.0/../../../../../H-x86_64-mingw32/nios2-elf/lib\libc.a(lib_a-fflush.o)
                              c:/intelfpga/17.1/nios2eds/bin/gnu/h-x86_64-mingw32/bin/../lib/gcc/nios2-elf/5.3.0/../../../../../H-x86_64-mingw32/nios2-elf/lib\libc.a(lib_a-vfprintf.o) (_fflush_r)
c:/intelfpga/17.1/nios2eds/bin/gnu/h-x86_64-mingw32/bin/../lib/gcc/nios2-elf/5.3.0/../../../../../H-x86_64-mingw32/nios2-elf/lib\libc.a(lib_a-findfp.o)
                              c:/intelfpga/17.1/nios2eds/bin/gnu/h-x86_64-mingw32/bin/../lib/gcc/nios2-elf/5.3.0/../../../../../H-x86_64-mingw32/nios2-elf/lib\libc.a(lib_a-puts.o) (__sinit)
c:/intelfpga/17.1/nios2eds/bin/gnu/h-x86_64-mingw32/bin/../lib/gcc/nios2-elf/5.3.0/../../../../../H-x86_64-mingw32/nios2-elf/lib\libc.a(lib_a-freer.o)
                              c:/intelfpga/17.1/nios2eds/bin/gnu/h-x86_64-mingw32/bin/../lib/gcc/nios2-elf/5.3.0/../../../../../H-x86_64-mingw32/nios2-elf/lib\libc.a(lib_a-malloc.o) (_free_r)
c:/intelfpga/17.1/nios2eds/bin/gnu/h-x86_64-mingw32/bin/../lib/gcc/nios2-elf/5.3.0/../../../../../H-x86_64-mingw32/nios2-elf/lib\libc.a(lib_a-fvwrite.o)
                              c:/intelfpga/17.1/nios2eds/bin/gnu/h-x86_64-mingw32/bin/../lib/gcc/nios2-elf/5.3.0/../../../../../H-x86_64-mingw32/nios2-elf/lib\libc.a(lib_a-puts.o) (__sfvwrite_r)
c:/intelfpga/17.1/nios2eds/bin/gnu/h-x86_64-mingw32/bin/../lib/gcc/nios2-elf/5.3.0/../../../../../H-x86_64-mingw32/nios2-elf/lib\libc.a(lib_a-fwalk.o)
                              c:/intelfpga/17.1/nios2eds/bin/gnu/h-x86_64-mingw32/bin/../lib/gcc/nios2-elf/5.3.0/../../../../../H-x86_64-mingw32/nios2-elf/lib\libc.a(lib_a-findfp.o) (_fwalk)
c:/intelfpga/17.1/nios2eds/bin/gnu/h-x86_64-mingw32/bin/../lib/gcc/nios2-elf/5.3.0/../../../../../H-x86_64-mingw32/nios2-elf/lib\libc.a(lib_a-impure.o)
[...]
Memory Configuration

Name             Origin             Length             Attributes
reset            0x0000000008000000 0x0000000000000020
sdram            0x0000000008000020 0x0000000007ffffe0
flash_controller 0x0000000010800000 0x0000000000800000
onchip_memory    0x0000000011208000 0x0000000000008000
*default*        0x0000000000000000 0xffffffffffffffff

Linker script and memory map

LOAD ../USB_functioning_bsp//obj/HAL/src/crt0.o
LOAD obj/default/cy7c67200_device/usb_device.o
LOAD obj/default/cy7c67200_device/usb_device_control.o
LOAD obj/default/cy7c67200_device/usb_hal.o
LOAD obj/default/main.o
LOAD c:/intelfpga/17.1/nios2eds/bin/gnu/h-x86_64-mingw32/bin/../lib/gcc/nios2-elf/5.3.0/../../../../../H-x86_64-mingw32/nios2-elf/lib\libstdc++.a
LOAD c:/intelfpga/17.1/nios2eds/bin/gnu/h-x86_64-mingw32/bin/../lib/gcc/nios2-elf/5.3.0/../../../../../H-x86_64-mingw32/nios2-elf/lib\libm.a
LOAD c:/intelfpga/17.1/nios2eds/bin/gnu/h-x86_64-mingw32/bin/../lib/gcc/nios2-elf/5.3.0\libgcc.a
START GROUP
LOAD c:/intelfpga/17.1/nios2eds/bin/gnu/h-x86_64-mingw32/bin/../lib/gcc/nios2-elf/5.3.0/../../../../../H-x86_64-mingw32/nios2-elf/lib\libc.a
LOAD c:/intelfpga/17.1/nios2eds/bin/gnu/h-x86_64-mingw32/bin/../lib/gcc/nios2-elf/5.3.0\libgcc.a
LOAD ../USB_functioning_bsp/\libhal_bsp.a
LOAD c:/intelfpga/17.1/nios2eds/bin/gnu/h-x86_64-mingw32/bin/../lib/gcc/nios2-elf/5.3.0/../../../../../H-x86_64-mingw32/nios2-elf/lib\libm.a
END GROUP
LOAD c:/intelfpga/17.1/nios2eds/bin/gnu/h-x86_64-mingw32/bin/../lib/gcc/nios2-elf/5.3.0\libgcc.a
                0x0000000008000000                __alt_mem_sdram = 0x8000000
                0x0000000010800000                __alt_mem_flash_controller = 0x10800000
                0x0000000011208000                __alt_mem_onchip_memory = 0x11208000

.entry          0x0000000008000000       0x20
 *(.entry)
 .entry         0x0000000008000000       0x20 ../USB_functioning_bsp//obj/HAL/src/crt0.o
                0x0000000008000000                __reset

.exceptions     0x0000000008000020      0x228
                0x0000000008000020                PROVIDE (__ram_exceptions_start, ABSOLUTE (.))
                0x0000000008000020                . = ALIGN (0x20)
 *(.irq)
 *(.exceptions.entry.label)
 .exceptions.entry.label
                0x0000000008000020        0x0 ../USB_functioning_bsp/\libhal_bsp.a(alt_irq_entry.o)
                0x0000000008000020                alt_irq_entry
 .exceptions.entry.label
                0x0000000008000020        0x0 ../USB_functioning_bsp/\libhal_bsp.a(alt_exception_entry.o)
                0x0000000008000020                alt_exception
 *(.exceptions.entry.user)
 *(.exceptions.entry.ecc_fatal)
 *(.exceptions.entry)
 .exceptions.entry
                0x0000000008000020       0x54 ../USB_functioning_bsp/\libhal_bsp.a(alt_exception_entry.o)
 *(.exceptions.irqtest.user)
 *(.exceptions.irqtest)
 .exceptions.irqtest
                0x0000000008000074       0x10 ../USB_functioning_bsp/\libhal_bsp.a(alt_irq_entry.o)
 *(.exceptions.irqhandler.user)
 *(.exceptions.irqhandler)
 .exceptions.irqhandler
                0x0000000008000084        0x4 ../USB_functioning_bsp/\libhal_bsp.a(alt_irq_entry.o)
 *(.exceptions.irqreturn.user)
 *(.exceptions.irqreturn)
 .exceptions.irqreturn
                0x0000000008000088        0x4 ../USB_functioning_bsp/\libhal_bsp.a(alt_irq_entry.o)
 *(.exceptions.notirq.label)
 .exceptions.notirq.label
                0x000000000800008c        0x0 ../USB_functioning_bsp/\libhal_bsp.a(alt_irq_entry.o)
 *(.exceptions.notirq.user)
 *(.exceptions.notirq)
 .exceptions.notirq
                0x000000000800008c        0x8 ../USB_functioning_bsp/\libhal_bsp.a(alt_exception_entry.o)
 *(.exceptions.soft.user)
 *(.exceptions.soft)
 *(.exceptions.unknown.user)
 *(.exceptions.unknown)
 .exceptions.unknown
                0x0000000008000094       0x14 ../USB_functioning_bsp/\libhal_bsp.a(alt_exception_entry.o)
 *(.exceptions.exit.label)
 .exceptions.exit.label
                0x00000000080000a8        0x0 ../USB_functioning_bsp/\libhal_bsp.a(alt_irq_entry.o)
 .exceptions.exit.label
                0x00000000080000a8        0x0 ../USB_functioning_bsp/\libhal_bsp.a(alt_exception_entry.o)
 *(.exceptions.exit.user)
 *(.exceptions.exit)
 .exceptions.exit
                0x00000000080000a8       0x54 ../USB_functioning_bsp/\libhal_bsp.a(alt_exception_entry.o)
 *(.exceptions)
 .exceptions    0x00000000080000fc       0xd8 ../USB_functioning_bsp/\libhal_bsp.a(alt_irq_handler.o)
                0x00000000080000fc                alt_irq_handler
 .exceptions    0x00000000080001d4       0x74 ../USB_functioning_bsp/\libhal_bsp.a(alt_instruction_exception_entry.o)
                0x00000000080001d4                alt_instruction_exception_entry
                0x0000000008000248                PROVIDE (__ram_exceptions_end, ABSOLUTE (.))
                0x0000000008000020                PROVIDE (__flash_exceptions_start, LOADADDR (.exceptions))

.text           0x0000000008000248    0x1882c
                [!provide]                        PROVIDE (stext, ABSOLUTE (.))
 *(.interp)
 *(.hash)
 *(.dynsym)
 *(.dynstr)
 *(.gnu.version)
 *(.gnu.version_d)
 *(.gnu.version_r)
 *(.rel.init)
 *(.rela.init)
 *(.rel.text .rel.text.* .rel.gnu.linkonce.t.*)
 *(.rela.text .rela.text.* .rela.gnu.linkonce.t.*)
 *(.rel.fini)
 *(.rela.fini)
 *(.rel.rodata .rel.rodata.* .rel.gnu.linkonce.r.*)
 *(.rela.rodata .rela.rodata.* .rela.gnu.linkonce.r.*)
 *(.rel.data .rel.data.* .rel.gnu.linkonce.d.*)
 *(.rela.data .rela.data.* .rela.gnu.linkonce.d.*)
 *(.rel.tdata .rel.tdata.* .rel.gnu.linkonce.td.*)
 *(.rela.tdata .rela.tdata.* .rela.gnu.linkonce.td.*)
 *(.rel.tbss .rel.tbss.* .rel.gnu.linkonce.tb.*)
 *(.rela.tbss .rela.tbss.* .rela.gnu.linkonce.tb.*)
 *(.rel.ctors)
 *(.rela.ctors)
 *(.rel.dtors)
 *(.rela.dtors)
 *(.rel.got)
 *(.rela.got)
 *(.rel.sdata .rel.sdata.* .rel.gnu.linkonce.s.*)
 *(.rela.sdata .rela.sdata.* .rela.gnu.linkonce.s.*)
 *(.rel.sbss .rel.sbss.* .rel.gnu.linkonce.sb.*)
 *(.rela.sbss .rela.sbss.* .rela.gnu.linkonce.sb.*)
 *(.rel.sdata2 .rel.sdata2.* .rel.gnu.linkonce.s2.*)
 *(.rela.sdata2 .rela.sdata2.* .rela.gnu.linkonce.s2.*)
 *(.rel.sbss2 .rel.sbss2.* .rel.gnu.linkonce.sb2.*)
 *(.rela.sbss2 .rela.sbss2.* .rela.gnu.linkonce.sb2.*)
 *(.rel.bss .rel.bss.* .rel.gnu.linkonce.b.*)
 *(.rela.bss .rela.bss.* .rela.gnu.linkonce.b.*)
 *(.rel.plt)
 *(.rela.plt)
 *(.rel.dyn)
 *(.init)
 *(.plt)
 *(.text .stub .text.* .gnu.linkonce.t.*)
 .text          0x0000000008000248       0x4c ../USB_functioning_bsp//obj/HAL/src/crt0.o
                0x0000000008000248                _start
 .text          0x0000000008000294      0x71c obj/default/cy7c67200_device/usb_device.o
                0x0000000008000294                dc_init_struct
                0x00000000080002f0                dc_clear_bug
                0x0000000008000380                dc_download
                0x00000000080004ec                dc_download_code
                0x000000000800062c                hpi_command
                0x0000000008000730                usb_send_data
                0x0000000008000864                usb_enable_receive_data
 .text          0x00000000080009b0      0x884 obj/default/cy7c67200_device/usb_device_control.o
                0x00000000080009b0                dcProcessEvent
                0x0000000008000a24                sie2_msg_handler
 .text          0x0000000008001234      0x6a4 obj/default/cy7c67200_device/usb_hal.o
                0x0000000008001234                hpi_init
                0x0000000008001254                hpi_read_memory
                0x000000000800137c                hpi_write_memory
                0x0000000008001560                hpi_read_reg
                0x00000000080015ac                hpi_write_reg
                0x00000000080015f8                hpi_read_status
                0x0000000008001628                hpi_write_mbx
                0x0000000008001660                hpi_read_mbx
                0x0000000008001690                hpi_write_word
                0x00000000080016e0                hpi_read_word
                0x0000000008001824                get_ushort
 .text          0x00000000080018d8       0xc8 obj/default/main.o
                0x00000000080018d8                main
 .text          0x00000000080019a0      0x1b4 c:/intelfpga/17.1/nios2eds/bin/gnu/h-x86_64-mingw32/bin/../lib/gcc/nios2-elf/5.3.0\libgcc.a(lib2-divmod.o)
                0x00000000080019a0                __divsi3
                0x0000000008001a24                __modsi3
                0x0000000008001a98                __udivsi3
                0x0000000008001afc                __umodsi3
 .text          0x0000000008001b54        0x0 c:/intelfpga/17.1/nios2eds/bin/gnu/h-x86_64-mingw32/bin/../lib/gcc/nios2-elf/5.3.0/../../../../../H-x86_64-mingw32/nios2-elf/lib\libc.a(lib_a-malloc.o)
 .text.malloc   0x0000000008001b54       0x14 c:/intelfpga/17.1/nios2eds/bin/gnu/h-x86_64-mingw32/bin/../lib/gcc/nios2-elf/5.3.0/../../../../../H-x86_64-mingw32/nios2-elf/lib\libc.a(lib_a-malloc.o)
                0x0000000008001b54                malloc
 .text.free     0x0000000008001b68       0x14 c:/intelfpga/17.1/nios2eds/bin/gnu/h-x86_64-mingw32/bin/../lib/gcc/nios2-elf/5.3.0/../../../../../H-x86_64-mingw32/nios2-elf/lib\libc.a(lib_a-malloc.o)
                0x0000000008001b68                free
 .text          0x0000000008001b7c        0x0 c:/intelfpga/17.1/nios2eds/bin/gnu/h-x86_64-mingw32/bin/../lib/gcc/nios2-elf/5.3.0/../../../../../H-x86_64-mingw32/nios2-elf/lib\libc.a(lib_a-mallocr.o)
 .text._malloc_r
                0x0000000008001b7c      0x80c c:/intelfpga/17.1/nios2eds/bin/gnu/h-x86_64-mingw32/bin/../lib/gcc/nios2-elf/5.3.0/../../../../../H-x86_64-mingw32/nios2-elf/lib\libc.a(lib_a-mallocr.o)
                0x0000000008001b7c                _malloc_r
 .text          0x0000000008002388        0x0 c:/intelfpga/17.1/nios2eds/bin/gnu/h-x86_64-mingw32/bin/../lib/gcc/nios2-elf/5.3.0/../../../../../H-x86_64-mingw32/nios2-elf/lib\libc.a(lib_a-printf.o)
 .text._printf_r
                0x0000000008002388       0x30 c:/intelfpga/17.1/nios2eds/bin/gnu/h-x86_64-mingw32/bin/../lib/gcc/nios2-elf/5.3.0/../../../../../H-x86_64-mingw32/nios2-elf/lib\libc.a(lib_a-printf.o)
                0x0000000008002388                _printf_r
 .text.printf   0x00000000080023b8       0x3c c:/intelfpga/17.1/nios2eds/bin/gnu/h-x86_64-mingw32/bin/../lib/gcc/nios2-elf/5.3.0/../../../../../H-x86_64-mingw32/nios2-elf/lib\libc.a(lib_a-printf.o)
                0x00000000080023b8                printf
 .text          0x00000000080023f4        0x0 c:/intelfpga/17.1/nios2eds/bin/gnu/h-x86_64-mingw32/bin/../lib/gcc/nios2-elf/5.3.0/../../../../../H-x86_64-mingw32/nios2-elf/lib\libc.a(lib_a-puts.o)
 .text._puts_r  0x00000000080023f4       0xc0 c:/intelfpga/17.1/nios2eds/bin/gnu/h-x86_64-mingw32/bin/../lib/gcc/nios2-elf/5.3.0/../../../../../H-x86_64-mingw32/nios2-elf/lib\libc.a(lib_a-puts.o)
                0x00000000080023f4                _puts_r
 .text.puts     0x00000000080024b4       0x14 c:/intelfpga/17.1/nios2eds/bin/gnu/h-x86_64-mingw32/bin/../lib/gcc/nios2-elf/5.3.0/../../../../../H-x86_64-mingw32/nios2-elf/lib\libc.a(lib_a-puts.o)
                0x00000000080024b4                puts
 .text          0x00000000080024c8        0x0 c:/intelfpga/17.1/nios2eds/bin/gnu/h-x86_64-mingw32/bin/../lib/gcc/nios2-elf/5.3.0/../../../../../H-x86_64-mingw32/nios2-elf/lib\libc.a(lib_a-sbrkr.o)
 .text._sbrk_r  0x00000000080024c8       0x54 c:/intelfpga/17.1/nios2eds/bin/gnu/h-x86_64-mingw32/bin/../lib/gcc/nios2-elf/5.3.0/../../../../../H-x86_64-mingw32/nios2-elf/lib\libc.a(lib_a-sbrkr.o)
                0x00000000080024c8                _sbrk_r
 .text          0x000000000800251c        0x0 c:/intelfpga/17.1/nios2eds/bin/gnu/h-x86_64-mingw32/bin/../lib/gcc/nios2-elf/5.3.0/../../../../../H-x86_64-mingw32/nios2-elf/lib\libc.a(lib_a-strlen.o)
 .text.strlen   0x000000000800251c       0x98 c:/intelfpga/17.1/nios2eds/bin/gnu/h-x86_64-mingw32/bin/../lib/gcc/nios2-elf/5.3.0/../../../../../H-x86_64-mingw32/nios2-elf/lib\libc.a(lib_a-strlen.o)
                0x000000000800251c                strlen
 .text          0x00000000080025b4        0x0 c:/intelfpga/17.1/nios2eds/bin/gnu/h-x86_64-mingw32/bin/../lib/gcc/nios2-elf/5.3.0/../../../../../H-x86_64-mingw32/nios2-elf/lib\libc.a(lib_a-vfprintf.o)
 .text.___vfprintf_internal_r
                0x00000000080025b4     0x21f8 c:/intelfpga/17.1/nios2eds/bin/gnu/h-x86_64-mingw32/bin/../lib/gcc/nios2-elf/5.3.0/../../../../../H-x86_64-mingw32/nios2-elf/lib\libc.a(lib_a-vfprintf.o)
                0x00000000080025b4                ___vfprintf_internal_r
 .text.__vfprintf_internal
                0x00000000080047ac       0x1c c:/intelfpga/17.1/nios2eds/bin/gnu/h-x86_64-mingw32/bin/../lib/gcc/nios2-elf/5.3.0/../../../../../H-x86_64-mingw32/nios2-elf/lib\libc.a(lib_a-vfprintf.o)
                0x00000000080047ac                __vfprintf_internal
 .text.__sbprintf
                0x00000000080047c8       0xbc c:/intelfpga/17.1/nios2eds/bin/gnu/h-x86_64-mingw32/bin/../lib/gcc/nios2-elf/5.3.0/../../../../../H-x86_64-mingw32/nios2-elf/lib\libc.a(lib_a-vfprintf.o)
 .text          0x0000000008004884        0x0 c:/intelfpga/17.1/nios2eds/bin/gnu/h-x86_64-mingw32/bin/../lib/gcc/nios2-elf/5.3.0/../../../../../H-x86_64-mingw32/nios2-elf/lib\libc.a(lib_a-wsetup.o)
 .text.__swsetup_r
                0x0000000008004884      0x154 c:/intelfpga/17.1/nios2eds/bin/gnu/h-x86_64-mingw32/bin/../lib/gcc/nios2-elf/5.3.0/../../../../../H-x86_64-mingw32/nios2-elf/lib\libc.a(lib_a-wsetup.o)
                0x0000000008004884                __swsetup_r
 .text          0x00000000080049d8        0x0 c:/intelfpga/17.1/nios2eds/bin/gnu/h-x86_64-mingw32/bin/../lib/gcc/nios2-elf/5.3.0/../../../../../H-x86_64-mingw32/nios2-elf/lib\libc.a(lib_a-dtoa.o)
 .text.quorem   0x00000000080049d8      0x200 c:/intelfpga/17.1/nios2eds/bin/gnu/h-x86_64-mingw32/bin/../lib/gcc/nios2-elf/5.3.0/../../../../../H-x86_64-mingw32/nios2-elf/lib\libc.a(lib_a-dtoa.o)
 .text._dtoa_r  0x0000000008004bd8     0x1688 c:/intelfpga/17.1/nios2eds/bin/gnu/h-x86_64-mingw32/bin/../lib/gcc/nios2-elf/5.3.0/../../../../../H-x86_64-mingw32/nios2-elf/lib\libc.a(lib_a-dtoa.o)
                0x0000000008004bd8                _dtoa_r
 .text          0x0000000008006260        0x0 c:/intelfpga/17.1/nios2eds/bin/gnu/h-x86_64-mingw32/bin/../lib/gcc/nios2-elf/5.3.0/../../../../../H-x86_64-mingw32/nios2-elf/lib\libc.a(lib_a-fflush.o)
 .text.__sflush_r
                0x0000000008006260      0x21c c:/intelfpga/17.1/nios2eds/bin/gnu/h-x86_64-mingw32/bin/../lib/gcc/nios2-elf/5.3.0/../../../../../H-x86_64-mingw32/nios2-elf/lib\libc.a(lib_a-fflush.o)
                0x0000000008006260                __sflush_r
 .text._fflush_r
                0x000000000800647c       0x5c c:/intelfpga/17.1/nios2eds/bin/gnu/h-x86_64-mingw32/bin/../lib/gcc/nios2-elf/5.3.0/../../../../../H-x86_64-mingw32/nios2-elf/lib\libc.a(lib_a-fflush.o)
                0x000000000800647c                _fflush_r
 .text.fflush   0x00000000080064d8       0x30 c:/intelfpga/17.1/nios2eds/bin/gnu/h-x86_64-mingw32/bin/../lib/gcc/nios2-elf/5.3.0/../../../../../H-x86_64-mingw32/nios2-elf/lib\libc.a(lib_a-fflush.o)
                0x00000000080064d8                fflush
 .text          0x0000000008006508        0x0 c:/intelfpga/17.1/nios2eds/bin/gnu/h-x86_64-mingw32/bin/../lib/gcc/nios2-elf/5.3.0/../../../../../H-x86_64-mingw32/nios2-elf/lib\libc.a(lib_a-findfp.o)
 .text.__fp_unlock
                0x0000000008006508        0x8 c:/intelfpga/17.1/nios2eds/bin/gnu/h-x86_64-mingw32/bin/../lib/gcc/nios2-elf/5.3.0/../../../../../H-x86_64-mingw32/nios2-elf/lib\libc.a(lib_a-findfp.o)
 .text._cleanup_r
                0x0000000008006510        0xc c:/intelfpga/17.1/nios2eds/bin/gnu/h-x86_64-mingw32/bin/../lib/gcc/nios2-elf/5.3.0/../../../../../H-x86_64-mingw32/nios2-elf/lib\libc.a(lib_a-findfp.o)
                0x0000000008006510                _cleanup_r
 .text.__sinit.part.1
                0x000000000800651c      0x19c c:/intelfpga/17.1/nios2eds/bin/gnu/h-x86_64-mingw32/bin/../lib/gcc/nios2-elf/5.3.0/../../../../../H-x86_64-mingw32/nios2-elf/lib\libc.a(lib_a-findfp.o)
 .text.__fp_lock
                0x00000000080066b8        0x8 c:/intelfpga/17.1/nios2eds/bin/gnu/h-x86_64-mingw32/bin/../lib/gcc/nios2-elf/5.3.0/../../../../../H-x86_64-mingw32/nios2-elf/lib\libc.a(lib_a-findfp.o)
 .text.__sfmoreglue
                0x00000000080066c0       0x68 c:/intelfpga/17.1/nios2eds/bin/gnu/h-x86_64-mingw32/bin/../lib/gcc/nios2-elf/5.3.0/../../../../../H-x86_64-mingw32/nios2-elf/lib\libc.a(lib_a-findfp.o)
                0x00000000080066c0                __sfmoreglue
 .text.__sfp    0x0000000008006728      0x118 c:/intelfpga/17.1/nios2eds/bin/gnu/h-x86_64-mingw32/bin/../lib/gcc/nios2-elf/5.3.0/../../../../../H-x86_64-mingw32/nios2-elf/lib\libc.a(lib_a-findfp.o)
                0x0000000008006728                __sfp
 .text._cleanup
                0x0000000008006840       0x18 c:/intelfpga/17.1/nios2eds/bin/gnu/h-x86_64-mingw32/bin/../lib/gcc/nios2-elf/5.3.0/../../../../../H-x86_64-mingw32/nios2-elf/lib\libc.a(lib_a-findfp.o)
                0x0000000008006840                _cleanup
 .text.__sinit  0x0000000008006858       0x10 c:/intelfpga/17.1/nios2eds/bin/gnu/h-x86_64-mingw32/bin/../lib/gcc/nios2-elf/5.3.0/../../../../../H-x86_64-mingw32/nios2-elf/lib\libc.a(lib_a-findfp.o)
                0x0000000008006858                __sinit
 .text.__sfp_lock_acquire
                0x0000000008006868        0x4 c:/intelfpga/17.1/nios2eds/bin/gnu/h-x86_64-mingw32/bin/../lib/gcc/nios2-elf/5.3.0/../../../../../H-x86_64-mingw32/nios2-elf/lib\libc.a(lib_a-findfp.o)
                0x0000000008006868                __sfp_lock_acquire
 .text.__sfp_lock_release
                0x000000000800686c        0x4 c:/intelfpga/17.1/nios2eds/bin/gnu/h-x86_64-mingw32/bin/../lib/gcc/nios2-elf/5.3.0/../../../../../H-x86_64-mingw32/nios2-elf/lib\libc.a(lib_a-findfp.o)
                0x000000000800686c                __sfp_lock_release
 .text.__sinit_lock_acquire
                0x0000000008006870        0x4 c:/intelfpga/17.1/nios2eds/bin/gnu/h-x86_64-mingw32/bin/../lib/gcc/nios2-elf/5.3.0/../../../../../H-x86_64-mingw32/nios2-elf/lib\libc.a(lib_a-findfp.o)
                0x0000000008006870                __sinit_lock_acquire
 .text.__sinit_lock_release
                0x0000000008006874        0x4 c:/intelfpga/17.1/nios2eds/bin/gnu/h-x86_64-mingw32/bin/../lib/gcc/nios2-elf/5.3.0/../../../../../H-x86_64-mingw32/nios2-elf/lib\libc.a(lib_a-findfp.o)
                0x0000000008006874                __sinit_lock_release
 .text.__fp_lock_all
                0x0000000008006878       0x18 c:/intelfpga/17.1/nios2eds/bin/gnu/h-x86_64-mingw32/bin/../lib/gcc/nios2-elf/5.3.0/../../../../../H-x86_64-mingw32/nios2-elf/lib\libc.a(lib_a-findfp.o)
                0x0000000008006878                __fp_lock_all
 .text.__fp_unlock_all
                0x0000000008006890       0x18 c:/intelfpga/17.1/nios2eds/bin/gnu/h-x86_64-mingw32/bin/../lib/gcc/nios2-elf/5.3.0/../../../../../H-x86_64-mingw32/nios2-elf/lib\libc.a(lib_a-findfp.o)
                0x0000000008006890                __fp_unlock_all
 .text          0x00000000080068a8        0x0 c:/intelfpga/17.1/nios2eds/bin/gnu/h-x86_64-mingw32/bin/../lib/gcc/nios2-elf/5.3.0/../../../../../H-x86_64-mingw32/nios2-elf/lib\libc.a(lib_a-freer.o)
 .text._malloc_trim_r
                0x00000000080068a8      0x124 c:/intelfpga/17.1/nios2eds/bin/gnu/h-x86_64-mingw32/bin/../lib/gcc/nios2-elf/5.3.0/../../../../../H-x86_64-mingw32/nios2-elf/lib\libc.a(lib_a-freer.o)
                0x00000000080068a8                _malloc_trim_r
 .text._free_r  0x00000000080069cc      0x310 c:/intelfpga/17.1/nios2eds/bin/gnu/h-x86_64-mingw32/bin/../lib/gcc/nios2-elf/5.3.0/../../../../../H-x86_64-mingw32/nios2-elf/lib\libc.a(lib_a-freer.o)
                0x00000000080069cc                _free_r
 .text          0x0000000008006cdc        0x0 c:/intelfpga/17.1/nios2eds/bin/gnu/h-x86_64-mingw32/bin/../lib/gcc/nios2-elf/5.3.0/../../../../../H-x86_64-mingw32/nios2-elf/lib\libc.a(lib_a-fvwrite.o)
 .text.__sfvwrite_r
                0x0000000008006cdc      0x4bc c:/intelfpga/17.1/nios2eds/bin/gnu/h-x86_64-mingw32/bin/../lib/gcc/nios2-elf/5.3.0/../../../../../H-x86_64-mingw32/nios2-elf/lib\libc.a(lib_a-fvwrite.o)
                0x0000000008006cdc                __sfvwrite_r
 .text          0x0000000008007198        0x0 c:/intelfpga/17.1/nios2eds/bin/gnu/h-x86_64-mingw32/bin/../lib/gcc/nios2-elf/5.3.0/../../../../../H-x86_64-mingw32/nios2-elf/lib\libc.a(lib_a-fwalk.o)
 .text._fwalk   0x0000000008007198       0xc4 c:/intelfpga/17.1/nios2eds/bin/gnu/h-x86_64-mingw32/bin/../lib/gcc/nios2-elf/5.3.0/../../../../../H-x86_64-mingw32/nios2-elf/lib\libc.a(lib_a-fwalk.o)
                0x0000000008007198                _fwalk
 .text._fwalk_reent
                0x000000000800725c       0xc4 c:/intelfpga/17.1/nios2eds/bin/gnu/h-x86_64-mingw32/bin/../lib/gcc/nios2-elf/5.3.0/../../../../../H-x86_64-mingw32/nios2-elf/lib\libc.a(lib_a-fwalk.o)
                0x000000000800725c                _fwalk_reent
 .text          0x0000000008007320        0x0 c:/intelfpga/17.1/nios2eds/bin/gnu/h-x86_64-mingw32/bin/../lib/gcc/nios2-elf/5.3.0/../../../../../H-x86_64-mingw32/nios2-elf/lib\libc.a(lib_a-impure.o)
 .text          0x0000000008007320        0x0 c:/intelfpga/17.1/nios2eds/bin/gnu/h-x86_64-mingw32/bin/../lib/gcc/nios2-elf/5.3.0/../../../../../H-x86_64-mingw32/nios2-elf/lib\libc.a(lib_a-int_errno.o)
 .text          0x0000000008007320        0x0 c:/intelfpga/17.1/nios2eds/bin/gnu/h-x86_64-mingw32/bin/../lib/gcc/nios2-elf/5.3.0/../../../../../H-x86_64-mingw32/nios2-elf/lib\libc.a(lib_a-locale.o)
 .text._setlocale_r
                0x0000000008007320       0x7c c:/intelfpga/17.1/nios2eds/bin/gnu/h-x86_64-mingw32/bin/../lib/gcc/nios2-elf/5.3.0/../../../../../H-x86_64-mingw32/nios2-elf/lib\libc.a(lib_a-locale.o)
                0x0000000008007320                _setlocale_r
 .text.__locale_charset
                0x000000000800739c        0xc c:/intelfpga/17.1/nios2eds/bin/gnu/h-x86_64-mingw32/bin/../lib/gcc/nios2-elf/5.3.0/../../../../../H-x86_64-mingw32/nios2-elf/lib\libc.a(lib_a-locale.o)
                0x000000000800739c                __locale_charset
 .text.__locale_mb_cur_max
                0x00000000080073a8       0x10 c:/intelfpga/17.1/nios2eds/bin/gnu/h-x86_64-mingw32/bin/../lib/gcc/nios2-elf/5.3.0/../../../../../H-x86_64-mingw32/nios2-elf/lib\libc.a(lib_a-locale.o)
                0x00000000080073a8                __locale_mb_cur_max
 .text.__locale_msgcharset
                0x00000000080073b8        0xc c:/intelfpga/17.1/nios2eds/bin/gnu/h-x86_64-mingw32/bin/../lib/gcc/nios2-elf/5.3.0/../../../../../H-x86_64-mingw32/nios2-elf/lib\libc.a(lib_a-locale.o)
                0x00000000080073b8                __locale_msgcharset
 .text.__locale_cjk_lang
                0x00000000080073c4        0x8 c:/intelfpga/17.1/nios2eds/bin/gnu/h-x86_64-mingw32/bin/../lib/gcc/nios2-elf/5.3.0/../../../../../H-x86_64-mingw32/nios2-elf/lib\libc.a(lib_a-locale.o)
                0x00000000080073c4                __locale_cjk_lang
 .text._localeconv_r
                0x00000000080073cc        0xc c:/intelfpga/17.1/nios2eds/bin/gnu/h-x86_64-mingw32/bin/../lib/gcc/nios2-elf/5.3.0/../../../../../H-x86_64-mingw32/nios2-elf/lib\libc.a(lib_a-locale.o)
                0x00000000080073cc                _localeconv_r
 .text.setlocale
                0x00000000080073d8       0x18 c:/intelfpga/17.1/nios2eds/bin/gnu/h-x86_64-mingw32/bin/../lib/gcc/nios2-elf/5.3.0/../../../../../H-x86_64-mingw32/nios2-elf/lib\libc.a(lib_a-locale.o)
                0x00000000080073d8                setlocale
 .text.localeconv
                0x00000000080073f0        0xc c:/intelfpga/17.1/nios2eds/bin/gnu/h-x86_64-mingw32/bin/../lib/gcc/nios2-elf/5.3.0/../../../../../H-x86_64-mingw32/nios2-elf/lib\libc.a(lib_a-locale.o)
                0x00000000080073f0                localeconv
 .text          0x00000000080073fc        0x0 c:/intelfpga/17.1/nios2eds/bin/gnu/h-x86_64-mingw32/bin/../lib/gcc/nios2-elf/5.3.0/../../../../../H-x86_64-mingw32/nios2-elf/lib\libc.a(lib_a-makebuf.o)
 .text.__smakebuf_r
                0x00000000080073fc      0x1bc c:/intelfpga/17.1/nios2eds/bin/gnu/h-x86_64-mingw32/bin/../lib/gcc/nios2-elf/5.3.0/../../../../../H-x86_64-mingw32/nios2-elf/lib\libc.a(lib_a-makebuf.o)
                0x00000000080073fc                __smakebuf_r
 .text          0x00000000080075b8        0x0 c:/intelfpga/17.1/nios2eds/bin/gnu/h-x86_64-mingw32/bin/../lib/gcc/nios2-elf/5.3.0/../../../../../H-x86_64-mingw32/nios2-elf/lib\libc.a(lib_a-memchr.o)
 .text.memchr   0x00000000080075b8       0xe4 c:/intelfpga/17.1/nios2eds/bin/gnu/h-x86_64-mingw32/bin/../lib/gcc/nios2-elf/5.3.0/../../../../../H-x86_64-mingw32/nios2-elf/lib\libc.a(lib_a-memchr.o)
                0x00000000080075b8                memchr
 .text          0x000000000800769c        0x0 c:/intelfpga/17.1/nios2eds/bin/gnu/h-x86_64-mingw32/bin/../lib/gcc/nios2-elf/5.3.0/../../../../../H-x86_64-mingw32/nios2-elf/lib\libc.a(lib_a-memcpy.o)
 .text.memcpy   0x000000000800769c      0x148 c:/intelfpga/17.1/nios2eds/bin/gnu/h-x86_64-mingw32/bin/../lib/gcc/nios2-elf/5.3.0/../../../../../H-x86_64-mingw32/nios2-elf/lib\libc.a(lib_a-memcpy.o)
                0x000000000800769c                memcpy
 .text          0x00000000080077e4        0x0 c:/intelfpga/17.1/nios2eds/bin/gnu/h-x86_64-mingw32/bin/../lib/gcc/nios2-elf/5.3.0/../../../../../H-x86_64-mingw32/nios2-elf/lib\libc.a(lib_a-memmove.o)
 .text.memmove  0x00000000080077e4      0x15c c:/intelfpga/17.1/nios2eds/bin/gnu/h-x86_64-mingw32/bin/../lib/gcc/nios2-elf/5.3.0/../../../../../H-x86_64-mingw32/nios2-elf/lib\libc.a(lib_a-memmove.o)
                0x00000000080077e4                memmove
 .text          0x0000000008007940        0x0 c:/intelfpga/17.1/nios2eds/bin/gnu/h-x86_64-mingw32/bin/../lib/gcc/nios2-elf/5.3.0/../../../../../H-x86_64-mingw32/nios2-elf/lib\libc.a(lib_a-memset.o)
 .text.memset   0x0000000008007940      0x128 c:/intelfpga/17.1/nios2eds/bin/gnu/h-x86_64-mingw32/bin/../lib/gcc/nios2-elf/5.3.0/../../../../../H-x86_64-mingw32/nios2-elf/lib\libc.a(lib_a-memset.o)
                0x0000000008007940                memset
 .text          0x0000000008007a68        0x0 c:/intelfpga/17.1/nios2eds/bin/gnu/h-x86_64-mingw32/bin/../lib/gcc/nios2-elf/5.3.0/../../../../../H-x86_64-mingw32/nios2-elf/lib\libc.a(lib_a-mprec.o)
 .text._Balloc  0x0000000008007a68       0xa8 c:/intelfpga/17.1/nios2eds/bin/gnu/h-x86_64-mingw32/bin/../lib/gcc/nios2-elf/5.3.0/../../../../../H-x86_64-mingw32/nios2-elf/lib\libc.a(lib_a-mprec.o)
                0x0000000008007a68                _Balloc
 .text._Bfree   0x0000000008007b10       0x28 c:/intelfpga/17.1/nios2eds/bin/gnu/h-x86_64-mingw32/bin/../lib/gcc/nios2-elf/5.3.0/../../../../../H-x86_64-mingw32/nios2-elf/lib\libc.a(lib_a-mprec.o)
                0x0000000008007b10                _Bfree
 .text.__multadd
                0x0000000008007b38      0x120 c:/intelfpga/17.1/nios2eds/bin/gnu/h-x86_64-mingw32/bin/../lib/gcc/nios2-elf/5.3.0/../../../../../H-x86_64-mingw32/nios2-elf/lib\libc.a(lib_a-mprec.o)
                0x0000000008007b38                __multadd
 .text.__s2b    0x0000000008007c58      0x104 c:/intelfpga/17.1/nios2eds/bin/gnu/h-x86_64-mingw32/bin/../lib/gcc/nios2-elf/5.3.0/../../../../../H-x86_64-mingw32/nios2-elf/lib\libc.a(lib_a-mprec.o)
                0x0000000008007c58                __s2b
 .text.__hi0bits
                0x0000000008007d5c       0x68 c:/intelfpga/17.1/nios2eds/bin/gnu/h-x86_64-mingw32/bin/../lib/gcc/nios2-elf/5.3.0/../../../../../H-x86_64-mingw32/nios2-elf/lib\libc.a(lib_a-mprec.o)
                0x0000000008007d5c                __hi0bits
 .text.__lo0bits
                0x0000000008007dc4       0xb0 c:/intelfpga/17.1/nios2eds/bin/gnu/h-x86_64-mingw32/bin/../lib/gcc/nios2-elf/5.3.0/../../../../../H-x86_64-mingw32/nios2-elf/lib\libc.a(lib_a-mprec.o)
                0x0000000008007dc4                __lo0bits
 .text.__i2b    0x0000000008007e74       0x3c c:/intelfpga/17.1/nios2eds/bin/gnu/h-x86_64-mingw32/bin/../lib/gcc/nios2-elf/5.3.0/../../../../../H-x86_64-mingw32/nios2-elf/lib\libc.a(lib_a-mprec.o)
                0x0000000008007e74                __i2b
 .text.__multiply
                0x0000000008007eb0      0x1f8 c:/intelfpga/17.1/nios2eds/bin/gnu/h-x86_64-mingw32/bin/../lib/gcc/nios2-elf/5.3.0/../../../../../H-x86_64-mingw32/nios2-elf/lib\libc.a(lib_a-mprec.o)
                0x0000000008007eb0                __multiply
 .text.__pow5mult
                0x00000000080080a8      0x140 c:/intelfpga/17.1/nios2eds/bin/gnu/h-x86_64-mingw32/bin/../lib/gcc/nios2-elf/5.3.0/../../../../../H-x86_64-mingw32/nios2-elf/lib\libc.a(lib_a-mprec.o)
                0x00000000080080a8                __pow5mult
 .text.__lshift
                0x00000000080081e8      0x148 c:/intelfpga/17.1/nios2eds/bin/gnu/h-x86_64-mingw32/bin/../lib/gcc/nios2-elf/5.3.0/../../../../../H-x86_64-mingw32/nios2-elf/lib\libc.a(lib_a-mprec.o)
                0x00000000080081e8                __lshift
 .text.__mcmp   0x0000000008008330       0x60 c:/intelfpga/17.1/nios2eds/bin/gnu/h-x86_64-mingw32/bin/../lib/gcc/nios2-elf/5.3.0/../../../../../H-x86_64-mingw32/nios2-elf/lib\libc.a(lib_a-mprec.o)
                0x0000000008008330                __mcmp
 .text.__mdiff  0x0000000008008390      0x1fc c:/intelfpga/17.1/nios2eds/bin/gnu/h-x86_64-mingw32/bin/../lib/gcc/nios2-elf/5.3.0/../../../../../H-x86_64-mingw32/nios2-elf/lib\libc.a(lib_a-mprec.o)
                0x0000000008008390                __mdiff
 .text.__ulp    0x000000000800858c       0x64 c:/intelfpga/17.1/nios2eds/bin/gnu/h-x86_64-mingw32/bin/../lib/gcc/nios2-elf/5.3.0/../../../../../H-x86_64-mingw32/nios2-elf/lib\libc.a(lib_a-mprec.o)
                0x000000000800858c                __ulp
 .text.__b2d    0x00000000080085f0      0x10c c:/intelfpga/17.1/nios2eds/bin/gnu/h-x86_64-mingw32/bin/../lib/gcc/nios2-elf/5.3.0/../../../../../H-x86_64-mingw32/nios2-elf/lib\libc.a(lib_a-mprec.o)
                0x00000000080085f0                __b2d
 .text.__d2b    0x00000000080086fc      0x14c c:/intelfpga/17.1/nios2eds/bin/gnu/h-x86_64-mingw32/bin/../lib/gcc/nios2-elf/5.3.0/../../../../../H-x86_64-mingw32/nios2-elf/lib\libc.a(lib_a-mprec.o)
                0x00000000080086fc                __d2b
 .text.__ratio  0x0000000008008848       0xa4 c:/intelfpga/17.1/nios2eds/bin/gnu/h-x86_64-mingw32/bin/../lib/gcc/nios2-elf/5.3.0/../../../../../H-x86_64-mingw32/nios2-elf/lib\libc.a(lib_a-mprec.o)
                0x0000000008008848                __ratio
 .text._mprec_log10
                0x00000000080088ec       0x74 c:/intelfpga/17.1/nios2eds/bin/gnu/h-x86_64-mingw32/bin/../lib/gcc/nios2-elf/5.3.0/../../../../../H-x86_64-mingw32/nios2-elf/lib\libc.a(lib_a-mprec.o)
                0x00000000080088ec                _mprec_log10
 .text.__copybits
                0x0000000008008960       0x78 c:/intelfpga/17.1/nios2eds/bin/gnu/h-x86_64-mingw32/bin/../lib/gcc/nios2-elf/5.3.0/../../../../../H-x86_64-mingw32/nios2-elf/lib\libc.a(lib_a-mprec.o)
                0x0000000008008960                __copybits
 .text.__any_on
                0x00000000080089d8       0x8c c:/intelfpga/17.1/nios2eds/bin/gnu/h-x86_64-mingw32/bin/../lib/gcc/nios2-elf/5.3.0/../../../../../H-x86_64-mingw32/nios2-elf/lib\libc.a(lib_a-mprec.o)
                0x00000000080089d8                __any_on
 .text          0x0000000008008a64        0x0 c:/intelfpga/17.1/nios2eds/bin/gnu/h-x86_64-mingw32/bin/../lib/gcc/nios2-elf/5.3.0/../../../../../H-x86_64-mingw32/nios2-elf/lib\libc.a(lib_a-reallocr.o)
 .text._realloc_r
                0x0000000008008a64      0x564 c:/intelfpga/17.1/nios2eds/bin/gnu/h-x86_64-mingw32/bin/../lib/gcc/nios2-elf/5.3.0/../../../../../H-x86_64-mingw32/nios2-elf/lib\libc.a(lib_a-reallocr.o)
                0x0000000008008a64                _realloc_r
 .text          0x0000000008008fc8        0x0 c:/intelfpga/17.1/nios2eds/bin/gnu/h-x86_64-mingw32/bin/../lib/gcc/nios2-elf/5.3.0/../../../../../H-x86_64-mingw32/nios2-elf/lib\libc.a(lib_a-s_fpclassify.o)
 .text.__fpclassifyd
                0x0000000008008fc8       0x74 c:/intelfpga/17.1/nios2eds/bin/gnu/h-x86_64-mingw32/bin/../lib/gcc/nios2-elf/5.3.0/../../../../../H-x86_64-mingw32/nios2-elf/lib\libc.a(lib_a-s_fpclassify.o)
                0x0000000008008fc8                __fpclassifyd
 .text          0x000000000800903c        0x0 c:/intelfpga/17.1/nios2eds/bin/gnu/h-x86_64-mingw32/bin/../lib/gcc/nios2-elf/5.3.0/../../../../../H-x86_64-mingw32/nios2-elf/lib\libc.a(lib_a-stdio.o)
 .text.__sread  0x000000000800903c       0x54 c:/intelfpga/17.1/nios2eds/bin/gnu/h-x86_64-mingw32/bin/../lib/gcc/nios2-elf/5.3.0/../../../../../H-x86_64-mingw32/nios2-elf/lib\libc.a(lib_a-stdio.o)
                0x000000000800903c                __sread
 .text.__seofread
                0x0000000008009090        0x8 c:/intelfpga/17.1/nios2eds/bin/gnu/h-x86_64-mingw32/bin/../lib/gcc/nios2-elf/5.3.0/../../../../../H-x86_64-mingw32/nios2-elf/lib\libc.a(lib_a-stdio.o)
                0x0000000008009090                __seofread
 .text.__swrite
                0x0000000008009098       0x7c c:/intelfpga/17.1/nios2eds/bin/gnu/h-x86_64-mingw32/bin/../lib/gcc/nios2-elf/5.3.0/../../../../../H-x86_64-mingw32/nios2-elf/lib\libc.a(lib_a-stdio.o)
                0x0000000008009098                __swrite
 .text.__sseek  0x0000000008009114       0x5c c:/intelfpga/17.1/nios2eds/bin/gnu/h-x86_64-mingw32/bin/../lib/gcc/nios2-elf/5.3.0/../../../../../H-x86_64-mingw32/nios2-elf/lib\libc.a(lib_a-stdio.o)
                0x0000000008009114                __sseek
 .text.__sclose
                0x0000000008009170        0x8 c:/intelfpga/17.1/nios2eds/bin/gnu/h-x86_64-mingw32/bin/../lib/gcc/nios2-elf/5.3.0/../../../../../H-x86_64-mingw32/nios2-elf/lib\libc.a(lib_a-stdio.o)
                0x0000000008009170                __sclose
 .text          0x0000000008009178        0x0 c:/intelfpga/17.1/nios2eds/bin/gnu/h-x86_64-mingw32/bin/../lib/gcc/nios2-elf/5.3.0/../../../../../H-x86_64-mingw32/nios2-elf/lib\libc.a(lib_a-strcmp.o)
 .text.strcmp   0x0000000008009178       0xdc c:/intelfpga/17.1/nios2eds/bin/gnu/h-x86_64-mingw32/bin/../lib/gcc/nios2-elf/5.3.0/../../../../../H-x86_64-mingw32/nios2-elf/lib\libc.a(lib_a-strcmp.o)
                0x0000000008009178                strcmp
 .text          0x0000000008009254        0x0 c:/intelfpga/17.1/nios2eds/bin/gnu/h-x86_64-mingw32/bin/../lib/gcc/nios2-elf/5.3.0/../../../../../H-x86_64-mingw32/nios2-elf/lib\libc.a(lib_a-vfiprintf.o)
 .text.__sprint_r.part.0
                0x0000000008009254       0xfc c:/intelfpga/17.1/nios2eds/bin/gnu/h-x86_64-mingw32/bin/../lib/gcc/nios2-elf/5.3.0/../../../../../H-x86_64-mingw32/nios2-elf/lib\libc.a(lib_a-vfiprintf.o)
 .text.__sprint_r
                0x0000000008009350       0x18 c:/intelfpga/17.1/nios2eds/bin/gnu/h-x86_64-mingw32/bin/../lib/gcc/nios2-elf/5.3.0/../../../../../H-x86_64-mingw32/nios2-elf/lib\libc.a(lib_a-vfiprintf.o)
                0x0000000008009350                __sprint_r
 .text.___vfiprintf_internal_r
                0x0000000008009368     0x145c c:/intelfpga/17.1/nios2eds/bin/gnu/h-x86_64-mingw32/bin/../lib/gcc/nios2-elf/5.3.0/../../../../../H-x86_64-mingw32/nios2-elf/lib\libc.a(lib_a-vfiprintf.o)
                0x0000000008009368                ___vfiprintf_internal_r
 .text.__vfiprintf_internal
                0x000000000800a7c4       0x1c c:/intelfpga/17.1/nios2eds/bin/gnu/h-x86_64-mingw32/bin/../lib/gcc/nios2-elf/5.3.0/../../../../../H-x86_64-mingw32/nios2-elf/lib\libc.a(lib_a-vfiprintf.o)
                0x000000000800a7c4                __vfiprintf_internal
 .text.__sbprintf
                0x000000000800a7e0       0xbc c:/intelfpga/17.1/nios2eds/bin/gnu/h-x86_64-mingw32/bin/../lib/gcc/nios2-elf/5.3.0/../../../../../H-x86_64-mingw32/nios2-elf/lib\libc.a(lib_a-vfiprintf.o)
 .text          0x000000000800a89c        0x0 c:/intelfpga/17.1/nios2eds/bin/gnu/h-x86_64-mingw32/bin/../lib/gcc/nios2-elf/5.3.0/../../../../../H-x86_64-mingw32/nios2-elf/lib\libc.a(lib_a-writer.o)
 .text._write_r
                0x000000000800a89c       0x60 c:/intelfpga/17.1/nios2eds/bin/gnu/h-x86_64-mingw32/bin/../lib/gcc/nios2-elf/5.3.0/../../../../../H-x86_64-mingw32/nios2-elf/lib\libc.a(lib_a-writer.o)
                0x000000000800a89c                _write_r
 .text          0x000000000800a8fc        0x0 c:/intelfpga/17.1/nios2eds/bin/gnu/h-x86_64-mingw32/bin/../lib/gcc/nios2-elf/5.3.0/../../../../../H-x86_64-mingw32/nios2-elf/lib\libc.a(closer.o)
 .text._close_r
                0x000000000800a8fc       0x54 c:/intelfpga/17.1/nios2eds/bin/gnu/h-x86_64-mingw32/bin/../lib/gcc/nios2-elf/5.3.0/../../../../../H-x86_64-mingw32/nios2-elf/lib\libc.a(closer.o)
                0x000000000800a8fc                _close_r
 .text          0x000000000800a950        0x0 c:/intelfpga/17.1/nios2eds/bin/gnu/h-x86_64-mingw32/bin/../lib/gcc/nios2-elf/5.3.0/../../../../../H-x86_64-mingw32/nios2-elf/lib\libc.a(lib_a-callocr.o)
 .text._calloc_r
                0x000000000800a950       0xc4 c:/intelfpga/17.1/nios2eds/bin/gnu/h-x86_64-mingw32/bin/../lib/gcc/nios2-elf/5.3.0/../../../../../H-x86_64-mingw32/nios2-elf/lib\libc.a(lib_a-callocr.o)
                0x000000000800a950                _calloc_r
 .text          0x000000000800aa14        0x0 c:/intelfpga/17.1/nios2eds/bin/gnu/h-x86_64-mingw32/bin/../lib/gcc/nios2-elf/5.3.0/../../../../../H-x86_64-mingw32/nios2-elf/lib\libc.a(lib_a-fclose.o)
 .text._fclose_r
                0x000000000800aa14       0xf0 c:/intelfpga/17.1/nios2eds/bin/gnu/h-x86_64-mingw32/bin/../lib/gcc/nios2-elf/5.3.0/../../../../../H-x86_64-mingw32/nios2-elf/lib\libc.a(lib_a-fclose.o)
                0x000000000800aa14                _fclose_r
 .text.fclose   0x000000000800ab04       0x14 c:/intelfpga/17.1/nios2eds/bin/gnu/h-x86_64-mingw32/bin/../lib/gcc/nios2-elf/5.3.0/../../../../../H-x86_64-mingw32/nios2-elf/lib\libc.a(lib_a-fclose.o)
                0x000000000800ab04                fclose
 .text          0x000000000800ab18        0x0 c:/intelfpga/17.1/nios2eds/bin/gnu/h-x86_64-mingw32/bin/../lib/gcc/nios2-elf/5.3.0/../../../../../H-x86_64-mingw32/nios2-elf/lib\libc.a(lib_a-fputwc.o)
 .text.__fputwc
                0x000000000800ab18      0x164 c:/intelfpga/17.1/nios2eds/bin/gnu/h-x86_64-mingw32/bin/../lib/gcc/nios2-elf/5.3.0/../../../../../H-x86_64-mingw32/nios2-elf/lib\libc.a(lib_a-fputwc.o)
                0x000000000800ab18                __fputwc
 .text._fputwc_r
                0x000000000800ac7c       0x24 c:/intelfpga/17.1/nios2eds/bin/gnu/h-x86_64-mingw32/bin/../lib/gcc/nios2-elf/5.3.0/../../../../../H-x86_64-mingw32/nios2-elf/lib\libc.a(lib_a-fputwc.o)
                0x000000000800ac7c                _fputwc_r
 .text.fputwc   0x000000000800aca0       0x80 c:/intelfpga/17.1/nios2eds/bin/gnu/h-x86_64-mingw32/bin/../lib/gcc/nios2-elf/5.3.0/../../../../../H-x86_64-mingw32/nios2-elf/lib\libc.a(lib_a-fputwc.o)
                0x000000000800aca0                fputwc
 .text          0x000000000800ad20        0x0 c:/intelfpga/17.1/nios2eds/bin/gnu/h-x86_64-mingw32/bin/../lib/gcc/nios2-elf/5.3.0/../../../../../H-x86_64-mingw32/nios2-elf/lib\libc.a(lib_a-fstatr.o)
 .text._fstat_r
                0x000000000800ad20       0x5c c:/intelfpga/17.1/nios2eds/bin/gnu/h-x86_64-mingw32/bin/../lib/gcc/nios2-elf/5.3.0/../../../../../H-x86_64-mingw32/nios2-elf/lib\libc.a(lib_a-fstatr.o)
                0x000000000800ad20                _fstat_r
 .text          0x000000000800ad7c        0x0 c:/intelfpga/17.1/nios2eds/bin/gnu/h-x86_64-mingw32/bin/../lib/gcc/nios2-elf/5.3.0/../../../../../H-x86_64-mingw32/nios2-elf/lib\libc.a(lib_a-isattyr.o)
 .text._isatty_r
                0x000000000800ad7c       0x54 c:/intelfpga/17.1/nios2eds/bin/gnu/h-x86_64-mingw32/bin/../lib/gcc/nios2-elf/5.3.0/../../../../../H-x86_64-mingw32/nios2-elf/lib\libc.a(lib_a-isattyr.o)
                0x000000000800ad7c                _isatty_r
 .text          0x000000000800add0        0x0 c:/intelfpga/17.1/nios2eds/bin/gnu/h-x86_64-mingw32/bin/../lib/gcc/nios2-elf/5.3.0/../../../../../H-x86_64-mingw32/nios2-elf/lib\libc.a(lib_a-lseekr.o)
 .text._lseek_r
                0x000000000800add0       0x60 c:/intelfpga/17.1/nios2eds/bin/gnu/h-x86_64-mingw32/bin/../lib/gcc/nios2-elf/5.3.0/../../../../../H-x86_64-mingw32/nios2-elf/lib\libc.a(lib_a-lseekr.o)
                0x000000000800add0                _lseek_r
 .text          0x000000000800ae30        0x0 c:/intelfpga/17.1/nios2eds/bin/gnu/h-x86_64-mingw32/bin/../lib/gcc/nios2-elf/5.3.0/../../../../../H-x86_64-mingw32/nios2-elf/lib\libc.a(lib_a-readr.o)
 .text._read_r  0x000000000800ae30       0x60 c:/intelfpga/17.1/nios2eds/bin/gnu/h-x86_64-mingw32/bin/../lib/gcc/nios2-elf/5.3.0/../../../../../H-x86_64-mingw32/nios2-elf/lib\libc.a(lib_a-readr.o)
                0x000000000800ae30                _read_r
 .text          0x000000000800ae90        0x0 c:/intelfpga/17.1/nios2eds/bin/gnu/h-x86_64-mingw32/bin/../lib/gcc/nios2-elf/5.3.0/../../../../../H-x86_64-mingw32/nios2-elf/lib\libc.a(lib_a-wbuf.o)
 .text.__swbuf_r
                0x000000000800ae90      0x140 c:/intelfpga/17.1/nios2eds/bin/gnu/h-x86_64-mingw32/bin/../lib/gcc/nios2-elf/5.3.0/../../../../../H-x86_64-mingw32/nios2-elf/lib\libc.a(lib_a-wbuf.o)
                0x000000000800ae90                __swbuf_r
 .text.__swbuf  0x000000000800afd0       0x18 c:/intelfpga/17.1/nios2eds/bin/gnu/h-x86_64-mingw32/bin/../lib/gcc/nios2-elf/5.3.0/../../../../../H-x86_64-mingw32/nios2-elf/lib\libc.a(lib_a-wbuf.o)
                0x000000000800afd0                __swbuf
 .text          0x000000000800afe8        0x0 c:/intelfpga/17.1/nios2eds/bin/gnu/h-x86_64-mingw32/bin/../lib/gcc/nios2-elf/5.3.0/../../../../../H-x86_64-mingw32/nios2-elf/lib\libc.a(lib_a-wcrtomb.o)
 .text._wcrtomb_r
                0x000000000800afe8       0x9c c:/intelfpga/17.1/nios2eds/bin/gnu/h-x86_64-mingw32/bin/../lib/gcc/nios2-elf/5.3.0/../../../../../H-x86_64-mingw32/nios2-elf/lib\libc.a(lib_a-wcrtomb.o)
                0x000000000800afe8                _wcrtomb_r
 .text.wcrtomb  0x000000000800b084       0xc0 c:/intelfpga/17.1/nios2eds/bin/gnu/h-x86_64-mingw32/bin/../lib/gcc/nios2-elf/5.3.0/../../../../../H-x86_64-mingw32/nios2-elf/lib\libc.a(lib_a-wcrtomb.o)
                0x000000000800b084                wcrtomb
 .text          0x000000000800b144        0x0 c:/intelfpga/17.1/nios2eds/bin/gnu/h-x86_64-mingw32/bin/../lib/gcc/nios2-elf/5.3.0/../../../../../H-x86_64-mingw32/nios2-elf/lib\libc.a(lib_a-wctomb_r.o)
 .text.__ascii_wctomb
                0x000000000800b144       0x30 c:/intelfpga/17.1/nios2eds/bin/gnu/h-x86_64-mingw32/bin/../lib/gcc/nios2-elf/5.3.0/../../../../../H-x86_64-mingw32/nios2-elf/lib\libc.a(lib_a-wctomb_r.o)
                0x000000000800b144                __ascii_wctomb
 .text._wctomb_r
                0x000000000800b174       0x5c c:/intelfpga/17.1/nios2eds/bin/gnu/h-x86_64-mingw32/bin/../lib/gcc/nios2-elf/5.3.0/../../../../../H-x86_64-mingw32/nios2-elf/lib\libc.a(lib_a-wctomb_r.o)
                0x000000000800b174                _wctomb_r
 .text          0x000000000800b1d0      0x578 c:/intelfpga/17.1/nios2eds/bin/gnu/h-x86_64-mingw32/bin/../lib/gcc/nios2-elf/5.3.0\libgcc.a(_udivdi3.o)
                0x000000000800b1d0                __udivdi3
 .text          0x000000000800b748      0x538 c:/intelfpga/17.1/nios2eds/bin/gnu/h-x86_64-mingw32/bin/../lib/gcc/nios2-elf/5.3.0\libgcc.a(_umoddi3.o)
                0x000000000800b748                __umoddi3
 .text          0x000000000800bc80      0x8ac c:/intelfpga/17.1/nios2eds/bin/gnu/h-x86_64-mingw32/bin/../lib/gcc/nios2-elf/5.3.0\libgcc.a(adddf3.o)
                0x000000000800bc80                __adddf3
 .text          0x000000000800c52c      0x8e8 c:/intelfpga/17.1/nios2eds/bin/gnu/h-x86_64-mingw32/bin/../lib/gcc/nios2-elf/5.3.0\libgcc.a(divdf3.o)
                0x000000000800c52c                __divdf3
 .text          0x000000000800ce14       0x88 c:/intelfpga/17.1/nios2eds/bin/gnu/h-x86_64-mingw32/bin/../lib/gcc/nios2-elf/5.3.0\libgcc.a(eqdf2.o)
                0x000000000800ce14                __nedf2
                0x000000000800ce14                __eqdf2
 .text          0x000000000800ce9c       0xdc c:/intelfpga/17.1/nios2eds/bin/gnu/h-x86_64-mingw32/bin/../lib/gcc/nios2-elf/5.3.0\libgcc.a(gedf2.o)
                0x000000000800ce9c                __gedf2
                0x000000000800ce9c                __gtdf2
 .text          0x000000000800cf78       0xf4 c:/intelfpga/17.1/nios2eds/bin/gnu/h-x86_64-mingw32/bin/../lib/gcc/nios2-elf/5.3.0\libgcc.a(ledf2.o)
                0x000000000800cf78                __ledf2
                0x000000000800cf78                __ltdf2
 .text          0x000000000800d06c      0x718 c:/intelfpga/17.1/nios2eds/bin/gnu/h-x86_64-mingw32/bin/../lib/gcc/nios2-elf/5.3.0\libgcc.a(muldf3.o)
                0x000000000800d06c                __muldf3
 .text          0x000000000800d784      0x8fc c:/intelfpga/17.1/nios2eds/bin/gnu/h-x86_64-mingw32/bin/../lib/gcc/nios2-elf/5.3.0\libgcc.a(subdf3.o)
                0x000000000800d784                __subdf3
 .text          0x000000000800e080       0x80 c:/intelfpga/17.1/nios2eds/bin/gnu/h-x86_64-mingw32/bin/../lib/gcc/nios2-elf/5.3.0\libgcc.a(fixdfsi.o)
                0x000000000800e080                __fixdfsi
 .text          0x000000000800e100       0xdc c:/intelfpga/17.1/nios2eds/bin/gnu/h-x86_64-mingw32/bin/../lib/gcc/nios2-elf/5.3.0\libgcc.a(floatsidf.o)
                0x000000000800e100                __floatsidf
 .text          0x000000000800e1dc       0xa8 c:/intelfpga/17.1/nios2eds/bin/gnu/h-x86_64-mingw32/bin/../lib/gcc/nios2-elf/5.3.0\libgcc.a(floatunsidf.o)
                0x000000000800e1dc                __floatunsidf
 .text          0x000000000800e284        0x0 c:/intelfpga/17.1/nios2eds/bin/gnu/h-x86_64-mingw32/bin/../lib/gcc/nios2-elf/5.3.0\libgcc.a(_clz.o)
 .text          0x000000000800e284       0x64 c:/intelfpga/17.1/nios2eds/bin/gnu/h-x86_64-mingw32/bin/../lib/gcc/nios2-elf/5.3.0\libgcc.a(_clzsi2.o)
                0x000000000800e284                __clzsi2
 .text          0x000000000800e2e8      0x10c ../USB_functioning_bsp/\libhal_bsp.a(alt_close.o)
                0x000000000800e324                close
 .text          0x000000000800e3f4       0x2c ../USB_functioning_bsp/\libhal_bsp.a(alt_dev.o)
 .text          0x000000000800e420        0x0 ../USB_functioning_bsp/\libhal_bsp.a(alt_errno.o)
 .text          0x000000000800e420       0xec ../USB_functioning_bsp/\libhal_bsp.a(alt_fstat.o)
                0x000000000800e45c                fstat
 .text          0x000000000800e50c       0xe0 ../USB_functioning_bsp/\libhal_bsp.a(alt_isatty.o)
                0x000000000800e548                isatty
 .text          0x000000000800e5ec       0xec ../USB_functioning_bsp/\libhal_bsp.a(alt_load.o)
                0x000000000800e654                alt_load
 .text          0x000000000800e6d8      0x110 ../USB_functioning_bsp/\libhal_bsp.a(alt_lseek.o)
                0x000000000800e714                lseek
 .text          0x000000000800e7e8       0x7c ../USB_functioning_bsp/\libhal_bsp.a(alt_main.o)
                0x000000000800e7e8                alt_main
 .text          0x000000000800e864       0x48 ../USB_functioning_bsp/\libhal_bsp.a(alt_malloc_lock.o)
                0x000000000800e864                __malloc_lock
                0x000000000800e888                __malloc_unlock
 .text          0x000000000800e8ac      0x138 ../USB_functioning_bsp/\libhal_bsp.a(alt_read.o)
                0x000000000800e8e8                read
 .text          0x000000000800e9e4       0x64 ../USB_functioning_bsp/\libhal_bsp.a(alt_release_fd.o)
                0x000000000800e9e4                alt_release_fd
 .text          0x000000000800ea48       0xb0 ../USB_functioning_bsp/\libhal_bsp.a(alt_sbrk.o)
                0x000000000800ea48                sbrk
 .text          0x000000000800eaf8      0x1a4 ../USB_functioning_bsp/\libhal_bsp.a(alt_tick.o)
                0x000000000800eaf8                alt_alarm_stop
                0x000000000800eb94                alt_tick
 .text          0x000000000800ec9c       0x30 ../USB_functioning_bsp/\libhal_bsp.a(alt_usleep.o)
                0x000000000800ec9c                usleep
 .text          0x000000000800eccc      0x134 ../USB_functioning_bsp/\libhal_bsp.a(alt_write.o)
                0x000000000800ed08                write
 .text          0x000000000800ee00      0x440 ../USB_functioning_bsp/\libhal_bsp.a(alt_sys_init.o)
                0x000000000800ee34                alt_irq_init
                0x000000000800ee6c                alt_sys_init
 .text          0x000000000800f240     0x432c ../USB_functioning_bsp/\libhal_bsp.a(Altera_UP_SD_Card_Avalon_Interface.o)
                0x000000000800f240                Write_Sector_Data
                0x000000000800f2f4                Save_Modified_Sector
                0x000000000800f340                Read_Sector_Data
                0x000000000800f418                get_cluster_flag
                0x000000000800f4cc                mark_cluster
                0x000000000800f5ac                Check_for_Master_Boot_Record
                0x000000000800f750                Read_File_Record_At_Offset
                0x000000000800f9cc                Write_File_Record_At_Offset
                0x000000000800fc58                Check_for_DOS_FAT
                0x00000000080102f8                Look_for_FAT16
                0x00000000080103e4                filename_to_upper_case
                0x00000000080104a8                check_file_name_for_FAT16_compliance
                0x0000000008010714                get_dir_divider_location
                0x00000000080107cc                match_file_record_to_name_ext
                0x0000000008010a68                get_home_directory_cluster_for_file
                0x0000000008010fa8                find_file_in_directory
                0x0000000008011424                find_first_empty_cluster
                0x00000000080115e0                find_first_empty_record_in_a_subdirectory
                0x000000000801182c                find_first_empty_record_in_root_directory
                0x0000000008011960                convert_filename_to_name_extension
                0x0000000008011aec                create_file
                0x0000000008011db4                copy_file_record_name_to_string
                0x0000000008011efc                alt_up_sd_card_open_dev
                0x0000000008011fb8                alt_up_sd_card_is_Present
                0x000000000801207c                alt_up_sd_card_is_FAT16
                0x00000000080120e8                alt_up_sd_card_find_first
                0x00000000080121b8                alt_up_sd_card_find_next
                0x0000000008012578                alt_up_sd_card_fopen
                0x00000000080128f4                alt_up_sd_card_set_attributes
                0x000000000801297c                alt_up_sd_card_get_attributes
                0x0000000008012a04                alt_up_sd_card_read
                0x0000000008012d7c                alt_up_sd_card_write
                0x00000000080133b0                alt_up_sd_card_fclose
 .text          0x000000000801356c      0x898 ../USB_functioning_bsp/\libhal_bsp.a(altera_avalon_cfi_flash.o)
                0x00000000080135a0                alt_flash_cfi_init
                0x0000000008013630                alt_flash_cfi_write
                0x00000000080138d8                alt_flash_cfi_get_info
                0x0000000008013964                alt_flash_cfi_read
                0x00000000080139c8                alt_write_value_to_flash
                0x0000000008013b24                alt_flash_program_block
 .text          0x0000000008013e04     0x1448 ../USB_functioning_bsp/\libhal_bsp.a(altera_avalon_cfi_flash_table.o)
                0x0000000008013e04                alt_read_query_entry_8bit
                0x0000000008013e40                alt_read_query_entry_16bit
                0x0000000008013e80                alt_read_query_entry_32bit
                0x0000000008013ec0                alt_write_flash_command_8bit_device_8bit_mode
                0x0000000008013f04                alt_write_flash_command_16bit_device_8bit_mode
                0x0000000008013f7c                alt_write_flash_command_32bit_device_8bit_mode
                0x0000000008013fcc                alt_write_flash_command_16bit_device_16bit_mode
                0x0000000008014018                alt_write_flash_command_32bit_device_16bit_mode
                0x0000000008014068                alt_write_flash_command_32bit_device_32bit_mode
                0x00000000080140b8                alt_write_native_8bit
                0x00000000080140f0                alt_write_native_16bit
                0x0000000008014128                alt_write_native_32bit
                0x000000000801415c                alt_set_flash_width_func
                0x0000000008014320                alt_set_flash_algorithm_func
                0x000000000801443c                alt_read_cfi_table
                0x0000000008014a04                alt_read_cfi_width
                0x0000000008015174                alt_check_primary_table
 .text          0x000000000801524c      0x164 ../USB_functioning_bsp/\libhal_bsp.a(altera_avalon_jtag_uart_fd.o)
                0x000000000801524c                altera_avalon_jtag_uart_read_fd
                0x00000000080152ac                altera_avalon_jtag_uart_write_fd
                0x000000000801530c                altera_avalon_jtag_uart_close_fd
                0x000000000801535c                altera_avalon_jtag_uart_ioctl_fd
 .text          0x00000000080153b0      0x3cc ../USB_functioning_bsp/\libhal_bsp.a(altera_avalon_jtag_uart_init.o)
                0x00000000080153b0                altera_avalon_jtag_uart_init
                0x0000000008015714                altera_avalon_jtag_uart_close
 .text          0x000000000801577c       0xf0 ../USB_functioning_bsp/\libhal_bsp.a(altera_avalon_jtag_uart_ioctl.o)
                0x000000000801577c                altera_avalon_jtag_uart_ioctl
 .text          0x000000000801586c      0x21c ../USB_functioning_bsp/\libhal_bsp.a(altera_avalon_jtag_uart_read.o)
                0x000000000801586c                altera_avalon_jtag_uart_read
 .text          0x0000000008015a88      0x224 ../USB_functioning_bsp/\libhal_bsp.a(altera_avalon_jtag_uart_write.o)
                0x0000000008015a88                altera_avalon_jtag_uart_write
 .text          0x0000000008015cac       0xf0 ../USB_functioning_bsp/\libhal_bsp.a(altera_avalon_timer_sc.o)
                0x0000000008015d28                alt_avalon_timer_sc_init
 .text          0x0000000008015d9c      0x4f4 ../USB_functioning_bsp/\libhal_bsp.a(altera_up_avalon_character_lcd.o)
                0x0000000008015d9c                get_DDRAM_addr
                0x0000000008015e10                alt_up_character_lcd_send_cmd
                0x0000000008015e50                alt_up_character_lcd_init
                0x0000000008015e88                alt_up_character_lcd_open_dev
                0x0000000008015ec4                alt_up_character_lcd_write
                0x0000000008015f40                alt_up_character_lcd_string
                0x0000000008015fb8                alt_up_character_lcd_write_fd
                0x0000000008016008                alt_up_character_lcd_set_cursor_pos
                0x000000000801607c                alt_up_character_lcd_shift_cursor
                0x0000000008016108                alt_up_character_lcd_shift_display
                0x0000000008016194                alt_up_character_lcd_erase_pos
                0x0000000008016220                alt_up_character_lcd_cursor_off
                0x0000000008016258                alt_up_character_lcd_cursor_blink_on
 .text          0x0000000008016290      0x6b0 ../USB_functioning_bsp/\libhal_bsp.a(altera_up_avalon_ps2.o)
                0x0000000008016290                read_RI_bit
                0x00000000080162c4                read_RE_bit
                0x00000000080162f4                read_CE_bit
                0x0000000008016328                read_num_bytes_available
                0x0000000008016358                read_data_valid
                0x000000000801638c                read_data_byte
                0x00000000080163b8                alt_up_ps2_init
                0x0000000008016480                alt_up_ps2_enable_read_interrupt
                0x00000000080164dc                alt_up_ps2_disable_read_interrupt
                0x000000000801653c                alt_up_ps2_write_data_byte
                0x00000000080165b0                alt_up_ps2_wait_for_ack
                0x0000000008016618                alt_up_ps2_write_data_byte_with_ack
                0x000000000801667c                alt_up_ps2_read_data_byte_timeout
                0x0000000008016718                alt_up_ps2_read_data_byte
                0x0000000008016788                alt_up_ps2_clear_fifo
                0x00000000080167e0                alt_up_ps2_read_fd
                0x000000000801686c                alt_up_ps2_write_fd
                0x0000000008016904                alt_up_ps2_open_dev
 .text          0x0000000008016940      0x390 ../USB_functioning_bsp/\libhal_bsp.a(altera_up_avalon_rs232.o)
                0x0000000008016940                alt_up_rs232_enable_read_interrupt
                0x000000000801699c                alt_up_rs232_disable_read_interrupt
                0x00000000080169fc                alt_up_rs232_get_used_space_in_read_FIFO
                0x0000000008016a3c                alt_up_rs232_get_available_space_in_write_FIFO
                0x0000000008016a78                alt_up_rs232_check_parity
                0x0000000008016abc                alt_up_rs232_write_data
                0x0000000008016afc                alt_up_rs232_read_data
                0x0000000008016b70                alt_up_rs232_read_fd
                0x0000000008016c00                alt_up_rs232_write_fd
                0x0000000008016c94                alt_up_rs232_open_dev
 .text          0x0000000008016cd0      0x2e0 ../USB_functioning_bsp/\libhal_bsp.a(altera_up_avalon_video_character_buffer_with_dma.o)
                0x0000000008016cd0                alt_up_char_buffer_init
                0x0000000008016d50                alt_up_char_buffer_open_dev
                0x0000000008016d8c                alt_up_char_buffer_draw
                0x0000000008016e58                alt_up_char_buffer_string
                0x0000000008016f54                alt_up_char_buffer_clear
 .text          0x0000000008016fb0      0x12c ../USB_functioning_bsp/\libhal_bsp.a(alt_alarm_start.o)
                0x0000000008016fb0                alt_alarm_start
 .text          0x00000000080170dc      0x158 ../USB_functioning_bsp/\libhal_bsp.a(alt_busy_sleep.o)
                0x00000000080170dc                alt_busy_sleep
 .text          0x0000000008017234       0x78 ../USB_functioning_bsp/\libhal_bsp.a(alt_dcache_flush.o)
                0x0000000008017234                alt_dcache_flush
 .text          0x00000000080172ac       0x48 ../USB_functioning_bsp/\libhal_bsp.a(alt_dcache_flush_all.o)
                0x00000000080172ac                alt_dcache_flush_all
 .text          0x00000000080172f4       0xe0 ../USB_functioning_bsp/\libhal_bsp.a(alt_dev_llist_insert.o)
                0x0000000008017330                alt_dev_llist_insert
 .text          0x00000000080173d4       0x60 ../USB_functioning_bsp/\libhal_bsp.a(alt_do_ctors.o)
                0x00000000080173d4                _do_ctors
 .text          0x0000000008017434       0x60 ../USB_functioning_bsp/\libhal_bsp.a(alt_do_dtors.o)
                0x0000000008017434                _do_dtors
 .text          0x0000000008017494       0x90 ../USB_functioning_bsp/\libhal_bsp.a(alt_find_dev.o)
                0x0000000008017494                alt_find_dev
 .text          0x0000000008017524       0xbc ../USB_functioning_bsp/\libhal_bsp.a(alt_flash_dev.o)
                0x0000000008017524                alt_flash_open_dev
                0x000000000801758c                alt_flash_close_dev
 .text          0x00000000080175e0       0x34 ../USB_functioning_bsp/\libhal_bsp.a(alt_icache_flush_all.o)
                0x00000000080175e0                alt_icache_flush_all
 .text          0x0000000008017614      0x140 ../USB_functioning_bsp/\libhal_bsp.a(alt_io_redirect.o)
                0x00000000080176d8                alt_io_redirect
 .text          0x0000000008017754      0x180 ../USB_functioning_bsp/\libhal_bsp.a(alt_irq_register.o)
                0x0000000008017754                alt_irq_register
 .text          0x00000000080178d4        0x0 ../USB_functioning_bsp/\libhal_bsp.a(alt_irq_vars.o)
 .text          0x00000000080178d4      0x254 ../USB_functioning_bsp/\libhal_bsp.a(alt_open.o)
                0x00000000080179d4                open
 .text          0x0000000008017b28       0x24 ../USB_functioning_bsp/\libhal_bsp.a(altera_nios2_gen2_irq.o)
                0x0000000008017b28                altera_nios2_gen2_irq_init
 .text          0x0000000008017b4c      0x460 ../USB_functioning_bsp/\libhal_bsp.a(altera_avalon_cfi_flash_amd.o)
                0x0000000008017b4c                alt_program_amd
                0x0000000008017bb4                alt_erase_block_amd
 .text          0x0000000008017fac      0x45c ../USB_functioning_bsp/\libhal_bsp.a(altera_avalon_cfi_flash_intel.o)
                0x0000000008017fac                alt_program_intel
                0x000000000801802c                alt_erase_block_intel
 .text          0x0000000008018408      0x108 ../USB_functioning_bsp/\libhal_bsp.a(alt_find_file.o)
                0x0000000008018408                alt_find_file
 .text          0x0000000008018510       0xa4 ../USB_functioning_bsp/\libhal_bsp.a(alt_get_fd.o)
                0x0000000008018510                alt_get_fd
 .text          0x00000000080185b4       0x90 ../USB_functioning_bsp/\libhal_bsp.a(alt_icache_flush.o)
                0x00000000080185b4                alt_icache_flush
 .text          0x0000000008018644        0x0 ../USB_functioning_bsp/\libhal_bsp.a(alt_irq_entry.o)
 .text          0x0000000008018644        0x0 ../USB_functioning_bsp/\libhal_bsp.a(alt_irq_handler.o)
 .text          0x0000000008018644        0x0 ../USB_functioning_bsp/\libhal_bsp.a(alt_exception_entry.o)
 .text          0x0000000008018644       0x9c ../USB_functioning_bsp/\libhal_bsp.a(alt_instruction_exception_entry.o)
                0x0000000008018644                alt_exception_cause_generated_bad_addr
 .text          0x00000000080186e0        0x0 c:/intelfpga/17.1/nios2eds/bin/gnu/h-x86_64-mingw32/bin/../lib/gcc/nios2-elf/5.3.0/../../../../../H-x86_64-mingw32/nios2-elf/lib\libc.a(lib_a-atexit.o)
 .text.atexit   0x00000000080186e0       0x14 c:/intelfpga/17.1/nios2eds/bin/gnu/h-x86_64-mingw32/bin/../lib/gcc/nios2-elf/5.3.0/../../../../../H-x86_64-mingw32/nios2-elf/lib\libc.a(lib_a-atexit.o)
                0x00000000080186e0                atexit
 .text          0x00000000080186f4        0x0 c:/intelfpga/17.1/nios2eds/bin/gnu/h-x86_64-mingw32/bin/../lib/gcc/nios2-elf/5.3.0/../../../../../H-x86_64-mingw32/nios2-elf/lib\libc.a(lib_a-exit.o)
 .text.exit     0x00000000080186f4       0x38 c:/intelfpga/17.1/nios2eds/bin/gnu/h-x86_64-mingw32/bin/../lib/gcc/nios2-elf/5.3.0/../../../../../H-x86_64-mingw32/nios2-elf/lib\libc.a(lib_a-exit.o)
                0x00000000080186f4                exit
 .text          0x000000000801872c        0x0 c:/intelfpga/17.1/nios2eds/bin/gnu/h-x86_64-mingw32/bin/../lib/gcc/nios2-elf/5.3.0/../../../../../H-x86_64-mingw32/nios2-elf/lib\libc.a(lib_a-memcmp.o)
 .text.memcmp   0x000000000801872c       0x7c c:/intelfpga/17.1/nios2eds/bin/gnu/h-x86_64-mingw32/bin/../lib/gcc/nios2-elf/5.3.0/../../../../../H-x86_64-mingw32/nios2-elf/lib\libc.a(lib_a-memcmp.o)
                0x000000000801872c                memcmp
 .text          0x00000000080187a8        0x0 c:/intelfpga/17.1/nios2eds/bin/gnu/h-x86_64-mingw32/bin/../lib/gcc/nios2-elf/5.3.0/../../../../../H-x86_64-mingw32/nios2-elf/lib\libc.a(lib_a-__atexit.o)
 .text.__register_exitproc
                0x00000000080187a8      0x118 c:/intelfpga/17.1/nios2eds/bin/gnu/h-x86_64-mingw32/bin/../lib/gcc/nios2-elf/5.3.0/../../../../../H-x86_64-mingw32/nios2-elf/lib\libc.a(lib_a-__atexit.o)
                0x00000000080187a8                __register_exitproc
 .text          0x00000000080188c0        0x0 c:/intelfpga/17.1/nios2eds/bin/gnu/h-x86_64-mingw32/bin/../lib/gcc/nios2-elf/5.3.0/../../../../../H-x86_64-mingw32/nios2-elf/lib\libc.a(lib_a-__call_atexit.o)
 .text.__call_exitprocs
                0x00000000080188c0      0x180 c:/intelfpga/17.1/nios2eds/bin/gnu/h-x86_64-mingw32/bin/../lib/gcc/nios2-elf/5.3.0/../../../../../H-x86_64-mingw32/nios2-elf/lib\libc.a(lib_a-__call_atexit.o)
                0x00000000080188c0                __call_exitprocs
 .text          0x0000000008018a40       0x34 ../USB_functioning_bsp/\libhal_bsp.a(alt_exit.o)
                0x0000000008018a40                _exit
 *(.gnu.warning.*)
 *(.fini)
                [!provide]                        PROVIDE (__etext, ABSOLUTE (.))
                [!provide]                        PROVIDE (_etext, ABSOLUTE (.))
                [!provide]                        PROVIDE (etext, ABSOLUTE (.))
 *(.eh_frame_hdr)
                0x0000000008018a74                . = ALIGN (0x4)
                [!provide]                        PROVIDE (__preinit_array_start, ABSOLUTE (.))
 *(.preinit_array)
                [!provide]                        PROVIDE (__preinit_array_end, ABSOLUTE (.))
                [!provide]                        PROVIDE (__init_array_start, ABSOLUTE (.))
 *(.init_array)
                [!provide]                        PROVIDE (__init_array_end, ABSOLUTE (.))
                [!provide]                        PROVIDE (__fini_array_start, ABSOLUTE (.))
 *(.fini_array)
                [!provide]                        PROVIDE (__fini_array_end, ABSOLUTE (.))
 *(.eh_frame)
 *(.gcc_except_table .gcc_except_table.*)
 *(.dynamic)
                0x0000000008018a74                PROVIDE (__CTOR_LIST__, ABSOLUTE (.))
 *(.ctors)
 *(SORT(.ctors.*))
                0x0000000008018a74                PROVIDE (__CTOR_END__, ABSOLUTE (.))
                0x0000000008018a74                PROVIDE (__DTOR_LIST__, ABSOLUTE (.))
 *(.dtors)
 *(SORT(.dtors.*))
                0x0000000008018a74                PROVIDE (__DTOR_END__, ABSOLUTE (.))
 *(.jcr)
                0x0000000008018a74                . = ALIGN (0x4)

.rodata         0x0000000008018a74      0xb20
                0x0000000008018a74                PROVIDE (__ram_rodata_start, ABSOLUTE (.))
                0x0000000008018a74                . = ALIGN (0x4)
 *(.rodata .rodata.* .gnu.linkonce.r.*)
 .rodata        0x0000000008018a74      0x1c0 obj/default/cy7c67200_device/usb_device.o
 .rodata        0x0000000008018c34      0x4ab obj/default/cy7c67200_device/usb_device_control.o
 *fill*         0x00000000080190df        0x1 
 .rodata        0x00000000080190e0       0x64 obj/default/main.o
 .rodata.str1.4
                0x0000000008019144        0x2 c:/intelfpga/17.1/nios2eds/bin/gnu/h-x86_64-mingw32/bin/../lib/gcc/nios2-elf/5.3.0/../../../../../H-x86_64-mingw32/nios2-elf/lib\libc.a(lib_a-puts.o)
 *fill*         0x0000000008019146        0x2 
 .rodata.str1.4
                0x0000000008019148       0x42 c:/intelfpga/17.1/nios2eds/bin/gnu/h-x86_64-mingw32/bin/../lib/gcc/nios2-elf/5.3.0/../../../../../H-x86_64-mingw32/nios2-elf/lib\libc.a(lib_a-vfprintf.o)
 .rodata.zeroes.4404
                0x000000000801918a       0x10 c:/intelfpga/17.1/nios2eds/bin/gnu/h-x86_64-mingw32/bin/../lib/gcc/nios2-elf/5.3.0/../../../../../H-x86_64-mingw32/nios2-elf/lib\libc.a(lib_a-vfprintf.o)
 .rodata.blanks.4403
                0x000000000801919a       0x10 c:/intelfpga/17.1/nios2eds/bin/gnu/h-x86_64-mingw32/bin/../lib/gcc/nios2-elf/5.3.0/../../../../../H-x86_64-mingw32/nios2-elf/lib\libc.a(lib_a-vfprintf.o)
 *fill*         0x00000000080191aa        0x2 
 .rodata.str1.4
                0x00000000080191ac       0x10 c:/intelfpga/17.1/nios2eds/bin/gnu/h-x86_64-mingw32/bin/../lib/gcc/nios2-elf/5.3.0/../../../../../H-x86_64-mingw32/nios2-elf/lib\libc.a(lib_a-dtoa.o)
                                         0x12 (size before relaxing)
 .rodata.str1.4
                0x00000000080191bc        0x2 c:/intelfpga/17.1/nios2eds/bin/gnu/h-x86_64-mingw32/bin/../lib/gcc/nios2-elf/5.3.0/../../../../../H-x86_64-mingw32/nios2-elf/lib\libc.a(lib_a-impure.o)
 *fill*         0x00000000080191be        0x2 
 .rodata.str1.4
                0x00000000080191c0        0xc c:/intelfpga/17.1/nios2eds/bin/gnu/h-x86_64-mingw32/bin/../lib/gcc/nios2-elf/5.3.0/../../../../../H-x86_64-mingw32/nios2-elf/lib\libc.a(lib_a-locale.o)
                                         0x12 (size before relaxing)
 .rodata.p05.2768
                0x00000000080191cc        0xc c:/intelfpga/17.1/nios2eds/bin/gnu/h-x86_64-mingw32/bin/../lib/gcc/nios2-elf/5.3.0/../../../../../H-x86_64-mingw32/nios2-elf/lib\libc.a(lib_a-mprec.o)
 .rodata.__mprec_tinytens
                0x00000000080191d8       0x28 c:/intelfpga/17.1/nios2eds/bin/gnu/h-x86_64-mingw32/bin/../lib/gcc/nios2-elf/5.3.0/../../../../../H-x86_64-mingw32/nios2-elf/lib\libc.a(lib_a-mprec.o)
                0x00000000080191d8                __mprec_tinytens
 .rodata.__mprec_bigtens
                0x0000000008019200       0x28 c:/intelfpga/17.1/nios2eds/bin/gnu/h-x86_64-mingw32/bin/../lib/gcc/nios2-elf/5.3.0/../../../../../H-x86_64-mingw32/nios2-elf/lib\libc.a(lib_a-mprec.o)
                0x0000000008019200                __mprec_bigtens
 .rodata.__mprec_tens
                0x0000000008019228       0xc8 c:/intelfpga/17.1/nios2eds/bin/gnu/h-x86_64-mingw32/bin/../lib/gcc/nios2-elf/5.3.0/../../../../../H-x86_64-mingw32/nios2-elf/lib\libc.a(lib_a-mprec.o)
                0x0000000008019228                __mprec_tens
 .rodata.str1.4
                0x00000000080192f0       0x2f c:/intelfpga/17.1/nios2eds/bin/gnu/h-x86_64-mingw32/bin/../lib/gcc/nios2-elf/5.3.0/../../../../../H-x86_64-mingw32/nios2-elf/lib\libc.a(lib_a-vfiprintf.o)
 .rodata.zeroes.4349
                0x00000000080192f0       0x10 c:/intelfpga/17.1/nios2eds/bin/gnu/h-x86_64-mingw32/bin/../lib/gcc/nios2-elf/5.3.0/../../../../../H-x86_64-mingw32/nios2-elf/lib\libc.a(lib_a-vfiprintf.o)
 .rodata.blanks.4348
                0x0000000008019300       0x10 c:/intelfpga/17.1/nios2eds/bin/gnu/h-x86_64-mingw32/bin/../lib/gcc/nios2-elf/5.3.0/../../../../../H-x86_64-mingw32/nios2-elf/lib\libc.a(lib_a-vfiprintf.o)
 .rodata        0x0000000008019310      0x100 c:/intelfpga/17.1/nios2eds/bin/gnu/h-x86_64-mingw32/bin/../lib/gcc/nios2-elf/5.3.0\libgcc.a(_clz.o)
                0x0000000008019310                __clz_tab
 .rodata        0x0000000008019410        0xa ../USB_functioning_bsp/\libhal_bsp.a(alt_dev.o)
 *fill*         0x000000000801941a        0x2 
 .rodata        0x000000000801941c        0xf ../USB_functioning_bsp/\libhal_bsp.a(alt_main.o)
 *fill*         0x000000000801942b        0x1 
 .rodata        0x000000000801942c      0x149 ../USB_functioning_bsp/\libhal_bsp.a(alt_sys_init.o)
 *fill*         0x0000000008019575        0x3 
 .rodata        0x0000000008019578       0x1a ../USB_functioning_bsp/\libhal_bsp.a(altera_up_avalon_video_character_buffer_with_dma.o)
 *(.rodata1)
                0x0000000008019594                . = ALIGN (0x4)
 *fill*         0x0000000008019592        0x2 
                0x0000000008019594                PROVIDE (__ram_rodata_end, ABSOLUTE (.))
                0x0000000008018a74                PROVIDE (__flash_rodata_start, LOADADDR (.rodata))

.rwdata         0x0000000008019594     0x206c load address 0x000000000801b600
                0x0000000008019594                PROVIDE (__ram_rwdata_start, ABSOLUTE (.))
                0x0000000008019594                . = ALIGN (0x4)
 *(.got.plt)
 *(.got)
 *(.data1)
 *(.data .data.* .gnu.linkonce.d.*)
 .data          0x0000000008019594        0x0 ../USB_functioning_bsp//obj/HAL/src/crt0.o
 .data          0x0000000008019594        0x0 obj/default/cy7c67200_device/usb_device.o
 .data          0x0000000008019594        0x0 obj/default/cy7c67200_device/usb_device_control.o
 .data          0x0000000008019594        0x0 obj/default/cy7c67200_device/usb_hal.o
 .data          0x0000000008019594      0x1a2 obj/default/main.o
 .data          0x0000000008019736        0x0 c:/intelfpga/17.1/nios2eds/bin/gnu/h-x86_64-mingw32/bin/../lib/gcc/nios2-elf/5.3.0\libgcc.a(lib2-divmod.o)
 .data          0x0000000008019736        0x0 c:/intelfpga/17.1/nios2eds/bin/gnu/h-x86_64-mingw32/bin/../lib/gcc/nios2-elf/5.3.0/../../../../../H-x86_64-mingw32/nios2-elf/lib\libc.a(lib_a-malloc.o)
 .data          0x0000000008019736        0x0 c:/intelfpga/17.1/nios2eds/bin/gnu/h-x86_64-mingw32/bin/../lib/gcc/nios2-elf/5.3.0/../../../../../H-x86_64-mingw32/nios2-elf/lib\libc.a(lib_a-mallocr.o)
 *fill*         0x0000000008019736        0x2 
 .data.__malloc_av_
                0x0000000008019738      0x408 c:/intelfpga/17.1/nios2eds/bin/gnu/h-x86_64-mingw32/bin/../lib/gcc/nios2-elf/5.3.0/../../../../../H-x86_64-mingw32/nios2-elf/lib\libc.a(lib_a-mallocr.o)
                0x0000000008019738                __malloc_av_
 .data          0x0000000008019b40        0x0 c:/intelfpga/17.1/nios2eds/bin/gnu/h-x86_64-mingw32/bin/../lib/gcc/nios2-elf/5.3.0/../../../../../H-x86_64-mingw32/nios2-elf/lib\libc.a(lib_a-printf.o)
 .data          0x0000000008019b40        0x0 c:/intelfpga/17.1/nios2eds/bin/gnu/h-x86_64-mingw32/bin/../lib/gcc/nios2-elf/5.3.0/../../../../../H-x86_64-mingw32/nios2-elf/lib\libc.a(lib_a-puts.o)
 .data          0x0000000008019b40        0x0 c:/intelfpga/17.1/nios2eds/bin/gnu/h-x86_64-mingw32/bin/../lib/gcc/nios2-elf/5.3.0/../../../../../H-x86_64-mingw32/nios2-elf/lib\libc.a(lib_a-sbrkr.o)
 .data          0x0000000008019b40        0x0 c:/intelfpga/17.1/nios2eds/bin/gnu/h-x86_64-mingw32/bin/../lib/gcc/nios2-elf/5.3.0/../../../../../H-x86_64-mingw32/nios2-elf/lib\libc.a(lib_a-strlen.o)
 .data          0x0000000008019b40        0x0 c:/intelfpga/17.1/nios2eds/bin/gnu/h-x86_64-mingw32/bin/../lib/gcc/nios2-elf/5.3.0/../../../../../H-x86_64-mingw32/nios2-elf/lib\libc.a(lib_a-vfprintf.o)
 .data          0x0000000008019b40        0x0 c:/intelfpga/17.1/nios2eds/bin/gnu/h-x86_64-mingw32/bin/../lib/gcc/nios2-elf/5.3.0/../../../../../H-x86_64-mingw32/nios2-elf/lib\libc.a(lib_a-wsetup.o)
 .data          0x0000000008019b40        0x0 c:/intelfpga/17.1/nios2eds/bin/gnu/h-x86_64-mingw32/bin/../lib/gcc/nios2-elf/5.3.0/../../../../../H-x86_64-mingw32/nios2-elf/lib\libc.a(lib_a-dtoa.o)
 .data          0x0000000008019b40        0x0 c:/intelfpga/17.1/nios2eds/bin/gnu/h-x86_64-mingw32/bin/../lib/gcc/nios2-elf/5.3.0/../../../../../H-x86_64-mingw32/nios2-elf/lib\libc.a(lib_a-fflush.o)
 .data          0x0000000008019b40        0x0 c:/intelfpga/17.1/nios2eds/bin/gnu/h-x86_64-mingw32/bin/../lib/gcc/nios2-elf/5.3.0/../../../../../H-x86_64-mingw32/nios2-elf/lib\libc.a(lib_a-findfp.o)
 .data          0x0000000008019b40        0x0 c:/intelfpga/17.1/nios2eds/bin/gnu/h-x86_64-mingw32/bin/../lib/gcc/nios2-elf/5.3.0/../../../../../H-x86_64-mingw32/nios2-elf/lib\libc.a(lib_a-freer.o)
 .data          0x0000000008019b40        0x0 c:/intelfpga/17.1/nios2eds/bin/gnu/h-x86_64-mingw32/bin/../lib/gcc/nios2-elf/5.3.0/../../../../../H-x86_64-mingw32/nios2-elf/lib\libc.a(lib_a-fvwrite.o)
 .data          0x0000000008019b40        0x0 c:/intelfpga/17.1/nios2eds/bin/gnu/h-x86_64-mingw32/bin/../lib/gcc/nios2-elf/5.3.0/../../../../../H-x86_64-mingw32/nios2-elf/lib\libc.a(lib_a-fwalk.o)
 .data          0x0000000008019b40        0x0 c:/intelfpga/17.1/nios2eds/bin/gnu/h-x86_64-mingw32/bin/../lib/gcc/nios2-elf/5.3.0/../../../../../H-x86_64-mingw32/nios2-elf/lib\libc.a(lib_a-impure.o)
 .data.impure_data
                0x0000000008019b40      0x424 c:/intelfpga/17.1/nios2eds/bin/gnu/h-x86_64-mingw32/bin/../lib/gcc/nios2-elf/5.3.0/../../../../../H-x86_64-mingw32/nios2-elf/lib\libc.a(lib_a-impure.o)
 .data          0x0000000008019f64        0x0 c:/intelfpga/17.1/nios2eds/bin/gnu/h-x86_64-mingw32/bin/../lib/gcc/nios2-elf/5.3.0/../../../../../H-x86_64-mingw32/nios2-elf/lib\libc.a(lib_a-int_errno.o)
 .data          0x0000000008019f64        0x0 c:/intelfpga/17.1/nios2eds/bin/gnu/h-x86_64-mingw32/bin/../lib/gcc/nios2-elf/5.3.0/../../../../../H-x86_64-mingw32/nios2-elf/lib\libc.a(lib_a-locale.o)
 .data.lc_message_charset
                0x0000000008019f64       0x20 c:/intelfpga/17.1/nios2eds/bin/gnu/h-x86_64-mingw32/bin/../lib/gcc/nios2-elf/5.3.0/../../../../../H-x86_64-mingw32/nios2-elf/lib\libc.a(lib_a-locale.o)
 .data.lc_ctype_charset
                0x0000000008019f84       0x20 c:/intelfpga/17.1/nios2eds/bin/gnu/h-x86_64-mingw32/bin/../lib/gcc/nios2-elf/5.3.0/../../../../../H-x86_64-mingw32/nios2-elf/lib\libc.a(lib_a-locale.o)
 .data.lconv    0x0000000008019fa4       0x38 c:/intelfpga/17.1/nios2eds/bin/gnu/h-x86_64-mingw32/bin/../lib/gcc/nios2-elf/5.3.0/../../../../../H-x86_64-mingw32/nios2-elf/lib\libc.a(lib_a-locale.o)
 .data          0x0000000008019fdc        0x0 c:/intelfpga/17.1/nios2eds/bin/gnu/h-x86_64-mingw32/bin/../lib/gcc/nios2-elf/5.3.0/../../../../../H-x86_64-mingw32/nios2-elf/lib\libc.a(lib_a-makebuf.o)
 .data          0x0000000008019fdc        0x0 c:/intelfpga/17.1/nios2eds/bin/gnu/h-x86_64-mingw32/bin/../lib/gcc/nios2-elf/5.3.0/../../../../../H-x86_64-mingw32/nios2-elf/lib\libc.a(lib_a-memchr.o)
 .data          0x0000000008019fdc        0x0 c:/intelfpga/17.1/nios2eds/bin/gnu/h-x86_64-mingw32/bin/../lib/gcc/nios2-elf/5.3.0/../../../../../H-x86_64-mingw32/nios2-elf/lib\libc.a(lib_a-memcpy.o)
 .data          0x0000000008019fdc        0x0 c:/intelfpga/17.1/nios2eds/bin/gnu/h-x86_64-mingw32/bin/../lib/gcc/nios2-elf/5.3.0/../../../../../H-x86_64-mingw32/nios2-elf/lib\libc.a(lib_a-memmove.o)
 .data          0x0000000008019fdc        0x0 c:/intelfpga/17.1/nios2eds/bin/gnu/h-x86_64-mingw32/bin/../lib/gcc/nios2-elf/5.3.0/../../../../../H-x86_64-mingw32/nios2-elf/lib\libc.a(lib_a-memset.o)
 .data          0x0000000008019fdc        0x0 c:/intelfpga/17.1/nios2eds/bin/gnu/h-x86_64-mingw32/bin/../lib/gcc/nios2-elf/5.3.0/../../../../../H-x86_64-mingw32/nios2-elf/lib\libc.a(lib_a-mprec.o)
 .data          0x0000000008019fdc        0x0 c:/intelfpga/17.1/nios2eds/bin/gnu/h-x86_64-mingw32/bin/../lib/gcc/nios2-elf/5.3.0/../../../../../H-x86_64-mingw32/nios2-elf/lib\libc.a(lib_a-reallocr.o)
 .data          0x0000000008019fdc        0x0 c:/intelfpga/17.1/nios2eds/bin/gnu/h-x86_64-mingw32/bin/../lib/gcc/nios2-elf/5.3.0/../../../../../H-x86_64-mingw32/nios2-elf/lib\libc.a(lib_a-s_fpclassify.o)
 .data          0x0000000008019fdc        0x0 c:/intelfpga/17.1/nios2eds/bin/gnu/h-x86_64-mingw32/bin/../lib/gcc/nios2-elf/5.3.0/../../../../../H-x86_64-mingw32/nios2-elf/lib\libc.a(lib_a-stdio.o)
 .data          0x0000000008019fdc        0x0 c:/intelfpga/17.1/nios2eds/bin/gnu/h-x86_64-mingw32/bin/../lib/gcc/nios2-elf/5.3.0/../../../../../H-x86_64-mingw32/nios2-elf/lib\libc.a(lib_a-strcmp.o)
 .data          0x0000000008019fdc        0x0 c:/intelfpga/17.1/nios2eds/bin/gnu/h-x86_64-mingw32/bin/../lib/gcc/nios2-elf/5.3.0/../../../../../H-x86_64-mingw32/nios2-elf/lib\libc.a(lib_a-vfiprintf.o)
 .data          0x0000000008019fdc        0x0 c:/intelfpga/17.1/nios2eds/bin/gnu/h-x86_64-mingw32/bin/../lib/gcc/nios2-elf/5.3.0/../../../../../H-x86_64-mingw32/nios2-elf/lib\libc.a(lib_a-writer.o)
 .data          0x0000000008019fdc        0x0 c:/intelfpga/17.1/nios2eds/bin/gnu/h-x86_64-mingw32/bin/../lib/gcc/nios2-elf/5.3.0/../../../../../H-x86_64-mingw32/nios2-elf/lib\libc.a(closer.o)
 .data          0x0000000008019fdc        0x0 c:/intelfpga/17.1/nios2eds/bin/gnu/h-x86_64-mingw32/bin/../lib/gcc/nios2-elf/5.3.0/../../../../../H-x86_64-mingw32/nios2-elf/lib\libc.a(lib_a-callocr.o)
 .data          0x0000000008019fdc        0x0 c:/intelfpga/17.1/nios2eds/bin/gnu/h-x86_64-mingw32/bin/../lib/gcc/nios2-elf/5.3.0/../../../../../H-x86_64-mingw32/nios2-elf/lib\libc.a(lib_a-fclose.o)
 .data          0x0000000008019fdc        0x0 c:/intelfpga/17.1/nios2eds/bin/gnu/h-x86_64-mingw32/bin/../lib/gcc/nios2-elf/5.3.0/../../../../../H-x86_64-mingw32/nios2-elf/lib\libc.a(lib_a-fputwc.o)
 .data          0x0000000008019fdc        0x0 c:/intelfpga/17.1/nios2eds/bin/gnu/h-x86_64-mingw32/bin/../lib/gcc/nios2-elf/5.3.0/../../../../../H-x86_64-mingw32/nios2-elf/lib\libc.a(lib_a-fstatr.o)
 .data          0x0000000008019fdc        0x0 c:/intelfpga/17.1/nios2eds/bin/gnu/h-x86_64-mingw32/bin/../lib/gcc/nios2-elf/5.3.0/../../../../../H-x86_64-mingw32/nios2-elf/lib\libc.a(lib_a-isattyr.o)
 .data          0x0000000008019fdc        0x0 c:/intelfpga/17.1/nios2eds/bin/gnu/h-x86_64-mingw32/bin/../lib/gcc/nios2-elf/5.3.0/../../../../../H-x86_64-mingw32/nios2-elf/lib\libc.a(lib_a-lseekr.o)
 .data          0x0000000008019fdc        0x0 c:/intelfpga/17.1/nios2eds/bin/gnu/h-x86_64-mingw32/bin/../lib/gcc/nios2-elf/5.3.0/../../../../../H-x86_64-mingw32/nios2-elf/lib\libc.a(lib_a-readr.o)
 .data          0x0000000008019fdc        0x0 c:/intelfpga/17.1/nios2eds/bin/gnu/h-x86_64-mingw32/bin/../lib/gcc/nios2-elf/5.3.0/../../../../../H-x86_64-mingw32/nios2-elf/lib\libc.a(lib_a-wbuf.o)
 .data          0x0000000008019fdc        0x0 c:/intelfpga/17.1/nios2eds/bin/gnu/h-x86_64-mingw32/bin/../lib/gcc/nios2-elf/5.3.0/../../../../../H-x86_64-mingw32/nios2-elf/lib\libc.a(lib_a-wcrtomb.o)
 .data          0x0000000008019fdc        0x0 c:/intelfpga/17.1/nios2eds/bin/gnu/h-x86_64-mingw32/bin/../lib/gcc/nios2-elf/5.3.0/../../../../../H-x86_64-mingw32/nios2-elf/lib\libc.a(lib_a-wctomb_r.o)
 .data          0x0000000008019fdc        0x0 c:/intelfpga/17.1/nios2eds/bin/gnu/h-x86_64-mingw32/bin/../lib/gcc/nios2-elf/5.3.0\libgcc.a(_udivdi3.o)
 .data          0x0000000008019fdc        0x0 c:/intelfpga/17.1/nios2eds/bin/gnu/h-x86_64-mingw32/bin/../lib/gcc/nios2-elf/5.3.0\libgcc.a(_umoddi3.o)
 .data          0x0000000008019fdc        0x0 c:/intelfpga/17.1/nios2eds/bin/gnu/h-x86_64-mingw32/bin/../lib/gcc/nios2-elf/5.3.0\libgcc.a(adddf3.o)
 .data          0x0000000008019fdc        0x0 c:/intelfpga/17.1/nios2eds/bin/gnu/h-x86_64-mingw32/bin/../lib/gcc/nios2-elf/5.3.0\libgcc.a(divdf3.o)
 .data          0x0000000008019fdc        0x0 c:/intelfpga/17.1/nios2eds/bin/gnu/h-x86_64-mingw32/bin/../lib/gcc/nios2-elf/5.3.0\libgcc.a(eqdf2.o)
 .data          0x0000000008019fdc        0x0 c:/intelfpga/17.1/nios2eds/bin/gnu/h-x86_64-mingw32/bin/../lib/gcc/nios2-elf/5.3.0\libgcc.a(gedf2.o)
 .data          0x0000000008019fdc        0x0 c:/intelfpga/17.1/nios2eds/bin/gnu/h-x86_64-mingw32/bin/../lib/gcc/nios2-elf/5.3.0\libgcc.a(ledf2.o)
 .data          0x0000000008019fdc        0x0 c:/intelfpga/17.1/nios2eds/bin/gnu/h-x86_64-mingw32/bin/../lib/gcc/nios2-elf/5.3.0\libgcc.a(muldf3.o)
 .data          0x0000000008019fdc        0x0 c:/intelfpga/17.1/nios2eds/bin/gnu/h-x86_64-mingw32/bin/../lib/gcc/nios2-elf/5.3.0\libgcc.a(subdf3.o)
 .data          0x0000000008019fdc        0x0 c:/intelfpga/17.1/nios2eds/bin/gnu/h-x86_64-mingw32/bin/../lib/gcc/nios2-elf/5.3.0\libgcc.a(fixdfsi.o)
 .data          0x0000000008019fdc        0x0 c:/intelfpga/17.1/nios2eds/bin/gnu/h-x86_64-mingw32/bin/../lib/gcc/nios2-elf/5.3.0\libgcc.a(floatsidf.o)
 .data          0x0000000008019fdc        0x0 c:/intelfpga/17.1/nios2eds/bin/gnu/h-x86_64-mingw32/bin/../lib/gcc/nios2-elf/5.3.0\libgcc.a(floatunsidf.o)
 .data          0x0000000008019fdc        0x0 c:/intelfpga/17.1/nios2eds/bin/gnu/h-x86_64-mingw32/bin/../lib/gcc/nios2-elf/5.3.0\libgcc.a(_clz.o)
 .data          0x0000000008019fdc        0x0 c:/intelfpga/17.1/nios2eds/bin/gnu/h-x86_64-mingw32/bin/../lib/gcc/nios2-elf/5.3.0\libgcc.a(_clzsi2.o)
 .data          0x0000000008019fdc        0x0 ../USB_functioning_bsp/\libhal_bsp.a(alt_close.o)
 .data          0x0000000008019fdc      0x1a8 ../USB_functioning_bsp/\libhal_bsp.a(alt_dev.o)
                0x0000000008019fdc                alt_dev_null
                0x000000000801a004                alt_fd_list
 .data          0x000000000801a184        0x0 ../USB_functioning_bsp/\libhal_bsp.a(alt_errno.o)
 .data          0x000000000801a184        0x0 ../USB_functioning_bsp/\libhal_bsp.a(alt_fstat.o)
 .data          0x000000000801a184        0x0 ../USB_functioning_bsp/\libhal_bsp.a(alt_isatty.o)
 .data          0x000000000801a184        0x0 ../USB_functioning_bsp/\libhal_bsp.a(alt_load.o)
 .data          0x000000000801a184        0x0 ../USB_functioning_bsp/\libhal_bsp.a(alt_lseek.o)
 .data          0x000000000801a184        0x0 ../USB_functioning_bsp/\libhal_bsp.a(alt_main.o)
 .data          0x000000000801a184        0x0 ../USB_functioning_bsp/\libhal_bsp.a(alt_malloc_lock.o)
 .data          0x000000000801a184        0x0 ../USB_functioning_bsp/\libhal_bsp.a(alt_read.o)
 .data          0x000000000801a184        0x0 ../USB_functioning_bsp/\libhal_bsp.a(alt_release_fd.o)
 .data          0x000000000801a184        0x0 ../USB_functioning_bsp/\libhal_bsp.a(alt_sbrk.o)
 .data          0x000000000801a184        0x0 ../USB_functioning_bsp/\libhal_bsp.a(alt_tick.o)
 .data          0x000000000801a184        0x0 ../USB_functioning_bsp/\libhal_bsp.a(alt_usleep.o)
 .data          0x000000000801a184        0x0 ../USB_functioning_bsp/\libhal_bsp.a(alt_write.o)
 .data          0x000000000801a184     0x1434 ../USB_functioning_bsp/\libhal_bsp.a(alt_sys_init.o)
 .data          0x000000000801b5b8        0x0 ../USB_functioning_bsp/\libhal_bsp.a(Altera_UP_SD_Card_Avalon_Interface.o)
 .data          0x000000000801b5b8        0x0 ../USB_functioning_bsp/\libhal_bsp.a(altera_avalon_cfi_flash.o)
 .data          0x000000000801b5b8        0x0 ../USB_functioning_bsp/\libhal_bsp.a(altera_avalon_cfi_flash_table.o)
 .data          0x000000000801b5b8        0x0 ../USB_functioning_bsp/\libhal_bsp.a(altera_avalon_jtag_uart_fd.o)
 .data          0x000000000801b5b8        0x0 ../USB_functioning_bsp/\libhal_bsp.a(altera_avalon_jtag_uart_init.o)
 .data          0x000000000801b5b8        0x0 ../USB_functioning_bsp/\libhal_bsp.a(altera_avalon_jtag_uart_ioctl.o)
 .data          0x000000000801b5b8        0x0 ../USB_functioning_bsp/\libhal_bsp.a(altera_avalon_jtag_uart_read.o)
 .data          0x000000000801b5b8        0x0 ../USB_functioning_bsp/\libhal_bsp.a(altera_avalon_jtag_uart_write.o)
 .data          0x000000000801b5b8        0x0 ../USB_functioning_bsp/\libhal_bsp.a(altera_avalon_timer_sc.o)
 .data          0x000000000801b5b8        0x0 ../USB_functioning_bsp/\libhal_bsp.a(altera_up_avalon_character_lcd.o)
 .data          0x000000000801b5b8        0x0 ../USB_functioning_bsp/\libhal_bsp.a(altera_up_avalon_ps2.o)
 .data          0x000000000801b5b8        0x0 ../USB_functioning_bsp/\libhal_bsp.a(altera_up_avalon_rs232.o)
 .data          0x000000000801b5b8        0x0 ../USB_functioning_bsp/\libhal_bsp.a(altera_up_avalon_video_character_buffer_with_dma.o)
 .data          0x000000000801b5b8        0x0 ../USB_functioning_bsp/\libhal_bsp.a(alt_alarm_start.o)
 .data          0x000000000801b5b8        0x0 ../USB_functioning_bsp/\libhal_bsp.a(alt_busy_sleep.o)
 .data          0x000000000801b5b8        0x0 ../USB_functioning_bsp/\libhal_bsp.a(alt_dcache_flush.o)
 .data          0x000000000801b5b8        0x0 ../USB_functioning_bsp/\libhal_bsp.a(alt_dcache_flush_all.o)
 .data          0x000000000801b5b8        0x0 ../USB_functioning_bsp/\libhal_bsp.a(alt_dev_llist_insert.o)
 .data          0x000000000801b5b8        0x0 ../USB_functioning_bsp/\libhal_bsp.a(alt_do_ctors.o)
 .data          0x000000000801b5b8        0x0 ../USB_functioning_bsp/\libhal_bsp.a(alt_do_dtors.o)
 .data          0x000000000801b5b8        0x0 ../USB_functioning_bsp/\libhal_bsp.a(alt_find_dev.o)
 .data          0x000000000801b5b8        0x0 ../USB_functioning_bsp/\libhal_bsp.a(alt_flash_dev.o)
 .data          0x000000000801b5b8        0x0 ../USB_functioning_bsp/\libhal_bsp.a(alt_icache_flush_all.o)
 .data          0x000000000801b5b8        0x0 ../USB_functioning_bsp/\libhal_bsp.a(alt_io_redirect.o)
 .data          0x000000000801b5b8        0x0 ../USB_functioning_bsp/\libhal_bsp.a(alt_irq_register.o)
 .data          0x000000000801b5b8        0x0 ../USB_functioning_bsp/\libhal_bsp.a(alt_irq_vars.o)
 .data          0x000000000801b5b8        0x0 ../USB_functioning_bsp/\libhal_bsp.a(alt_open.o)
 .data          0x000000000801b5b8        0x0 ../USB_functioning_bsp/\libhal_bsp.a(altera_nios2_gen2_irq.o)
 .data          0x000000000801b5b8        0x0 ../USB_functioning_bsp/\libhal_bsp.a(altera_avalon_cfi_flash_amd.o)
 .data          0x000000000801b5b8        0x0 ../USB_functioning_bsp/\libhal_bsp.a(altera_avalon_cfi_flash_intel.o)
 .data          0x000000000801b5b8        0x0 ../USB_functioning_bsp/\libhal_bsp.a(alt_find_file.o)
 .data          0x000000000801b5b8        0x0 ../USB_functioning_bsp/\libhal_bsp.a(alt_get_fd.o)
 .data          0x000000000801b5b8        0x0 ../USB_functioning_bsp/\libhal_bsp.a(alt_icache_flush.o)
 .data          0x000000000801b5b8        0x0 ../USB_functioning_bsp/\libhal_bsp.a(alt_irq_entry.o)
 .data          0x000000000801b5b8        0x0 ../USB_functioning_bsp/\libhal_bsp.a(alt_irq_handler.o)
 .data          0x000000000801b5b8        0x0 ../USB_functioning_bsp/\libhal_bsp.a(alt_exception_entry.o)
 .data          0x000000000801b5b8        0x0 ../USB_functioning_bsp/\libhal_bsp.a(alt_instruction_exception_entry.o)
 .data          0x000000000801b5b8        0x0 c:/intelfpga/17.1/nios2eds/bin/gnu/h-x86_64-mingw32/bin/../lib/gcc/nios2-elf/5.3.0/../../../../../H-x86_64-mingw32/nios2-elf/lib\libc.a(lib_a-atexit.o)
 .data          0x000000000801b5b8        0x0 c:/intelfpga/17.1/nios2eds/bin/gnu/h-x86_64-mingw32/bin/../lib/gcc/nios2-elf/5.3.0/../../../../../H-x86_64-mingw32/nios2-elf/lib\libc.a(lib_a-exit.o)
 .data          0x000000000801b5b8        0x0 c:/intelfpga/17.1/nios2eds/bin/gnu/h-x86_64-mingw32/bin/../lib/gcc/nios2-elf/5.3.0/../../../../../H-x86_64-mingw32/nios2-elf/lib\libc.a(lib_a-memcmp.o)
 .data          0x000000000801b5b8        0x0 c:/intelfpga/17.1/nios2eds/bin/gnu/h-x86_64-mingw32/bin/../lib/gcc/nios2-elf/5.3.0/../../../../../H-x86_64-mingw32/nios2-elf/lib\libc.a(lib_a-__atexit.o)
 .data          0x000000000801b5b8        0x0 c:/intelfpga/17.1/nios2eds/bin/gnu/h-x86_64-mingw32/bin/../lib/gcc/nios2-elf/5.3.0/../../../../../H-x86_64-mingw32/nios2-elf/lib\libc.a(lib_a-__call_atexit.o)
 .data          0x000000000801b5b8        0x0 ../USB_functioning_bsp/\libhal_bsp.a(alt_exit.o)
                0x00000000080235b8                _gp = ABSOLUTE ((. + 0x8000))
                [!provide]                        PROVIDE (gp, _gp)
 *(.rwdata .rwdata.*)
 *(.sdata .sdata.* .gnu.linkonce.s.*)
 .sdata.__malloc_sbrk_base
                0x000000000801b5b8        0x4 c:/intelfpga/17.1/nios2eds/bin/gnu/h-x86_64-mingw32/bin/../lib/gcc/nios2-elf/5.3.0/../../../../../H-x86_64-mingw32/nios2-elf/lib\libc.a(lib_a-mallocr.o)
                0x000000000801b5b8                __malloc_sbrk_base
 .sdata.__malloc_trim_threshold
                0x000000000801b5bc        0x4 c:/intelfpga/17.1/nios2eds/bin/gnu/h-x86_64-mingw32/bin/../lib/gcc/nios2-elf/5.3.0/../../../../../H-x86_64-mingw32/nios2-elf/lib\libc.a(lib_a-mallocr.o)
                0x000000000801b5bc                __malloc_trim_threshold
 .sdata._global_impure_ptr
                0x000000000801b5c0        0x4 c:/intelfpga/17.1/nios2eds/bin/gnu/h-x86_64-mingw32/bin/../lib/gcc/nios2-elf/5.3.0/../../../../../H-x86_64-mingw32/nios2-elf/lib\libc.a(lib_a-impure.o)
                0x000000000801b5c0                _global_impure_ptr
 .sdata._impure_ptr
                0x000000000801b5c4        0x4 c:/intelfpga/17.1/nios2eds/bin/gnu/h-x86_64-mingw32/bin/../lib/gcc/nios2-elf/5.3.0/../../../../../H-x86_64-mingw32/nios2-elf/lib\libc.a(lib_a-impure.o)
                0x000000000801b5c4                _impure_ptr
 .sdata.__mb_cur_max
                0x000000000801b5c8        0x4 c:/intelfpga/17.1/nios2eds/bin/gnu/h-x86_64-mingw32/bin/../lib/gcc/nios2-elf/5.3.0/../../../../../H-x86_64-mingw32/nios2-elf/lib\libc.a(lib_a-locale.o)
                0x000000000801b5c8                __mb_cur_max
 .sdata.__wctomb
                0x000000000801b5cc        0x4 c:/intelfpga/17.1/nios2eds/bin/gnu/h-x86_64-mingw32/bin/../lib/gcc/nios2-elf/5.3.0/../../../../../H-x86_64-mingw32/nios2-elf/lib\libc.a(lib_a-wctomb_r.o)
                0x000000000801b5cc                __wctomb
 .sdata         0x000000000801b5d0       0x14 ../USB_functioning_bsp/\libhal_bsp.a(alt_dev.o)
                0x000000000801b5d0                alt_fs_list
                0x000000000801b5d8                alt_dev_list
                0x000000000801b5e0                alt_max_fd
 .sdata         0x000000000801b5e4        0x4 ../USB_functioning_bsp/\libhal_bsp.a(alt_errno.o)
                0x000000000801b5e4                alt_errno
 .sdata         0x000000000801b5e8        0x4 ../USB_functioning_bsp/\libhal_bsp.a(alt_sbrk.o)
 .sdata         0x000000000801b5ec        0x8 ../USB_functioning_bsp/\libhal_bsp.a(alt_tick.o)
                0x000000000801b5ec                alt_alarm_list
 .sdata         0x000000000801b5f4        0x8 ../USB_functioning_bsp/\libhal_bsp.a(alt_flash_dev.o)
                0x000000000801b5f4                alt_flash_dev_list
 .sdata         0x000000000801b5fc        0x4 ../USB_functioning_bsp/\libhal_bsp.a(alt_irq_vars.o)
                0x000000000801b5fc                alt_priority_mask
 *(.sdata2 .sdata2.* .gnu.linkonce.s2.*)
                0x000000000801b600                . = ALIGN (0x4)
                0x000000000801b600                _edata = ABSOLUTE (.)
                [!provide]                        PROVIDE (edata, ABSOLUTE (.))
                0x000000000801b600                PROVIDE (__ram_rwdata_end, ABSOLUTE (.))
                0x000000000801b600                PROVIDE (__flash_rwdata_start, LOADADDR (.rwdata))

.bss            0x000000000801d66c      0x714
                0x000000000801d66c                __bss_start = ABSOLUTE (.)
                [!provide]                        PROVIDE (__sbss_start, ABSOLUTE (.))
                [!provide]                        PROVIDE (___sbss_start, ABSOLUTE (.))
 *(.dynsbss)
 *(.sbss .sbss.* .gnu.linkonce.sb.*)
 .sbss          0x000000000801d66c        0x1 obj/default/cy7c67200_device/usb_device_control.o